Comment:  "%%% Bibtex comment"
Text:  "<newline><newline>"
Name.Class:  "@inproceedings"
Punctuation:  "{"
Name.Label:  "DBLP:conf/pldi/PadhiSM16"
Punctuation:  ","
Text:  "<newline>  "
Name.Attribute:  "author"
Text:  "    "
Punctuation:  "="
Text:  " "
Literal.String:  "{Saswat Padhi and<newline>               Rahul Sharma and<newline>               Todd D. Millstein}"
Punctuation:  ","
Text:  "<newline>  "
Name.Attribute:  "title"
Text:  "     "
Punctuation:  "="
Text:  " "
Literal.String:  "{Data-driven precondition inference with learned features}"
Punctuation:  ","
Text:  "<newline>  "
Name.Attribute:  "booktitle"
Text:  " "
Punctuation:  "="
Text:  " "
Literal.String:  "{Proceedings of the 37th {ACM} {SIGPLAN} Conference on Programming<newline>               Language Design and Implementation, {PLDI} 2016, Santa Barbara, CA,<newline>               USA, June 13-17, 2016}"
Punctuation:  ","
Text:  "<newline>  "
Name.Attribute:  "pages"
Text:  "     "
Punctuation:  "="
Text:  " "
Literal.String:  "{42--56}"
Punctuation:  ","
Text:  "<newline>  "
Name.Attribute:  "year"
Text:  "      "
Punctuation:  "="
Text:  " "
Literal.String:  "{2016}"
Punctuation:  ","
Text:  "<newline>  "
Name.Attribute:  "crossref"
Text:  "  "
Punctuation:  "="
Text:  " "
Literal.String:  "{DBLP:conf/pldi/2016}"
Punctuation:  ","
Text:  "<newline>  "
Name.Attribute:  "url"
Text:  "       "
Punctuation:  "="
Text:  " "
Literal.String:  "{https://doi.org/10.1145/2908080.2908099}"
Punctuation:  ","
Text:  "<newline>  "
Name.Attribute:  "doi"
Text:  "       "
Punctuation:  "="
Text:  " "
Literal.String:  "{10.1145/2908080.2908099}"
Punctuation:  ","
Text:  "<newline>  "
Name.Attribute:  "timestamp"
Text:  " "
Punctuation:  "="
Text:  " "
Literal.String:  "{Tue, 06 Nov 2018 16:59:30 +0100}"
Punctuation:  ","
Text:  "<newline>  "
Name.Attribute:  "biburl"
Text:  "    "
Punctuation:  "="
Text:  " "
Literal.String:  "{https://dblp.org/rec/bib/conf/pldi/PadhiSM16}"
Punctuation:  ","
Text:  "<newline>  "
Name.Attribute:  "bibsource"
Text:  " "
Punctuation:  "="
Text:  " "
Literal.String:  "{dblp computer science bibliography, https://dblp.org}"
Text:  "<newline>"
Punctuation:  "}"
Text:  "<newline><newline>"
Name.Class:  "@article"
Punctuation:  "{"
Name.Label:  "article"
Punctuation:  ","
Text:  "<newline>  "
Name.Attribute:  "author"
Text:  "  "
Punctuation:  "="
Text:  " "
Literal.String:  "{Peter Adams}"
Punctuation:  ","
Text:  "<newline>  "
Name.Attribute:  "title"
Text:  "   "
Punctuation:  "="
Text:  " "
Literal.String:  "{The title of the work}"
Punctuation:  ","
Text:  "<newline>  "
Name.Attribute:  "journal"
Text:  " "
Punctuation:  "="
Text:  " "
Literal.String:  "{The name of the journal}"
Punctuation:  ","
Text:  "<newline>  "
Name.Attribute:  "year"
Text:  "    "
Punctuation:  "="
Text:  " "
Literal.Number:  "1993"
Punctuation:  ","
Text:  "<newline>  "
Name.Attribute:  "number"
Text:  "  "
Punctuation:  "="
Text:  " "
Literal.Number:  "2"
Punctuation:  ","
Text:  "<newline>  "
Name.Attribute:  "pages"
Text:  "   "
Punctuation:  "="
Text:  " "
Literal.String:  "{201-213}"
Punctuation:  ","
Text:  "<newline>  "
Name.Attribute:  "month"
Text:  "   "
Punctuation:  "="
Text:  " "
Literal.Number:  "7"
Punctuation:  ","
Text:  "<newline>  "
Name.Attribute:  "note"
Text:  "    "
Punctuation:  "="
Text:  " "
Literal.String:  "{An optional note}"
Punctuation:  ","
Text:  "<newline>  "
Name.Attribute:  "volume"
Text:  "  "
Punctuation:  "="
Text:  " "
Literal.Number:  "4"
Text:  "<newline>"
Punctuation:  "}"
Text:  "<newline><newline>"
Name.Class:  "@MISC"
Punctuation:  "{"
Name.Label:  "WEBSITE:1"
Punctuation:  ","
Text:  "<newline>  "
Name.Attribute:  "HOWPUBLISHED"
Text:  " "
Punctuation:  "="
Text:  " "
Literal.String:  "\"\\url{http://example.com}\""
Punctuation:  ","
Text:  "<newline>  "
Name.Attribute:  "AUTHOR"
Text:  " "
Punctuation:  "="
Text:  " "
Literal.String:  "\"Intel\""
Punctuation:  ","
Text:  "<newline>  "
Name.Attribute:  "TITLE"
Text:  " "
Punctuation:  "="
Text:  " "
Literal.String:  "\"Example Website\""
Punctuation:  ","
Text:  "<newline>  "
Name.Attribute:  "MONTH"
Text:  " "
Punctuation:  "="
Text:  " "
Literal.String:  "\"Dec\""
Punctuation:  ","
Text:  "<newline>  "
Name.Attribute:  "YEAR"
Text:  " "
Punctuation:  "="
Text:  " "
Literal.String:  "\"1988\""
Punctuation:  ","
Text:  "<newline>  "
Name.Attribute:  "NOTE"
Text:  " "
Punctuation:  "="
Text:  " "
Literal.String:  "\"Accessed on 2012-11-11\""
Text:  "<newline>"
Punctuation:  "}"
Text:  "<newline><newline>"
Name.Class:  "@STRING"
Punctuation:  "("
Name.Attribute:  "PRL"
Punctuation:  "="
Literal.String:  "\"Phys. Rev. Lett.\""
Punctuation:  ")"
Text:  "<newline>"
Name.Class:  "@STRING"
Punctuation:  "("
Name.Attribute:  "RMP"
Punctuation:  "="
Literal.String:  "\"Rev. Mod. Phys.\""
Punctuation:  ")"
Text:  "<newline><newline>"
Name.Class:  "@ARTICLE"
Punctuation:  "{"
Name.Label:  "klitzing:nobel"
Punctuation:  ","
Text:  "<newline>   "
Name.Attribute:  "AUTHOR"
Punctuation:  "="
Literal.String:  "\"Klaus von Klitzing\""
Punctuation:  ","
Text:  "<newline>   "
Name.Attribute:  "TITLE"
Punctuation:  "="
Literal.String:  "\"The Quantised Hall Effect\""
Punctuation:  ","
Text:  "<newline>   "
Name.Attribute:  "JOURNAL"
Punctuation:  "="
Name.Variable:  "RMP"
Punctuation:  ","
Text:  "<newline>   "
Name.Attribute:  "VOLUME"
Punctuation:  "="
Literal.Number:  "58"
Punctuation:  ","
Text:  "<newline>   "
Name.Attribute:  "PAGES"
Punctuation:  "="
Literal.Number:  "519"
Punctuation:  ","
Text:  "<newline>   "
Name.Attribute:  "YEAR"
Punctuation:  "="
Literal.Number:  "1986"
Text:  "<newline>"
Punctuation:  "}"
Text:  "<newline><newline>"
Name.Class:  "@preamble"
Punctuation:  "{"
Text:  " "
Literal.String:  "\"<newline>ewcommand{\\mytext}{Last accessed:}\""
Text:  " "
Punctuation:  "}"
Text:  "<newline><newline>"
Name.Class:  "@ARTICLE"
Punctuation:  "{"
Name.Label:  "knuth:1974"
Punctuation:  ","
Text:  "<newline>  "
Name.Attribute:  "author"
Text:  " "
Punctuation:  "="
Text:  " "
Literal.String:  "{Knuth, Donald E.}"
Punctuation:  ","
Text:  "<newline>  "
Name.Attribute:  "title"
Text:  " "
Punctuation:  "="
Text:  " "
Literal.String:  "{{C}omputer {P}rogramming as an {A}rt}"
Punctuation:  ","
Text:  "<newline>  "
Name.Attribute:  "journal"
Text:  " "
Punctuation:  "="
Text:  " "
Literal.String:  "{Communications of the ACM}"
Punctuation:  ","
Text:  "<newline>  "
Name.Attribute:  "year"
Text:  " "
Punctuation:  "="
Text:  " "
Literal.String:  "{1974}"
Punctuation:  ","
Text:  "<newline>  "
Name.Attribute:  "volume"
Text:  " "
Punctuation:  "="
Text:  " "
Literal.String:  "{17}"
Punctuation:  ","
Text:  "<newline>  "
Name.Attribute:  "pages"
Text:  " "
Punctuation:  "="
Text:  " "
Literal.String:  "{667--673}"
Punctuation:  ","
Text:  "<newline>  "
Name.Attribute:  "number"
Text:  " "
Punctuation:  "="
Text:  " "
Literal.String:  "{12}"
Punctuation:  ","
Text:  "<newline>  "
Name.Attribute:  "month"
Text:  " "
Punctuation:  "="
Text:  " "
Literal.String:  "{December }"
Punctuation:  ","
Text:  "<newline>  "
Name.Attribute:  "address"
Text:  " "
Punctuation:  "="
Text:  " "
Literal.String:  "{New York, NY, USA}"
Punctuation:  ","
Text:  "<newline>  "
Name.Attribute:  "publisher"
Text:  " "
Punctuation:  "="
Text:  " "
Literal.String:  "{ACM Press}"
Punctuation:  ","
Text:  "<newline>  "
Name.Attribute:  "note"
Text:  " "
Punctuation:  "="
Text:  " "
Literal.String:  "{\\mytext{} 09/20/12}"
Text:  "<newline>"
Punctuation:  "}"
Text:  "<newline>"
