Name.Label:  "bpf_prog2"
Punctuation:  ":"
Text:  "<newline>\t"
Name:  "r6"
Text:  " "
Operator:  "="
Text:  " "
Name:  "r1"
Text:  "<newline>\t"
Name:  "r0"
Text:  " "
Operator:  "="
Text:  " "
Operator:  "*"
Punctuation:  "("
Keyword.Type:  "u8"
Text.Whitespace:  " "
Operator:  "*"
Punctuation:  ")"
Name:  "skb"
Punctuation:  "["
Literal.Number.Integer:  "23"
Punctuation:  "]"
Text:  "<newline>\t"
Operator:  "*"
Punctuation:  "("
Keyword.Type:  "u32"
Text.Whitespace:  " "
Operator:  "*"
Punctuation:  ")("
Name:  "r10"
Text.Whitespace:  " "
Operator:  "-"
Text.Whitespace:  " "
Literal.Number.Integer:  "4"
Punctuation:  ")"
Text:  " "
Operator:  "="
Text:  " "
Name:  "r0"
Text:  "<newline>\t"
Name:  "r1"
Text:  " "
Operator:  "="
Text:  " "
Operator:  "*"
Punctuation:  "("
Keyword.Type:  "u32"
Text.Whitespace:  " "
Operator:  "*"
Punctuation:  ")("
Name:  "r6"
Text.Whitespace:  " "
Operator:  "+"
Text.Whitespace:  " "
Literal.Number.Integer:  "4"
Punctuation:  ")"
Text:  "<newline>\t"
Keyword:  "if"
Text.Whitespace:  " "
Name:  "r1"
Text.Whitespace:  " "
Operator:  "!="
Text.Whitespace:  " "
Literal.Number:  "0"
Text.Whitespace:  " "
Keyword:  "goto"
Text.Whitespace:  " "
Literal.Number.Integer:  "+13"
Text.Whitespace:  " "
Name.Label:  "<LBB0_4>"
Text:  "<newline>\t"
Name:  "r2"
Text:  " "
Operator:  "="
Text:  " "
Name:  "r10"
Text:  "<newline>\t"
Name:  "r2"
Text:  " "
Operator:  "+="
Text:  " "
Literal.Number:  "-4"
Text.Whitespace:  "<newline>\t"
Name:  "r1"
Text:  " "
Operator:  "="
Text:  " "
Literal.Number:  "0"
Text.Whitespace:  " "
Keyword.Type:  "ll"
Text:  "<newline>\t"
Keyword:  "call"
Text.Whitespace:  " "
Literal.Number.Integer:  "1"
Text:  "\t"
Comment.Multiline:  "/* lookup */"
Text:  "<newline>\t"
Keyword:  "if"
Text.Whitespace:  " "
Name:  "r0"
Text.Whitespace:  " "
Operator:  "=="
Text.Whitespace:  " "
Literal.Number:  "0"
Text.Whitespace:  " "
Keyword:  "goto"
Text.Whitespace:  " "
Literal.Number.Integer:  "+2"
Text.Whitespace:  " "
Name.Label:  "<LBB0_3>"
Text:  "<newline>\t"
Name:  "r1"
Text:  " "
Operator:  "="
Text:  " "
Operator:  "*"
Punctuation:  "("
Keyword.Type:  "u32"
Text.Whitespace:  " "
Operator:  "*"
Punctuation:  ")("
Name:  "r6"
Text.Whitespace:  " "
Operator:  "+"
Text.Whitespace:  " "
Literal.Number.Integer:  "0"
Punctuation:  ")"
Text:  "<newline>\t"
Keyword:  "lock"
Text:  " "
Operator:  "*"
Punctuation:  "("
Keyword.Type:  "u64"
Text.Whitespace:  " "
Operator:  "*"
Punctuation:  ")("
Name:  "r0"
Text.Whitespace:  " "
Operator:  "+"
Text.Whitespace:  " "
Literal.Number.Integer:  "0"
Punctuation:  ")"
Text:  " "
Operator:  "+="
Text:  " "
Name:  "r1"
Text:  "<newline><newline>"
Name.Label:  "LBB0_3"
Punctuation:  ":"
Text:  "<newline>\t"
Name:  "r1"
Text:  " "
Operator:  "="
Text:  " "
Name:  "r6"
Text:  "<newline>\t"
Name:  "r2"
Text:  " "
Operator:  "="
Text:  " "
Literal.Number:  "0"
Text.Whitespace:  " "
Keyword.Type:  "ll"
Text:  "<newline>\t"
Name:  "r3"
Text:  " "
Operator:  "="
Text:  " "
Literal.Number:  "0"
Text.Whitespace:  "<newline>\t"
Keyword:  "call"
Text.Whitespace:  " "
Literal.Number.Integer:  "12"
Text:  "<newline><newline>"
Name.Label:  "LBB0_4"
Punctuation:  ":"
Text:  "<newline>\t"
Name:  "r0"
Text:  " "
Operator:  "="
Text:  " "
Literal.Number:  "0"
Text.Whitespace:  "<newline>\t"
Keyword:  "exit"
Text:  "<newline><newline><newline>  "
Name:  "r0"
Text:  " "
Operator:  "="
Text:  " "
Operator:  "*"
Text.Whitespace:  " "
Punctuation:  "("
Keyword.Type:  "u8"
Text.Whitespace:  " "
Operator:  "*"
Punctuation:  ")"
Name:  "skb"
Punctuation:  "["
Literal.Number.Integer:  "0"
Punctuation:  "]"
Text:  "    "
Comment.Single:  "// BPF_LD | BPF_ABS | BPF_B<newline>"
Text:  "  "
Name:  "r0"
Text:  " "
Operator:  "="
Text:  " "
Operator:  "*"
Punctuation:  "("
Keyword.Type:  "u16"
Text.Whitespace:  " "
Operator:  "*"
Punctuation:  ")"
Name:  "skb"
Punctuation:  "["
Literal.Number.Integer:  "2"
Punctuation:  "]"
Text:  "    "
Comment.Single:  "// BPF_LD | BPF_ABS | BPF_H<newline>"
Text:  "  "
Name:  "r0"
Text:  " "
Operator:  "="
Text:  " "
Operator:  "*"
Text.Whitespace:  " "
Punctuation:  "("
Keyword.Type:  "u32"
Operator:  "*"
Punctuation:  ")"
Name:  "skb"
Punctuation:  "["
Literal.Number.Integer:  "4"
Punctuation:  "]"
Text:  "    "
Comment.Single:  "// BPF_LD | BPF_ABS | BPF_W<newline>"
Text:  "<newline>  "
Name:  "r0"
Text:  " "
Operator:  "="
Text:  " "
Operator:  "*"
Text.Whitespace:  " "
Punctuation:  "("
Keyword.Type:  "u8"
Text.Whitespace:  " "
Operator:  "*"
Punctuation:  ")"
Name:  "skb"
Punctuation:  "["
Name:  "r0"
Punctuation:  "]"
Text:  "   "
Comment.Single:  "// BPF_LD | BPF_IND | BPF_B<newline>"
Text:  "  "
Name:  "r0"
Text:  " "
Operator:  "="
Text:  " "
Operator:  "*"
Text.Whitespace:  "  "
Punctuation:  "("
Keyword.Type:  "u16"
Text.Whitespace:  " "
Operator:  "*"
Punctuation:  ")"
Name:  "skb"
Punctuation:  "["
Name:  "r1"
Punctuation:  "]"
Text:  " "
Comment.Single:  "// BPF_LD | BPF_IND | BPF_H<newline>"
Text:  "  "
Name:  "r0"
Text:  " "
Operator:  "="
Text:  " "
Operator:  "*"
Punctuation:  "("
Keyword.Type:  "u32"
Text.Whitespace:  " "
Operator:  "*"
Punctuation:  ")"
Name:  "skb"
Punctuation:  "["
Name:  "r2"
Punctuation:  "]"
Text:  "   "
Comment.Single:  "// BPF_LD | BPF_IND | BPF_W<newline>"
Text:  "<newline>  "
Name:  "r9"
Text:  " "
Operator:  "="
Text:  " "
Literal.Number:  "0xffffffff"
Text.Whitespace:  " "
Keyword.Type:  "ll"
Text:  "     "
Comment.Single:  "// BPF_LD | BPF_DW | BPF_IMM<newline>"
Text:  "  "
Name:  "r9"
Text:  " "
Operator:  "="
Text:  " "
Literal.Number:  "8589934591"
Text.Whitespace:  " "
Keyword.Type:  "ll"
Text:  "     "
Comment.Single:  "// BPF_LD | BPF_DW | BPF_IMM<newline>"
Text:  "  "
Name:  "r9"
Text:  " "
Operator:  "="
Text:  " "
Literal.Number:  "0x1ffffffff"
Text.Whitespace:  " "
Keyword.Type:  "ll"
Text:  "    "
Comment.Single:  "// BPF_LD | BPF_DW | BPF_IMM<newline>"
Text:  "  "
Name:  "r9"
Text:  " "
Operator:  "="
Text:  " "
Name:  "dummy_map"
Text.Whitespace:  "  "
Keyword.Type:  "ll"
Text:  "     "
Comment.Single:  "// BPF_LD | BPF_DW | BPF_IMM<newline>"
Text:  "<newline>"
Comment.Single:  "// ======== BPF_LDX Class ========<newline>"
Text:  "  "
Name:  "r5"
Text:  " "
Operator:  "="
Text:  " "
Operator:  "*"
Punctuation:  "("
Keyword.Type:  "u8"
Text.Whitespace:  " "
Operator:  "*"
Punctuation:  ")("
Name:  "r0"
Text.Whitespace:  " "
Operator:  "+"
Text.Whitespace:  " "
Literal.Number.Integer:  "0"
Punctuation:  ")"
Text:  "   "
Comment.Single:  "// BPF_LDX | BPF_B<newline>"
Text:  "  "
Name:  "r6"
Text:  " "
Operator:  "="
Text:  " "
Operator:  "*"
Punctuation:  "("
Keyword.Type:  "u16"
Text.Whitespace:  " "
Operator:  "*"
Punctuation:  ")("
Name:  "r1"
Text.Whitespace:  " "
Operator:  "+"
Text.Whitespace:  " "
Literal.Number.Integer:  "8"
Punctuation:  ")"
Text:  "  "
Comment.Single:  "// BPF_LDX | BPF_H<newline>"
Text:  "  "
Name:  "r7"
Text:  " "
Operator:  "="
Text:  " "
Operator:  "*"
Punctuation:  "("
Keyword.Type:  "u32"
Text.Whitespace:  " "
Operator:  "*"
Punctuation:  ")("
Name:  "r2"
Text.Whitespace:  " "
Operator:  "+"
Text.Whitespace:  " "
Literal.Number.Integer:  "16"
Punctuation:  ")"
Text:  " "
Comment.Single:  "// BPF_LDX | BPF_W<newline>"
Text:  "  "
Name:  "r8"
Text:  " "
Operator:  "="
Text:  " "
Operator:  "*"
Punctuation:  "("
Keyword.Type:  "u64"
Text.Whitespace:  " "
Operator:  "*"
Punctuation:  ")("
Name:  "r3"
Text.Whitespace:  " "
Operator:  "-"
Text.Whitespace:  " "
Literal.Number.Integer:  "30"
Punctuation:  ")"
Text:  " "
Comment.Single:  "// BPF_LDX | BPF_DW<newline>"
Text:  "<newline>"
Comment.Single:  "// ======== BPF_STX Class ========<newline>"
Text:  "  "
Operator:  "*"
Punctuation:  "("
Keyword.Type:  "u8"
Text.Whitespace:  " "
Operator:  "*"
Punctuation:  ")("
Name:  "r0"
Text.Whitespace:  " "
Operator:  "+"
Text.Whitespace:  " "
Literal.Number.Integer:  "0"
Punctuation:  ")"
Text:  " "
Operator:  "="
Text:  " "
Name:  "r7"
Text:  "    "
Comment.Single:  "// BPF_STX | BPF_B<newline>"
Text:  "  "
Operator:  "*"
Punctuation:  "("
Keyword.Type:  "u16"
Text.Whitespace:  " "
Operator:  "*"
Punctuation:  ")("
Name:  "r1"
Text.Whitespace:  " "
Operator:  "+"
Text.Whitespace:  " "
Literal.Number.Integer:  "8"
Punctuation:  ")"
Text:  " "
Operator:  "="
Text:  " "
Name:  "r8"
Text:  "   "
Comment.Single:  "// BPF_STX | BPF_H<newline>"
Text:  "  "
Operator:  "*"
Punctuation:  "("
Keyword.Type:  "u32"
Text.Whitespace:  " "
Operator:  "*"
Punctuation:  ")("
Name:  "r2"
Text.Whitespace:  " "
Operator:  "+"
Text.Whitespace:  " "
Literal.Number.Integer:  "16"
Punctuation:  ")"
Text:  " "
Operator:  "="
Text:  " "
Name:  "r9"
Text:  "  "
Comment.Single:  "// BPF_STX | BPF_W<newline>"
Text:  "  "
Operator:  "*"
Punctuation:  "("
Keyword.Type:  "u64"
Text.Whitespace:  " "
Operator:  "*"
Punctuation:  ")("
Name:  "r3"
Text.Whitespace:  " "
Operator:  "-"
Text.Whitespace:  " "
Literal.Number.Integer:  "30"
Punctuation:  ")"
Text:  " "
Operator:  "="
Text:  " "
Name:  "r10"
Text:  " "
Comment.Single:  "// BPF_STX | BPF_DW<newline>"
Text:  "<newline>  "
Keyword:  "lock"
Text:  " "
Operator:  "*"
Punctuation:  "("
Keyword.Type:  "u32"
Text.Whitespace:  " "
Operator:  "*"
Punctuation:  ")("
Name:  "r2"
Text.Whitespace:  " "
Operator:  "+"
Text.Whitespace:  " "
Literal.Number.Integer:  "16"
Punctuation:  ")"
Text:  " "
Operator:  "+="
Text:  " "
Name:  "r9"
Text:  "  "
Comment.Single:  "// BPF_STX | BPF_W | BPF_XADD<newline>"
Text:  "  "
Keyword:  "lock"
Text:  " "
Operator:  "*"
Punctuation:  "("
Keyword.Type:  "u64"
Text.Whitespace:  " "
Operator:  "*"
Punctuation:  ")("
Name:  "r3"
Text.Whitespace:  " "
Operator:  "-"
Text.Whitespace:  " "
Literal.Number.Integer:  "30"
Punctuation:  ")"
Text:  " "
Operator:  "+="
Text:  " "
Name:  "r10"
Text:  " "
Comment.Single:  "// BPF_STX | BPF_DW | BPF_XADD<newline>"
Text:  "<newline>"
Comment.Single:  "// ======== BPF_JMP Class ========<newline>"
Text:  "  "
Keyword:  "goto"
Text.Whitespace:  " "
Name.Label:  "Llabel0"
Text:  "               "
Comment.Single:  "// BPF_JA<newline>"
Text:  "  "
Keyword:  "call"
Text.Whitespace:  " "
Literal.Number.Integer:  "1"
Text:  "                     "
Comment.Single:  "// BPF_CALL<newline>"
Text:  "  "
Keyword:  "exit"
Text:  "                       "
Comment.Single:  "// BPF_EXIT<newline>"
Text:  "<newline>  "
Keyword:  "if"
Text.Whitespace:  " "
Name:  "r0"
Text.Whitespace:  " "
Operator:  "=="
Text.Whitespace:  " "
Name:  "r1"
Text.Whitespace:  " "
Keyword:  "goto"
Text.Whitespace:  " "
Name.Label:  "Llabel0"
Text:  "   "
Comment.Single:  "// BPF_JEQ  | BPF_X<newline>"
Text:  "  "
Keyword:  "if"
Text.Whitespace:  " "
Name:  "r3"
Text.Whitespace:  " "
Operator:  "!="
Text.Whitespace:  " "
Name:  "r4"
Text.Whitespace:  " "
Keyword:  "goto"
Text.Whitespace:  " "
Name.Label:  "Llabel0"
Text:  "   "
Comment.Single:  "// BPF_JNE  | BPF_X<newline>"
Text:  "<newline>  "
Keyword:  "if"
Text.Whitespace:  " "
Name:  "r1"
Text.Whitespace:  " "
Operator:  ">"
Text.Whitespace:  " "
Name:  "r2"
Text.Whitespace:  " "
Keyword:  "goto"
Text.Whitespace:  " "
Name.Label:  "Llabel0"
Text:  "    "
Comment.Single:  "// BPF_JGT  | BPF_X<newline>"
Text:  "  "
Keyword:  "if"
Text.Whitespace:  " "
Name:  "r2"
Text.Whitespace:  " "
Operator:  ">="
Text.Whitespace:  " "
Name:  "r3"
Text.Whitespace:  " "
Keyword:  "goto"
Text.Whitespace:  " "
Name.Label:  "Llabel0"
Text:  "   "
Comment.Single:  "// BPF_JGE  | BPF_X<newline>"
Text:  "  "
Keyword:  "if"
Text.Whitespace:  " "
Name:  "r4"
Text.Whitespace:  " "
Operator:  "s>"
Text.Whitespace:  " "
Name:  "r5"
Text.Whitespace:  " "
Keyword:  "goto"
Text.Whitespace:  " "
Name.Label:  "Llabel0"
Text:  "   "
Comment.Single:  "// BPF_JSGT | BPF_X<newline>"
Text:  "  "
Keyword:  "if"
Text.Whitespace:  " "
Name:  "r5"
Text.Whitespace:  " "
Operator:  "s>="
Text.Whitespace:  " "
Name:  "r6"
Text.Whitespace:  " "
Keyword:  "goto"
Text.Whitespace:  " "
Name.Label:  "Llabel0"
Text:  "  "
Comment.Single:  "// BPF_JSGE | BPF_X<newline>"
Text:  "<newline>  "
Keyword:  "if"
Text.Whitespace:  " "
Name:  "r6"
Text.Whitespace:  " "
Operator:  "<"
Text.Whitespace:  " "
Name:  "r7"
Text.Whitespace:  " "
Keyword:  "goto"
Text.Whitespace:  " "
Name.Label:  "Llabel0"
Text:  "    "
Comment.Single:  "// BPF_JLT  | BPF_X<newline>"
Text:  "  "
Keyword:  "if"
Text.Whitespace:  " "
Name:  "r7"
Text.Whitespace:  " "
Operator:  "<="
Text.Whitespace:  " "
Name:  "r8"
Text.Whitespace:  " "
Keyword:  "goto"
Text.Whitespace:  " "
Name.Label:  "Llabel0"
Text:  "   "
Comment.Single:  "// BPF_JLE  | BPF_X<newline>"
Text:  "  "
Keyword:  "if"
Text.Whitespace:  " "
Name:  "r8"
Text.Whitespace:  " "
Operator:  "s<"
Text.Whitespace:  " "
Name:  "r9"
Text.Whitespace:  " "
Keyword:  "goto"
Text.Whitespace:  " "
Name.Label:  "Llabel0"
Text:  "   "
Comment.Single:  "// BPF_JSLT | BPF_X<newline>"
Text:  "  "
Keyword:  "if"
Text.Whitespace:  " "
Name:  "r9"
Text.Whitespace:  " "
Operator:  "s<="
Text.Whitespace:  " "
Name:  "r10"
Text.Whitespace:  " "
Keyword:  "goto"
Text.Whitespace:  " "
Name.Label:  "Llabel0"
Text:  " "
Comment.Single:  "// BPF_JSLE | BPF_X<newline>"
Text:  "<newline>  "
Keyword:  "if"
Text.Whitespace:  " "
Name:  "r0"
Text.Whitespace:  " "
Operator:  "=="
Text.Whitespace:  " "
Literal.Number:  "0"
Text.Whitespace:  " "
Keyword:  "goto"
Text.Whitespace:  " "
Name.Label:  "Llabel0"
Text:  "           "
Comment.Single:  "// BPF_JEQ  | BPF_K<newline>"
Text:  "  "
Keyword:  "if"
Text.Whitespace:  " "
Name:  "r3"
Text.Whitespace:  " "
Operator:  "!="
Text.Whitespace:  " "
Literal.Number:  "-1"
Text.Whitespace:  " "
Keyword:  "goto"
Text.Whitespace:  " "
Name.Label:  "Llabel0"
Text:  "          "
Comment.Single:  "// BPF_JNE  | BPF_K<newline>"
Text:  "<newline>  "
Keyword:  "if"
Text.Whitespace:  " "
Name:  "r1"
Text.Whitespace:  " "
Operator:  ">"
Text.Whitespace:  " "
Literal.Number:  "64"
Text.Whitespace:  " "
Keyword:  "goto"
Text.Whitespace:  " "
Name.Label:  "Llabel0"
Text:  "           "
Comment.Single:  "// BPF_JGT  | BPF_K<newline>"
Text:  "  "
Keyword:  "if"
Text.Whitespace:  " "
Name:  "r2"
Text.Whitespace:  " "
Operator:  ">="
Text.Whitespace:  " "
Literal.Number:  "0xffffffff"
Text.Whitespace:  " "
Keyword:  "goto"
Text.Whitespace:  " "
Name.Label:  "Llabel0"
Text:  "  "
Comment.Single:  "// BPF_JGE  | BPF_K<newline>"
Text:  "  "
Keyword:  "if"
Text.Whitespace:  " "
Name:  "r4"
Text.Whitespace:  " "
Operator:  "s>"
Text.Whitespace:  " "
Literal.Number:  "0xffffffff"
Text.Whitespace:  " "
Keyword:  "goto"
Text.Whitespace:  " "
Name.Label:  "Llabel0"
Text:  "  "
Comment.Single:  "// BPF_JSGT | BPF_K<newline>"
Text:  "  "
Keyword:  "if"
Text.Whitespace:  " "
Name:  "r5"
Text.Whitespace:  " "
Operator:  "s>="
Text.Whitespace:  " "
Literal.Number:  "0x7fffffff"
Text.Whitespace:  " "
Keyword:  "goto"
Text.Whitespace:  " "
Name.Label:  "Llabel0"
Text:  " "
Comment.Single:  "// BPF_JSGE | BPF_K<newline>"
Text:  "<newline>  "
Keyword:  "if"
Text.Whitespace:  " "
Name:  "r6"
Text.Whitespace:  " "
Operator:  "<"
Text.Whitespace:  " "
Literal.Number:  "0xff"
Text.Whitespace:  " "
Keyword:  "goto"
Text.Whitespace:  " "
Name.Label:  "Llabel0"
Text:  "         "
Comment.Single:  "// BPF_JLT  | BPF_K<newline>"
Text:  "  "
Keyword:  "if"
Text.Whitespace:  " "
Name:  "r7"
Text.Whitespace:  " "
Operator:  "<="
Text.Whitespace:  " "
Literal.Number:  "0xffff"
Text.Whitespace:  " "
Keyword:  "goto"
Text.Whitespace:  " "
Name.Label:  "Llabel0"
Text:  "      "
Comment.Single:  "// BPF_JLE  | BPF_K<newline>"
Text:  "  "
Keyword:  "if"
Text.Whitespace:  " "
Name:  "r8"
Text.Whitespace:  " "
Operator:  "s<"
Text.Whitespace:  " "
Literal.Number:  "0"
Text.Whitespace:  " "
Keyword:  "goto"
Text.Whitespace:  " "
Name.Label:  "Llabel0"
Text:  "           "
Comment.Single:  "// BPF_JSLT | BPF_K<newline>"
Text:  "  "
Keyword:  "if"
Text.Whitespace:  " "
Name:  "r9"
Text.Whitespace:  " "
Operator:  "s<="
Text.Whitespace:  " "
Literal.Number:  "-1"
Text.Whitespace:  " "
Keyword:  "goto"
Text.Whitespace:  " "
Name.Label:  "Llabel0"
Text:  "         "
Comment.Single:  "// BPF_JSLE | BPF_K<newline>"
Text:  "<newline>"
Comment.Single:  "// ======== BPF_ALU64 Class ========<newline>"
Text:  "  "
Name:  "r0"
Text:  " "
Operator:  "+="
Text:  " "
Name:  "r1"
Text:  "    "
Comment.Single:  "// BPF_ADD  | BPF_X<newline>"
Text:  "  "
Name:  "r1"
Text:  " "
Operator:  "-="
Text:  " "
Name:  "r2"
Text:  "    "
Comment.Single:  "// BPF_SUB  | BPF_X<newline>"
Text:  "  "
Name:  "r2"
Text:  " "
Operator:  "*="
Text:  " "
Name:  "r3"
Text:  "    "
Comment.Single:  "// BPF_MUL  | BPF_X<newline>"
Text:  "  "
Name:  "r3"
Text:  " "
Operator:  "/="
Text:  " "
Name:  "r4"
Text:  "    "
Comment.Single:  "// BPF_DIV  | BPF_X<newline>"
Text:  "<newline>"
Name.Label:  "Llabel0"
Text.Whitespace:  " "
Punctuation:  ":"
Text:  "<newline>  "
Name:  "r2"
Text:  " "
Operator:  "="
Text:  " "
Punctuation:  "-"
Name:  "r2"
Text:  "    "
Comment.Single:  "// BPF_NEG<newline>"
Text:  "  "
Name:  "r4"
Text:  " "
Operator:  "|="
Text:  " "
Name:  "r5"
Text:  "    "
Comment.Single:  "// BPF_OR   | BPF_X<newline>"
Text:  "  "
Name:  "r5"
Text:  " "
Operator:  "&="
Text:  " "
Name:  "r6"
Text:  "    "
Comment.Single:  "// BPF_AND  | BPF_X<newline>"
Text:  "  "
Name:  "r6"
Text:  " "
Operator:  "<<="
Text:  " "
Name:  "r7"
Text:  "   "
Comment.Single:  "// BPF_LSH  | BPF_X<newline>"
Text:  "  "
Name:  "r7"
Text:  " "
Operator:  ">>="
Text:  " "
Name:  "r8"
Text:  "   "
Comment.Single:  "// BPF_RSH  | BPF_X<newline>"
Text:  "  "
Name:  "r8"
Text:  " "
Operator:  "^="
Text:  " "
Name:  "r9"
Text:  "    "
Comment.Single:  "// BPF_XOR  | BPF_X<newline>"
Text:  "  "
Name:  "r9"
Text:  " "
Operator:  "="
Text:  " "
Name:  "r10"
Text:  "    "
Comment.Single:  "// BPF_MOV  | BPF_X<newline>"
Text:  "  "
Name:  "r10"
Text:  " "
Operator:  "s>>="
Text:  " "
Name:  "r0"
Text:  " "
Comment.Single:  "// BPF_ARSH | BPF_X<newline>"
Text:  "<newline>  "
Name:  "r1"
Text:  " "
Operator:  "="
Text:  " "
Keyword:  "be16"
Text:  " "
Name:  "r1"
Text:  "  "
Comment.Single:  "// BPF_END  | BPF_TO_BE<newline>"
Text:  "  "
Name:  "r2"
Text:  " "
Operator:  "="
Text:  " "
Keyword:  "be32"
Text:  " "
Name:  "r2"
Text:  "  "
Comment.Single:  "// BPF_END  | BPF_TO_BE<newline>"
Text:  "  "
Name:  "r3"
Text:  " "
Operator:  "="
Text:  " "
Keyword:  "be64"
Text:  " "
Name:  "r3"
Text:  "  "
Comment.Single:  "// BPF_END  | BPF_TO_BE<newline>"
Text:  "<newline>  "
Name:  "r0"
Text:  " "
Operator:  "+="
Text:  " "
Literal.Number:  "1"
Text.Whitespace:  "           "
Comment.Single:  "// BPF_ADD  | BPF_K<newline>"
Text:  "  "
Name:  "r1"
Text:  " "
Operator:  "-="
Text:  " "
Literal.Number:  "0x1"
Text.Whitespace:  "         "
Comment.Single:  "// BPF_SUB  | BPF_K<newline>"
Text:  "  "
Name:  "r2"
Text:  " "
Operator:  "*="
Text:  " "
Literal.Number:  "-4"
Text.Whitespace:  "          "
Comment.Single:  "// BPF_MUL  | BPF_K<newline>"
Text:  "  "
Name:  "r3"
Text:  " "
Operator:  "/="
Text:  " "
Literal.Number:  "5"
Text.Whitespace:  "           "
Comment.Single:  "// BPF_DIV  | BPF_K<newline>"
Text:  "<newline>  "
Name:  "r4"
Text:  " "
Operator:  "|="
Text:  " "
Literal.Number:  "0xff"
Text.Whitespace:  "        "
Comment.Single:  "// BPF_OR   | BPF_K<newline>"
Text:  "  "
Name:  "r5"
Text:  " "
Operator:  "&="
Text:  " "
Literal.Number:  "0xFF"
Text.Whitespace:  "        "
Comment.Single:  "// BPF_AND  | BPF_K<newline>"
Text:  "  "
Name:  "r6"
Text:  " "
Operator:  "<<="
Text:  " "
Literal.Number:  "63"
Text.Whitespace:  "         "
Comment.Single:  "// BPF_LSH  | BPF_K<newline>"
Text:  "  "
Name:  "r7"
Text:  " "
Operator:  ">>="
Text:  " "
Literal.Number:  "32"
Text.Whitespace:  "         "
Comment.Single:  "// BPF_RSH  | BPF_K<newline>"
Text:  "  "
Name:  "r8"
Text:  " "
Operator:  "^="
Text:  " "
Literal.Number:  "0"
Text.Whitespace:  "           "
Comment.Single:  "// BPF_XOR  | BPF_K<newline>"
Text:  "  "
Name:  "r9"
Text:  " "
Operator:  "="
Text:  " "
Literal.Number:  "1"
Text.Whitespace:  "            "
Comment.Single:  "// BPF_MOV  | BPF_K<newline>"
Text:  "  "
Name:  "r9"
Text:  " "
Operator:  "="
Text:  " "
Literal.Number:  "0xffffffff"
Text.Whitespace:  "   "
Comment.Single:  "// BPF_MOV  | BPF_K<newline>"
Text:  "  "
Name:  "r10"
Text:  " "
Operator:  "s>>="
Text:  " "
Literal.Number:  "64"
Text.Whitespace:  "       "
Comment.Single:  "// BPF_ARSH | BPF_K<newline>"
Text:  "<newline>   "
Generic.Lineno:  "0"
Punctuation:  ":"
Text.Whitespace:  " "
Generic:  "(bf)"
Text:  " "
Name:  "r6"
Text:  " "
Operator:  "="
Text:  " "
Name:  "r1"
Text:  "<newline>   "
Generic.Lineno:  "1"
Punctuation:  ":"
Text.Whitespace:  " "
Generic:  "(69)"
Text:  " "
Name:  "r7"
Text:  " "
Operator:  "="
Text:  " "
Operator:  "*"
Punctuation:  "("
Keyword.Type:  "u16"
Text.Whitespace:  " "
Operator:  "*"
Punctuation:  ")("
Name:  "r6"
Text.Whitespace:  " "
Operator:  "+"
Literal.Number.Integer:  "176"
Punctuation:  ")"
Text:  "<newline>   "
Generic.Lineno:  "2"
Punctuation:  ":"
Text.Whitespace:  " "
Generic:  "(b4)"
Text:  " "
Name:  "w8"
Text:  " "
Operator:  "="
Text:  " "
Literal.Number:  "0"
Text.Whitespace:  "<newline>   "
Generic.Lineno:  "3"
Punctuation:  ":"
Text.Whitespace:  " "
Generic:  "(55)"
Text:  " "
Keyword:  "if"
Text.Whitespace:  " "
Name:  "r7"
Text.Whitespace:  " "
Operator:  "!="
Text.Whitespace:  " "
Literal.Number:  "0x8"
Text.Whitespace:  " "
Keyword:  "goto"
Text.Whitespace:  " "
Name.Label:  "pc"
Text:  "+"
Literal.Number:  "14"
Text.Whitespace:  "<newline>   "
Generic.Lineno:  "4"
Punctuation:  ":"
Text.Whitespace:  " "
Generic:  "(bf)"
Text:  " "
Name:  "r1"
Text:  " "
Operator:  "="
Text:  " "
Name:  "r6"
Text:  "<newline>   "
Generic.Lineno:  "5"
Punctuation:  ":"
Text.Whitespace:  " "
Generic:  "(b4)"
Text:  " "
Name:  "w2"
Text:  " "
Operator:  "="
Text:  " "
Literal.Number:  "12"
Text.Whitespace:  "<newline>   "
Generic.Lineno:  "6"
Punctuation:  ":"
Text.Whitespace:  " "
Generic:  "(bf)"
Text:  " "
Name:  "r3"
Text:  " "
Operator:  "="
Text:  " "
Name:  "r10"
Text:  "<newline>   "
Generic.Lineno:  "7"
Punctuation:  ":"
Text.Whitespace:  " "
Generic:  "(07)"
Text:  " "
Name:  "r3"
Text:  " "
Operator:  "+="
Text:  " "
Literal.Number:  "-4"
Text.Whitespace:  "<newline>   "
Generic.Lineno:  "8"
Punctuation:  ":"
Text.Whitespace:  " "
Generic:  "(b4)"
Text:  " "
Name:  "w4"
Text:  " "
Operator:  "="
Text:  " "
Literal.Number:  "4"
Text.Whitespace:  "<newline>   "
Generic.Lineno:  "9"
Punctuation:  ":"
Text.Whitespace:  " "
Generic:  "(85)"
Text:  " "
Keyword:  "call"
Text.Whitespace:  " "
Name.Builtin:  "bpf_skb_load_bytes"
Punctuation:  "#"
Literal.Number.Integer:  "7684912"
Text:  "<newline>  "
Generic.Lineno:  "10"
Punctuation:  ":"
Text.Whitespace:  " "
Generic:  "(18)"
Text:  " "
Name:  "r1"
Text:  " "
Operator:  "="
Text:  " "
Keyword:  "map"
Text:  "["
Name.Label:  "id"
Punctuation:  ":"
Literal.Number:  "671"
Text:  "]<newline>  "
Generic.Lineno:  "12"
Punctuation:  ":"
Text.Whitespace:  " "
Generic:  "(bf)"
Text:  " "
Name:  "r2"
Text:  " "
Operator:  "="
Text:  " "
Name:  "r10"
Text:  "<newline>  "
Generic.Lineno:  "13"
Punctuation:  ":"
Text.Whitespace:  " "
Generic:  "(07)"
Text:  " "
Name:  "r2"
Text:  " "
Operator:  "+="
Text:  " "
Literal.Number:  "-8"
Text.Whitespace:  "<newline>  "
Generic.Lineno:  "14"
Punctuation:  ":"
Text.Whitespace:  " "
Generic:  "(62)"
Text:  " "
Operator:  "*"
Punctuation:  "("
Keyword.Type:  "u32"
Text.Whitespace:  " "
Operator:  "*"
Punctuation:  ")("
Name:  "r2"
Text.Whitespace:  " "
Operator:  "+"
Literal.Number.Integer:  "0"
Punctuation:  ")"
Text:  " "
Operator:  "="
Text:  " "
Literal.Number:  "32"
Text.Whitespace:  "<newline><newline>"
Name.Label:  "xdp_prog1"
Punctuation:  ":"
Text:  "<newline>       "
Generic.Lineno:  "0"
Punctuation:  ":"
Text.Whitespace:  " "
Generic:  "61 12 04 00 00 00 00 00 "
Text:  "  "
Name:  "r2"
Text:  " "
Operator:  "="
Text:  " "
Operator:  "*"
Punctuation:  "("
Keyword.Type:  "u32"
Text.Whitespace:  " "
Operator:  "*"
Punctuation:  ")("
Name:  "r1"
Text.Whitespace:  " "
Operator:  "+"
Text.Whitespace:  " "
Literal.Number.Integer:  "4"
Punctuation:  ")"
Text:  "<newline>       "
Generic.Lineno:  "1"
Punctuation:  ":"
Text.Whitespace:  " "
Generic:  "61 11 00 00 00 00 00 00 "
Text:  "  "
Name:  "r1"
Text:  " "
Operator:  "="
Text:  " "
Operator:  "*"
Punctuation:  "("
Keyword.Type:  "u32"
Text.Whitespace:  " "
Operator:  "*"
Punctuation:  ")("
Name:  "r1"
Text.Whitespace:  " "
Operator:  "+"
Text.Whitespace:  " "
Literal.Number.Integer:  "0"
Punctuation:  ")"
Text:  "<newline>       "
Generic.Lineno:  "2"
Punctuation:  ":"
Text.Whitespace:  " "
Generic:  "bf 13 00 00 00 00 00 00 "
Text:  "  "
Name:  "r3"
Text:  " "
Operator:  "="
Text:  " "
Name:  "r1"
Text:  "<newline>       "
Generic.Lineno:  "3"
Punctuation:  ":"
Text.Whitespace:  " "
Generic:  "07 03 00 00 0e 00 00 00 "
Text:  "  "
Name:  "r3"
Text:  " "
Operator:  "+="
Text:  " "
Literal.Number:  "14"
Text.Whitespace:  "<newline>       "
Generic.Lineno:  "4"
Punctuation:  ":"
Text.Whitespace:  " "
Generic:  "2d 23 36 00 00 00 00 00 "
Text:  "  "
Keyword:  "if"
Text.Whitespace:  " "
Name:  "r3"
Text.Whitespace:  " "
Operator:  ">"
Text.Whitespace:  " "
Name:  "r2"
Text.Whitespace:  " "
Keyword:  "goto"
Text.Whitespace:  " "
Literal.Number.Integer:  "+54"
Text.Whitespace:  " "
Name.Label:  "<LBB0_20>"
Text:  "<newline>       "
Generic.Lineno:  "5"
Punctuation:  ":"
Text.Whitespace:  " "
Generic:  "71 13 0c 00 00 00 00 00 "
Text:  "  "
Name:  "r3"
Text:  " "
Operator:  "="
Text:  " "
Operator:  "*"
Punctuation:  "("
Keyword.Type:  "u8"
Text.Whitespace:  " "
Operator:  "*"
Punctuation:  ")("
Name:  "r1"
Text.Whitespace:  " "
Operator:  "+"
Text.Whitespace:  " "
Literal.Number.Integer:  "12"
Punctuation:  ")"
Text:  "<newline>       "
Generic.Lineno:  "6"
Punctuation:  ":"
Text.Whitespace:  " "
Generic:  "71 14 0d 00 00 00 00 00 "
Text:  "  "
Name:  "r4"
Text:  " "
Operator:  "="
Text:  " "
Operator:  "*"
Punctuation:  "("
Keyword.Type:  "u8"
Text.Whitespace:  " "
Operator:  "*"
Punctuation:  ")("
Name:  "r1"
Text.Whitespace:  " "
Operator:  "+"
Text.Whitespace:  " "
Literal.Number.Integer:  "13"
Punctuation:  ")"
Text:  "<newline>       "
Generic.Lineno:  "7"
Punctuation:  ":"
Text.Whitespace:  " "
Generic:  "67 04 00 00 08 00 00 00 "
Text:  "  "
Name:  "r4"
Text:  " "
Operator:  "<<="
Text:  " "
Literal.Number:  "8"
Text.Whitespace:  "<newline>       "
Generic.Lineno:  "8"
Punctuation:  ":"
Text.Whitespace:  " "
Generic:  "4f 34 00 00 00 00 00 00 "
Text:  "  "
Name:  "r4"
Text:  " "
Operator:  "|="
Text:  " "
Name:  "r3"
Text:  "<newline>       "
Generic.Lineno:  "9"
Punctuation:  ":"
Text.Whitespace:  " "
Generic:  "15 04 02 00 88 a8 00 00 "
Text:  "  "
Keyword:  "if"
Text.Whitespace:  " "
Name:  "r4"
Text.Whitespace:  " "
Operator:  "=="
Text.Whitespace:  " "
Literal.Number:  "43144"
Text.Whitespace:  " "
Keyword:  "goto"
Text.Whitespace:  " "
Literal.Number.Integer:  "+2"
Text.Whitespace:  " "
Name.Label:  "<LBB0_3>"
Text:  "<newline>      "
Generic.Lineno:  "10"
Punctuation:  ":"
Text.Whitespace:  " "
Generic:  "b7 03 00 00 0e 00 00 00 "
Text:  "  "
Name:  "r3"
Text:  " "
Operator:  "="
Text:  " "
Literal.Number:  "14"
Text.Whitespace:  "<newline>      "
Generic.Lineno:  "11"
Punctuation:  ":"
Text.Whitespace:  " "
Generic:  "55 04 05 00 81 00 00 00 "
Text:  "  "
Keyword:  "if"
Text.Whitespace:  " "
Name:  "r4"
Text.Whitespace:  " "
Operator:  "!="
Text.Whitespace:  " "
Literal.Number:  "129"
Text.Whitespace:  " "
Keyword:  "goto"
Text.Whitespace:  " "
Literal.Number.Integer:  "+5"
Text.Whitespace:  " "
Name.Label:  "<LBB0_5>"
Text:  "<newline>"
