Keyword:  "Require"
Text.Whitespace:  " "
Keyword:  "Import"
Text.Whitespace:  " "
Name.Namespace:  "Coq"
Punctuation:  "."
Name.Namespace:  "Lists"
Punctuation:  "."
Name.Constant:  "List"
Punctuation.Indicator:  "."
Text.Whitespace:  "<newline><newline>"
Keyword:  "Section"
Text.Whitespace:  " "
Name.Constant:  "with_T"
Punctuation.Indicator:  "."
Text.Whitespace:  "<newline>  "
Keyword:  "Context"
Text.Whitespace:  " "
Punctuation:  "{"
Name.Constant:  "T"
Text.Whitespace:  " "
Punctuation:  ":"
Text.Whitespace:  " "
Keyword.Reserved:  "Type"
Punctuation:  "}"
Punctuation.Indicator:  "."
Text.Whitespace:  "<newline><newline>  "
Keyword:  "Fixpoint"
Text.Whitespace:  " "
Name.Constant:  "length"
Text.Whitespace:  " "
Punctuation:  "("
Name.Constant:  "ls"
Text.Whitespace:  " "
Punctuation:  ":"
Text.Whitespace:  " "
Name.Constant:  "list"
Text.Whitespace:  " "
Name.Constant:  "T"
Punctuation:  ")"
Text.Whitespace:  " "
Punctuation:  ":"
Text.Whitespace:  " "
Name.Constant:  "nat"
Text.Whitespace:  " "
Punctuation:  ":="
Text.Whitespace:  "<newline>    "
Keyword.Reserved:  "match"
Text.Whitespace:  " "
Name.Constant:  "ls"
Text.Whitespace:  " "
Keyword.Pseudo:  "with"
Text.Whitespace:  "<newline>    "
Punctuation:  "|"
Text.Whitespace:  " "
Name.Constant:  "nil"
Text.Whitespace:  " "
Punctuation:  "=>"
Text.Whitespace:  " "
Literal.Number.Integer:  "0"
Text.Whitespace:  "<newline>    "
Punctuation:  "|"
Text.Whitespace:  " "
Punctuation:  "_"
Text.Whitespace:  " "
Punctuation:  "::"
Text.Whitespace:  " "
Name.Constant:  "ls"
Text.Whitespace:  " "
Punctuation:  "=>"
Text.Whitespace:  " "
Name.Constant:  "S"
Text.Whitespace:  " "
Punctuation:  "("
Name.Constant:  "length"
Text.Whitespace:  " "
Name.Constant:  "ls"
Punctuation:  ")"
Text.Whitespace:  "<newline>    "
Keyword.Reserved:  "end"
Punctuation.Indicator:  "."
Text.Whitespace:  "<newline>"
Keyword:  "End"
Text.Whitespace:  " "
Name.Constant:  "with_T"
Punctuation.Indicator:  "."
Text.Whitespace:  "<newline><newline><newline>"
Keyword:  "Definition"
Text.Whitespace:  " "
Name.Constant:  "a_string"
Text.Whitespace:  " "
Punctuation:  ":="
Text.Whitespace:  " "
Literal.String.Double:  "\"hello...<newline> \\r \\\\ \\<newline>world\""
Punctuation.Indicator:  "."
Text.Whitespace:  "<newline>"
Keyword:  "Definition"
Text.Whitespace:  " "
Name.Constant:  "zero_string"
Text.Whitespace:  " "
Punctuation:  ":="
Text.Whitespace:  " "
Literal.String.Double:  "\"0\""
Punctuation.Indicator:  "."
Text.Whitespace:  "<newline>"
Keyword:  "Definition"
Text.Whitespace:  " "
Name.Constant:  "b_string"
Text.Whitespace:  " "
Punctuation:  ":="
Text.Whitespace:  " "
Literal.String.Double:  "\"b\""
Punctuation.Indicator:  "."
Text.Whitespace:  "<newline>"
Keyword:  "Definition"
Text.Whitespace:  " "
Name.Constant:  "escape_string"
Text.Whitespace:  " "
Punctuation:  ":="
Text.Whitespace:  " "
Literal.String.Double:  "\"\"\" hello  world \""
Punctuation.Indicator:  "."
Text.Whitespace:  "<newline><newline><newline>"
Keyword:  "Notation"
Text.Whitespace:  " "
Literal.String.Double:  "\"A /\\ B\""
Text.Whitespace:  " "
Punctuation:  ":="
Text.Whitespace:  " "
Punctuation:  "("
Name.Constant:  "and"
Text.Whitespace:  " "
Name.Constant:  "A"
Text.Whitespace:  " "
Name.Constant:  "B"
Punctuation:  ")"
Text.Whitespace:  " "
Punctuation:  ":"
Text.Whitespace:  " "
Name.Constant:  "type_scope"
Punctuation.Indicator:  "."
Text.Whitespace:  "<newline><newline>"
Keyword:  "Theorem"
Text.Whitespace:  " "
Name.Constant:  "progress"
Text.Whitespace:  " "
Punctuation:  ":"
Text.Whitespace:  " "
Operator:  "\u2200"
Name.Constant:  "t"
Text.Whitespace:  " "
Name.Constant:  "T"
Punctuation:  ","
Text.Whitespace:  "<newline>  "
Name.Constant:  "empty"
Text.Whitespace:  " "
Operator:  "\u22A2"
Text.Whitespace:  " "
Name.Constant:  "t"
Text.Whitespace:  " "
Operator:  "\u2208"
Text.Whitespace:  " "
Name.Constant:  "T"
Text.Whitespace:  " "
Operator:  "\u2192"
Text.Whitespace:  "<newline>  "
Name.Constant:  "value"
Text.Whitespace:  " "
Name.Constant:  "t"
Text.Whitespace:  " "
Operator:  "\u2228"
Text.Whitespace:  " "
Operator:  "\u2203"
Name.Constant:  "t'"
Punctuation:  ","
Text.Whitespace:  " "
Name.Constant:  "t"
Text.Whitespace:  " "
Operator:  "-->"
Text.Whitespace:  " "
Name.Constant:  "t'"
Punctuation.Indicator:  "."
Text.Whitespace:  "<newline>"
Keyword:  "Proof"
Punctuation.Indicator:  "."
Text.Whitespace:  " "
Keyword:  "Admitted"
Punctuation.Indicator:  "."
Text.Whitespace:  "<newline><newline>"
Keyword:  "Theorem"
Text.Whitespace:  " "
Name.Constant:  "ev_plus4"
Text.Whitespace:  " "
Punctuation:  ":"
Text.Whitespace:  " "
Operator:  "\u2200"
Name.Constant:  "n"
Punctuation:  ","
Text.Whitespace:  " "
Name.Constant:  "even"
Text.Whitespace:  " "
Name.Constant:  "n"
Text.Whitespace:  " "
Operator:  "\u2192"
Text.Whitespace:  " "
Name.Constant:  "even"
Text.Whitespace:  " "
Punctuation:  "("
Literal.Number.Integer:  "4"
Text.Whitespace:  " "
Operator:  "+"
Text.Whitespace:  " "
Name.Constant:  "n"
Punctuation:  ")"
Punctuation.Indicator:  "."
Text.Whitespace:  "<newline>"
Keyword:  "Proof"
Punctuation.Indicator:  "."
Text.Whitespace:  "<newline>  "
Keyword.Pseudo:  "intros"
Text.Whitespace:  " "
Name.Constant:  "n"
Text.Whitespace:  " "
Name.Constant:  "H"
Punctuation.Indicator:  "."
Text.Whitespace:  " "
Keyword.Pseudo:  "simpl"
Punctuation.Indicator:  "."
Text.Whitespace:  "<newline>  "
Keyword.Pseudo:  "apply"
Text.Whitespace:  " "
Name.Constant:  "ev_SS"
Punctuation.Indicator:  "."
Text.Whitespace:  "<newline>  "
Keyword.Pseudo:  "apply"
Text.Whitespace:  " "
Name.Constant:  "ev_SS"
Punctuation.Indicator:  "."
Text.Whitespace:  "<newline>  "
Keyword.Pseudo:  "apply"
Text.Whitespace:  " "
Name.Constant:  "H"
Punctuation.Indicator:  "."
Text.Whitespace:  "<newline>"
Keyword:  "Qed"
Punctuation.Indicator:  "."
Text.Whitespace:  "<newline><newline>"
Comment:  "(*<newline>   The iris examples here are used under this license:<newline><newline>   > All files in this development, excluding those in docs/ and tex/, are<newline>   distributed under the terms of the 3-clause BSD license<newline>   (https://opensource.org/licenses/BSD-3-Clause), included below.<newline>   > Copyright: Iris developers and contributors<newline>*)"
Text.Whitespace:  "<newline><newline>"
Comment:  "(* Unicode next to braces, mixed ascii/unicode operators. *)"
Text.Whitespace:  "<newline>"
Keyword:  "Lemma"
Text.Whitespace:  " "
Name.Constant:  "ghost_var_update"
Text.Whitespace:  " "
Name.Constant:  "\u03B3"
Text.Whitespace:  " "
Name.Constant:  "b'"
Text.Whitespace:  " "
Name.Constant:  "b"
Text.Whitespace:  " "
Name.Constant:  "c"
Text.Whitespace:  " "
Punctuation:  ":"
Text.Whitespace:  "<newline>  "
Name.Constant:  "own"
Text.Whitespace:  " "
Name.Constant:  "\u03B3"
Text.Whitespace:  " "
Punctuation:  "("
Operator:  "\u25CF"
Name.Constant:  "E"
Text.Whitespace:  " "
Name.Constant:  "b"
Punctuation:  ")"
Text.Whitespace:  " "
Operator:  "-\u2217"
Text.Whitespace:  " "
Name.Constant:  "own"
Text.Whitespace:  " "
Name.Constant:  "\u03B3"
Text.Whitespace:  " "
Punctuation:  "("
Operator:  "\u25EF"
Name.Constant:  "E"
Text.Whitespace:  " "
Name.Constant:  "c"
Punctuation:  ")"
Text.Whitespace:  " "
Operator:  "==\u2217"
Text.Whitespace:  " "
Name.Constant:  "own"
Text.Whitespace:  " "
Name.Constant:  "\u03B3"
Text.Whitespace:  " "
Punctuation:  "("
Operator:  "\u25CF"
Name.Constant:  "E"
Text.Whitespace:  " "
Name.Constant:  "b'"
Punctuation:  ")"
Text.Whitespace:  " "
Operator:  "\u2217"
Text.Whitespace:  " "
Name.Constant:  "own"
Text.Whitespace:  " "
Name.Constant:  "\u03B3"
Text.Whitespace:  " "
Punctuation:  "("
Operator:  "\u25EF"
Name.Constant:  "E"
Text.Whitespace:  " "
Name.Constant:  "b'"
Punctuation:  ")"
Punctuation.Indicator:  "."
Text.Whitespace:  "<newline>"
Keyword:  "Proof"
Punctuation.Indicator:  "."
Text.Whitespace:  "<newline>  "
Name.Constant:  "something"
Text.Whitespace:  " "
Punctuation:  "("
Name.Constant:  "a"
Text.Whitespace:  " "
Operator:  "="
Punctuation:  "{"
Name.Constant:  "n"
Punctuation:  "}"
Operator:  "="
Text.Whitespace:  " "
Name.Constant:  "b"
Punctuation:  ")"
Punctuation.Indicator:  "."
Text.Whitespace:  "<newline>  "
Punctuation:  "-"
Text.Whitespace:  " "
Name.Constant:  "by"
Text.Whitespace:  " "
Keyword.Pseudo:  "apply"
Text.Whitespace:  " "
Name.Constant:  "case1"
Punctuation.Indicator:  "."
Text.Whitespace:  "<newline>  "
Punctuation:  "-"
Text.Whitespace:  " "
Keyword.Pseudo:  "apply"
Text.Whitespace:  " "
Name.Constant:  "case2"
Punctuation.Indicator:  "."
Text.Whitespace:  " "
Keyword.Pseudo:  "eauto"
Punctuation.Indicator:  "."
Text.Whitespace:  "<newline>"
Keyword:  "Qed"
Punctuation.Indicator:  "."
Text.Whitespace:  "<newline><newline><newline>"
Comment:  "(* #[], {\u03A3}, `{!xxx}, (?)<newline>   https://gitlab.mpi-sws.org/iris/iris/-/blob/f1e2242daa0e448135a5074ce99b41e6058ea1c3/iris_heap_lang/adequacy.v *)"
Text.Whitespace:  "<newline>"
Keyword:  "Definition"
Text.Whitespace:  " "
Name.Constant:  "heap\u03A3"
Text.Whitespace:  " "
Punctuation:  ":"
Text.Whitespace:  " "
Name.Constant:  "gFunctors"
Text.Whitespace:  " "
Punctuation:  ":="
Text.Whitespace:  "<newline>  "
Operator:  "#"
Punctuation:  "["
Name.Constant:  "inv\u03A3"
Punctuation:  ";"
Text.Whitespace:  " "
Name.Constant:  "gen_heap\u03A3"
Text.Whitespace:  " "
Name.Constant:  "loc"
Text.Whitespace:  " "
Punctuation:  "("
Name.Constant:  "option"
Text.Whitespace:  " "
Name.Constant:  "val"
Punctuation:  ");"
Text.Whitespace:  " "
Name.Constant:  "inv_heap\u03A3"
Text.Whitespace:  " "
Name.Constant:  "loc"
Text.Whitespace:  " "
Punctuation:  "("
Name.Constant:  "option"
Text.Whitespace:  " "
Name.Constant:  "val"
Punctuation:  ");"
Text.Whitespace:  " "
Name.Constant:  "proph_map\u03A3"
Text.Whitespace:  " "
Name.Constant:  "proph_id"
Text.Whitespace:  " "
Punctuation:  "("
Name.Constant:  "val"
Text.Whitespace:  " "
Operator:  "*"
Text.Whitespace:  " "
Name.Constant:  "val"
Punctuation:  ")]"
Punctuation.Indicator:  "."
Text.Whitespace:  "<newline>"
Keyword:  "Global"
Text.Whitespace:  " "
Keyword:  "Instance"
Text.Whitespace:  " "
Name.Constant:  "subG_heapGpreS"
Text.Whitespace:  " "
Punctuation:  "{"
Name.Constant:  "\u03A3"
Punctuation:  "}"
Text.Whitespace:  " "
Punctuation:  ":"
Text.Whitespace:  " "
Name.Constant:  "subG"
Text.Whitespace:  " "
Name.Constant:  "heap\u03A3"
Text.Whitespace:  " "
Name.Constant:  "\u03A3"
Text.Whitespace:  " "
Operator:  "\u2192"
Text.Whitespace:  " "
Name.Constant:  "heapGpreS"
Text.Whitespace:  " "
Name.Constant:  "\u03A3"
Punctuation.Indicator:  "."
Text.Whitespace:  "<newline>"
Keyword:  "Proof"
Punctuation.Indicator:  "."
Text.Whitespace:  " "
Name.Constant:  "solve_inG"
Punctuation.Indicator:  "."
Text.Whitespace:  " "
Keyword:  "Qed"
Punctuation.Indicator:  "."
Text.Whitespace:  "<newline><newline>"
Comment:  "(* (?), `{!class}, greek lettering *)"
Text.Whitespace:  "<newline>"
Keyword:  "Definition"
Text.Whitespace:  " "
Name.Constant:  "heap_adequacy"
Text.Whitespace:  " "
Name.Constant:  "\u03A3"
Text.Whitespace:  " "
Punctuation:  "`{"
Operator:  "!"
Name.Constant:  "heapGpreS"
Text.Whitespace:  " "
Name.Constant:  "\u03A3"
Punctuation:  "}"
Text.Whitespace:  " "
Name.Constant:  "s"
Text.Whitespace:  " "
Name.Constant:  "e"
Text.Whitespace:  " "
Name.Constant:  "\u03C3"
Text.Whitespace:  " "
Name.Constant:  "\u03C6"
Text.Whitespace:  " "
Punctuation:  ":"
Text.Whitespace:  "<newline>  "
Punctuation:  "("
Operator:  "\u2200"
Text.Whitespace:  " "
Punctuation:  "`{"
Operator:  "!"
Name.Constant:  "heapGS"
Text.Whitespace:  " "
Name.Constant:  "\u03A3"
Punctuation:  "},"
Text.Whitespace:  " "
Operator:  "\u22A2"
Text.Whitespace:  " "
Name.Constant:  "inv_heap_inv"
Text.Whitespace:  " "
Operator:  "-\u2217"
Text.Whitespace:  " "
Name.Constant:  "WP"
Text.Whitespace:  " "
Name.Constant:  "e"
Text.Whitespace:  " "
Operator:  "@"
Text.Whitespace:  " "
Name.Constant:  "s"
Punctuation:  ";"
Text.Whitespace:  " "
Operator:  "\u22A4"
Text.Whitespace:  " "
Punctuation:  "{{"
Text.Whitespace:  " "
Name.Constant:  "v"
Punctuation:  ","
Text.Whitespace:  " "
Operator:  "\u231C"
Name.Constant:  "\u03C6"
Text.Whitespace:  " "
Name.Constant:  "v"
Operator:  "\u231D"
Text.Whitespace:  " "
Punctuation:  "}})"
Text.Whitespace:  " "
Operator:  "\u2192"
Text.Whitespace:  "<newline>  "
Name.Constant:  "adequate"
Text.Whitespace:  " "
Name.Constant:  "s"
Text.Whitespace:  " "
Name.Constant:  "e"
Text.Whitespace:  " "
Name.Constant:  "\u03C3"
Text.Whitespace:  " "
Punctuation:  "("
Operator:  "\u03BB"
Text.Whitespace:  " "
Name.Constant:  "v"
Text.Whitespace:  " "
Punctuation:  "_,"
Text.Whitespace:  " "
Name.Constant:  "\u03C6"
Text.Whitespace:  " "
Name.Constant:  "v"
Punctuation:  ")"
Punctuation.Indicator:  "."
Text.Whitespace:  "<newline>"
Keyword:  "Proof"
Punctuation.Indicator:  "."
Text.Whitespace:  "<newline>  "
Keyword.Pseudo:  "intros"
Text.Whitespace:  " "
Name.Constant:  "Hwp"
Punctuation:  ";"
Text.Whitespace:  " "
Keyword.Pseudo:  "eapply"
Text.Whitespace:  " "
Punctuation:  "("
Name.Constant:  "wp_adequacy"
Text.Whitespace:  " "
Punctuation:  "_"
Text.Whitespace:  " "
Punctuation:  "_);"
Text.Whitespace:  " "
Name.Constant:  "iIntros"
Text.Whitespace:  " "
Punctuation:  "(?"
Text.Whitespace:  " "
Name.Constant:  "\u03BAs"
Punctuation:  ")"
Text.Whitespace:  " "
Literal.String.Double:  "\"\""
Punctuation.Indicator:  "."
Text.Whitespace:  "<newline>  "
Name.Constant:  "iMod"
Text.Whitespace:  " "
Punctuation:  "("
Name.Constant:  "gen_heap_init"
Text.Whitespace:  " "
Name.Constant:  "\u03C3"
Punctuation:  ".("
Name.Constant:  "heap"
Punctuation:  "))"
Text.Whitespace:  " "
Keyword.Reserved:  "as"
Text.Whitespace:  " "
Punctuation:  "(?)"
Text.Whitespace:  " "
Literal.String.Double:  "\"[Hh _]\""
Punctuation.Indicator:  "."
Text.Whitespace:  "<newline>  "
Name.Constant:  "iMod"
Text.Whitespace:  " "
Punctuation:  "("
Name.Constant:  "inv_heap_init"
Text.Whitespace:  " "
Name.Constant:  "loc"
Text.Whitespace:  " "
Punctuation:  "("
Name.Constant:  "option"
Text.Whitespace:  " "
Name.Constant:  "val"
Punctuation:  "))"
Text.Whitespace:  " "
Keyword.Reserved:  "as"
Text.Whitespace:  " "
Punctuation:  "(?)"
Text.Whitespace:  " "
Literal.String.Double:  "\">Hi\""
Punctuation.Indicator:  "."
Text.Whitespace:  "<newline>  "
Name.Constant:  "iMod"
Text.Whitespace:  " "
Punctuation:  "("
Name.Constant:  "proph_map_init"
Text.Whitespace:  " "
Name.Constant:  "\u03BAs"
Text.Whitespace:  " "
Name.Constant:  "\u03C3"
Punctuation:  ".("
Name.Constant:  "used_proph_id"
Punctuation:  "))"
Text.Whitespace:  " "
Keyword.Reserved:  "as"
Text.Whitespace:  " "
Punctuation:  "(?)"
Text.Whitespace:  " "
Literal.String.Double:  "\"Hp\""
Punctuation.Indicator:  "."
Text.Whitespace:  "<newline>  "
Comment:  "(* lambda should highlight as an operator *)"
Text.Whitespace:  "<newline>  "
Name.Constant:  "iModIntro"
Punctuation.Indicator:  "."
Text.Whitespace:  " "
Name.Constant:  "iExists"
Text.Whitespace:  "<newline>    "
Punctuation:  "("
Operator:  "\u03BB"
Text.Whitespace:  " "
Name.Constant:  "\u03C3"
Text.Whitespace:  " "
Name.Constant:  "\u03BAs"
Punctuation:  ","
Text.Whitespace:  " "
Punctuation:  "("
Name.Constant:  "gen_heap_interp"
Text.Whitespace:  " "
Name.Constant:  "\u03C3"
Punctuation:  ".("
Name.Constant:  "heap"
Punctuation:  ")"
Text.Whitespace:  " "
Operator:  "\u2217"
Text.Whitespace:  " "
Name.Constant:  "proph_map_interp"
Text.Whitespace:  " "
Name.Constant:  "\u03BAs"
Text.Whitespace:  " "
Name.Constant:  "\u03C3"
Punctuation:  ".("
Name.Constant:  "used_proph_id"
Punctuation:  "))"
Operator:  "%"
Name.Constant:  "I"
Punctuation:  "),"
Text.Whitespace:  "<newline>    "
Punctuation:  "("
Operator:  "\u03BB"
Text.Whitespace:  " "
Punctuation:  "_,"
Text.Whitespace:  " "
Name.Constant:  "True"
Operator:  "%"
Name.Constant:  "I"
Punctuation:  ")"
Punctuation.Indicator:  "."
Text.Whitespace:  "<newline>  "
Name.Constant:  "iFrame"
Punctuation.Indicator:  "."
Text.Whitespace:  " "
Name.Constant:  "iApply"
Text.Whitespace:  " "
Punctuation:  "("
Name.Constant:  "Hwp"
Text.Whitespace:  " "
Punctuation:  "("
Name.Constant:  "HeapGS"
Text.Whitespace:  " "
Punctuation:  "_"
Text.Whitespace:  " "
Punctuation:  "_"
Text.Whitespace:  " "
Punctuation:  "_"
Text.Whitespace:  " "
Punctuation:  "_"
Text.Whitespace:  " "
Punctuation:  "_))"
Punctuation.Indicator:  "."
Text.Whitespace:  " "
Name.Constant:  "done"
Punctuation.Indicator:  "."
Text.Whitespace:  "<newline>"
Keyword:  "Qed"
Punctuation.Indicator:  "."
Text.Whitespace:  "<newline><newline>"
Comment:  "(* thorny ops + braces + lettering<newline>   https://gitlab.mpi-sws.org/iris/iris/-/blob/f1e2242daa0e448135a5074ce99b41e6058ea1c3/iris_heap_lang/primitive_laws.value<newline>   BSD licensed *)"
Text.Whitespace:  "<newline>"
Keyword:  "Lemma"
Text.Whitespace:  " "
Name.Constant:  "wp_rec_l\u00F6b"
Text.Whitespace:  " "
Name.Constant:  "s"
Text.Whitespace:  " "
Name.Constant:  "E"
Text.Whitespace:  " "
Name.Constant:  "f"
Text.Whitespace:  " "
Name.Constant:  "x"
Text.Whitespace:  " "
Name.Constant:  "e"
Text.Whitespace:  " "
Name.Constant:  "\u03A6"
Text.Whitespace:  " "
Name.Constant:  "\u03A8"
Text.Whitespace:  " "
Punctuation:  ":"
Text.Whitespace:  "<newline>  "
Operator:  "\u25A1"
Text.Whitespace:  " "
Punctuation:  "("
Text.Whitespace:  " "
Operator:  "\u25A1"
Text.Whitespace:  " "
Punctuation:  "("
Operator:  "\u2200"
Text.Whitespace:  " "
Name.Constant:  "v"
Punctuation:  ","
Text.Whitespace:  " "
Name.Constant:  "\u03A8"
Text.Whitespace:  " "
Name.Constant:  "v"
Text.Whitespace:  " "
Operator:  "-\u2217"
Text.Whitespace:  " "
Name.Constant:  "WP"
Text.Whitespace:  " "
Punctuation:  "("
Name.Constant:  "rec"
Punctuation:  ":"
Text.Whitespace:  " "
Name.Constant:  "f"
Text.Whitespace:  " "
Name.Constant:  "x"
Text.Whitespace:  " "
Punctuation:  ":="
Text.Whitespace:  " "
Name.Constant:  "e"
Punctuation:  ")"
Operator:  "%"
Name.Constant:  "V"
Text.Whitespace:  " "
Name.Constant:  "v"
Text.Whitespace:  " "
Operator:  "@"
Text.Whitespace:  " "
Name.Constant:  "s"
Punctuation:  ";"
Text.Whitespace:  " "
Name.Constant:  "E"
Text.Whitespace:  " "
Punctuation:  "{{"
Text.Whitespace:  " "
Name.Constant:  "\u03A6"
Text.Whitespace:  " "
Punctuation:  "}})"
Text.Whitespace:  " "
Operator:  "-\u2217"
Text.Whitespace:  "<newline>     "
Operator:  "\u2200"
Text.Whitespace:  " "
Name.Constant:  "v"
Punctuation:  ","
Text.Whitespace:  " "
Name.Constant:  "\u03A8"
Text.Whitespace:  " "
Name.Constant:  "v"
Text.Whitespace:  " "
Operator:  "-\u2217"
Text.Whitespace:  " "
Name.Constant:  "WP"
Text.Whitespace:  " "
Punctuation:  "("
Name.Constant:  "subst'"
Text.Whitespace:  " "
Name.Constant:  "x"
Text.Whitespace:  " "
Name.Constant:  "v"
Text.Whitespace:  " "
Punctuation:  "("
Name.Constant:  "subst'"
Text.Whitespace:  " "
Name.Constant:  "f"
Text.Whitespace:  " "
Punctuation:  "("
Name.Constant:  "rec"
Punctuation:  ":"
Text.Whitespace:  " "
Name.Constant:  "f"
Text.Whitespace:  " "
Name.Constant:  "x"
Text.Whitespace:  " "
Punctuation:  ":="
Text.Whitespace:  " "
Name.Constant:  "e"
Punctuation:  ")"
Text.Whitespace:  " "
Name.Constant:  "e"
Punctuation:  "))"
Text.Whitespace:  " "
Operator:  "@"
Text.Whitespace:  " "
Name.Constant:  "s"
Punctuation:  ";"
Text.Whitespace:  " "
Name.Constant:  "E"
Text.Whitespace:  " "
Punctuation:  "{{"
Text.Whitespace:  " "
Name.Constant:  "\u03A6"
Text.Whitespace:  " "
Punctuation:  "}})"
Text.Whitespace:  " "
Operator:  "-\u2217"
Text.Whitespace:  "<newline>  "
Operator:  "\u2200"
Text.Whitespace:  " "
Name.Constant:  "v"
Punctuation:  ","
Text.Whitespace:  " "
Name.Constant:  "\u03A8"
Text.Whitespace:  " "
Name.Constant:  "v"
Text.Whitespace:  " "
Operator:  "-\u2217"
Text.Whitespace:  " "
Name.Constant:  "WP"
Text.Whitespace:  " "
Punctuation:  "("
Name.Constant:  "rec"
Punctuation:  ":"
Text.Whitespace:  " "
Name.Constant:  "f"
Text.Whitespace:  " "
Name.Constant:  "x"
Text.Whitespace:  " "
Punctuation:  ":="
Text.Whitespace:  " "
Name.Constant:  "e"
Punctuation:  ")"
Operator:  "%"
Name.Constant:  "V"
Text.Whitespace:  " "
Name.Constant:  "v"
Text.Whitespace:  " "
Operator:  "@"
Text.Whitespace:  " "
Name.Constant:  "s"
Punctuation:  ";"
Text.Whitespace:  " "
Name.Constant:  "E"
Text.Whitespace:  " "
Punctuation:  "{{"
Text.Whitespace:  " "
Name.Constant:  "\u03A6"
Text.Whitespace:  " "
Punctuation:  "}}"
Punctuation.Indicator:  "."
Text.Whitespace:  "<newline>"
Keyword:  "Proof"
Punctuation.Indicator:  "."
Text.Whitespace:  "<newline>  "
Name.Constant:  "iIntros"
Text.Whitespace:  " "
Literal.String.Double:  "\"#Hrec\""
Punctuation.Indicator:  "."
Text.Whitespace:  " "
Name.Constant:  "iL\u00F6b"
Text.Whitespace:  " "
Keyword.Reserved:  "as"
Text.Whitespace:  " "
Literal.String.Double:  "\"IH\""
Punctuation.Indicator:  "."
Text.Whitespace:  " "
Name.Constant:  "iIntros"
Text.Whitespace:  " "
Punctuation:  "("
Name.Constant:  "v"
Punctuation:  ")"
Text.Whitespace:  " "
Literal.String.Double:  "\"H\u03A8\""
Punctuation.Indicator:  "."
Text.Whitespace:  "<newline>  "
Comment:  "(* dotted gives a path *)"
Text.Whitespace:  "<newline>  "
Name.Constant:  "iApply"
Text.Whitespace:  " "
Name.Namespace:  "lifting"
Punctuation:  "."
Name.Constant:  "wp_pure_step_later"
Punctuation:  ";"
Text.Whitespace:  " "
Keyword.Pseudo:  "first"
Text.Whitespace:  " "
Name.Constant:  "done"
Punctuation.Indicator:  "."
Text.Whitespace:  "<newline>  "
Name.Constant:  "iNext"
Punctuation.Indicator:  "."
Text.Whitespace:  " "
Name.Constant:  "iApply"
Text.Whitespace:  " "
Punctuation:  "("
Literal.String.Double:  "\"Hrec\""
Text.Whitespace:  " "
Keyword.Pseudo:  "with"
Text.Whitespace:  " "
Literal.String.Double:  "\"[] H\u03A8\""
Punctuation:  ")"
Punctuation.Indicator:  "."
Text.Whitespace:  " "
Name.Constant:  "iIntros"
Text.Whitespace:  " "
Literal.String.Double:  "\"!>\""
Text.Whitespace:  " "
Punctuation:  "("
Name.Constant:  "w"
Punctuation:  ")"
Text.Whitespace:  " "
Literal.String.Double:  "\"H\u03A8\""
Punctuation.Indicator:  "."
Text.Whitespace:  "<newline>  "
Name.Constant:  "iApply"
Text.Whitespace:  " "
Punctuation:  "("
Literal.String.Double:  "\"IH\""
Text.Whitespace:  " "
Keyword.Pseudo:  "with"
Text.Whitespace:  " "
Literal.String.Double:  "\"H\u03A8\""
Punctuation:  ")"
Punctuation.Indicator:  "."
Text.Whitespace:  "<newline>"
Keyword:  "Qed"
Punctuation.Indicator:  "."
Text.Whitespace:  "<newline><newline>"
Comment:  "(* unicode symbols distinct from braces and idents *)"
Text.Whitespace:  "<newline>"
Keyword:  "Lemma"
Text.Whitespace:  " "
Name.Constant:  "mapsto_frac_ne"
Text.Whitespace:  " "
Name.Constant:  "l1"
Text.Whitespace:  " "
Name.Constant:  "l2"
Text.Whitespace:  " "
Name.Constant:  "dq1"
Text.Whitespace:  " "
Name.Constant:  "dq2"
Text.Whitespace:  " "
Name.Constant:  "v1"
Text.Whitespace:  " "
Name.Constant:  "v2"
Text.Whitespace:  " "
Punctuation:  ":"
Text.Whitespace:  "<newline>  "
Operator:  "\u00AC"
Text.Whitespace:  " "
Operator:  "\u2713"
Punctuation:  "("
Name.Constant:  "dq1"
Text.Whitespace:  " "
Operator:  "\u22C5"
Text.Whitespace:  " "
Name.Constant:  "dq2"
Punctuation:  ")"
Text.Whitespace:  " "
Operator:  "\u2192"
Text.Whitespace:  " "
Name.Constant:  "l1"
Text.Whitespace:  " "
Operator:  "\u21A6"
Punctuation:  "{"
Name.Constant:  "dq1"
Punctuation:  "}"
Text.Whitespace:  " "
Name.Constant:  "v1"
Text.Whitespace:  " "
Operator:  "-\u2217"
Text.Whitespace:  " "
Name.Constant:  "l2"
Text.Whitespace:  " "
Operator:  "\u21A6"
Punctuation:  "{"
Name.Constant:  "dq2"
Punctuation:  "}"
Text.Whitespace:  " "
Name.Constant:  "v2"
Text.Whitespace:  " "
Operator:  "-\u2217"
Text.Whitespace:  " "
Operator:  "\u231C"
Name.Constant:  "l1"
Text.Whitespace:  " "
Operator:  "\u2260"
Text.Whitespace:  " "
Name.Constant:  "l2"
Operator:  "\u231D."
Text.Whitespace:  "<newline>"
Keyword:  "Proof"
Punctuation.Indicator:  "."
Text.Whitespace:  " "
Keyword.Pseudo:  "apply"
Text.Whitespace:  " "
Name.Constant:  "mapsto_frac_ne"
Punctuation.Indicator:  "."
Text.Whitespace:  " "
Keyword:  "Qed"
Punctuation.Indicator:  "."
Text.Whitespace:  "<newline><newline>"
Keyword:  "Lemma"
Text.Whitespace:  " "
Name.Constant:  "inv_mapsto_own_acc"
Text.Whitespace:  " "
Name.Constant:  "E"
Text.Whitespace:  " "
Name.Constant:  "l"
Text.Whitespace:  " "
Name.Constant:  "v"
Text.Whitespace:  " "
Name.Constant:  "I"
Punctuation:  ":"
Text.Whitespace:  "<newline>  "
Operator:  "\u2191"
Name.Constant:  "inv_heapN"
Text.Whitespace:  " "
Operator:  "\u2286"
Text.Whitespace:  " "
Name.Constant:  "E"
Text.Whitespace:  " "
Operator:  "\u2192"
Text.Whitespace:  "<newline>  "
Name.Constant:  "inv_heap_inv"
Text.Whitespace:  " "
Operator:  "-\u2217"
Text.Whitespace:  " "
Name.Constant:  "l"
Text.Whitespace:  " "
Operator:  "\u21A6_"
Name.Constant:  "I"
Text.Whitespace:  " "
Name.Constant:  "v"
Text.Whitespace:  " "
Operator:  "="
Punctuation:  "{"
Name.Constant:  "E"
Punctuation:  ","
Text.Whitespace:  " "
Name.Constant:  "E"
Text.Whitespace:  " "
Operator:  "\u2216"
Text.Whitespace:  " "
Operator:  "\u2191"
Name.Constant:  "inv_heapN"
Punctuation:  "}"
Operator:  "=\u2217"
Text.Whitespace:  "<newline>    "
Punctuation:  "("
Operator:  "\u231C"
Name.Constant:  "I"
Text.Whitespace:  " "
Name.Constant:  "v"
Operator:  "\u231D"
Text.Whitespace:  " "
Operator:  "\u2217"
Text.Whitespace:  " "
Name.Constant:  "l"
Text.Whitespace:  " "
Operator:  "\u21A6"
Text.Whitespace:  " "
Name.Constant:  "v"
Text.Whitespace:  " "
Operator:  "\u2217"
Text.Whitespace:  " "
Punctuation:  "("
Operator:  "\u2200"
Text.Whitespace:  " "
Name.Constant:  "w"
Punctuation:  ","
Text.Whitespace:  " "
Operator:  "\u231C"
Name.Constant:  "I"
Text.Whitespace:  " "
Name.Constant:  "w"
Text.Whitespace:  " "
Operator:  "\u231D"
Text.Whitespace:  " "
Operator:  "-\u2217"
Text.Whitespace:  " "
Name.Constant:  "l"
Text.Whitespace:  " "
Operator:  "\u21A6"
Text.Whitespace:  " "
Name.Constant:  "w"
Text.Whitespace:  " "
Operator:  "="
Punctuation:  "{"
Name.Constant:  "E"
Text.Whitespace:  " "
Operator:  "\u2216"
Text.Whitespace:  " "
Operator:  "\u2191"
Name.Constant:  "inv_heapN"
Punctuation:  ","
Text.Whitespace:  " "
Name.Constant:  "E"
Punctuation:  "}"
Operator:  "=\u2217"
Text.Whitespace:  " "
Name.Constant:  "l"
Text.Whitespace:  " "
Operator:  "\u21A6_"
Name.Constant:  "I"
Text.Whitespace:  " "
Name.Constant:  "w"
Punctuation:  "))"
Punctuation.Indicator:  "."
Text.Whitespace:  "<newline>"
Keyword:  "Proof"
Punctuation.Indicator:  "."
Text.Whitespace:  " "
Comment:  "(*snip*)"
Text.Whitespace:  " "
Keyword:  "Qed"
Punctuation.Indicator:  "."
Text.Whitespace:  "<newline><newline>"
Keyword:  "Lemma"
Text.Whitespace:  " "
Name.Constant:  "mapsto_persist"
Text.Whitespace:  " "
Name.Constant:  "l"
Text.Whitespace:  " "
Name.Constant:  "dq"
Text.Whitespace:  " "
Name.Constant:  "v"
Text.Whitespace:  " "
Punctuation:  ":"
Text.Whitespace:  " "
Name.Constant:  "l"
Text.Whitespace:  " "
Operator:  "\u21A6"
Punctuation:  "{"
Name.Constant:  "dq"
Punctuation:  "}"
Text.Whitespace:  " "
Name.Constant:  "v"
Text.Whitespace:  " "
Operator:  "==\u2217"
Text.Whitespace:  " "
Name.Constant:  "l"
Text.Whitespace:  " "
Operator:  "\u21A6\u25A1"
Text.Whitespace:  " "
Name.Constant:  "v"
Punctuation.Indicator:  "."
Text.Whitespace:  "<newline>"
Keyword:  "Proof"
Punctuation.Indicator:  "."
Text.Whitespace:  "<newline>  "
Keyword.Pseudo:  "refine"
Text.Whitespace:  " "
Punctuation:  "?["
Name.Constant:  "named"
Punctuation:  "]"
Punctuation.Indicator:  "."
Text.Whitespace:  " "
Keyword.Pseudo:  "refine"
Text.Whitespace:  " "
Punctuation:  "?["
Name.Constant:  "named2"
Punctuation:  "]"
Punctuation.Indicator:  "."
Text.Whitespace:  "<newline>  "
Punctuation:  "["
Name.Constant:  "named"
Punctuation:  "]:"
Text.Whitespace:  " "
Name.Constant:  "done"
Punctuation.Indicator:  "."
Text.Whitespace:  "<newline>  "
Punctuation:  "["
Name.Constant:  "named2"
Punctuation:  "]:"
Text.Whitespace:  " "
Punctuation:  "{"
Text.Whitespace:  " "
Name.Constant:  "done"
Punctuation.Indicator:  "."
Text.Whitespace:  " "
Punctuation:  "}"
Text.Whitespace:  "<newline>  "
Comment:  "(* Bullets are distinct from operators, and are treated as Punctuation *)"
Text.Whitespace:  "<newline>  "
Punctuation:  "-"
Text.Whitespace:  " "
Name.Constant:  "done"
Punctuation.Indicator:  "."
Text.Whitespace:  "<newline>    "
Punctuation:  "+"
Text.Whitespace:  " "
Name.Constant:  "done"
Punctuation.Indicator:  "."
Text.Whitespace:  "<newline>      "
Punctuation:  "--"
Text.Whitespace:  " "
Name.Constant:  "done"
Punctuation.Indicator:  "."
Text.Whitespace:  "<newline>    "
Punctuation:  "+"
Text.Whitespace:  " "
Keyword.Pseudo:  "apply"
Text.Whitespace:  " "
Punctuation:  "("
Name.Constant:  "f"
Text.Whitespace:  " "
Literal.Number.Integer:  "-888"
Text.Whitespace:  " "
Operator:  "+"
Text.Whitespace:  " "
Literal.Number.Integer:  "5"
Punctuation:  ")"
Punctuation.Indicator:  "."
Text.Whitespace:  "<newline>  "
Keyword.Pseudo:  "all"
Punctuation:  ":"
Text.Whitespace:  " "
Name.Constant:  "nice"
Punctuation.Indicator:  "."
Text.Whitespace:  "<newline>  "
Literal.Number.Integer:  "1"
Punctuation:  ":"
Text.Whitespace:  " "
Punctuation:  "{"
Text.Whitespace:  " "
Name.Constant:  "done"
Punctuation.Indicator:  "."
Text.Whitespace:  " "
Punctuation:  "}"
Text.Whitespace:  "<newline>  "
Literal.Number.Integer:  "1"
Punctuation:  ","
Literal.Number.Integer:  "2"
Punctuation:  ":"
Text.Whitespace:  " "
Punctuation:  "{"
Text.Whitespace:  " "
Name.Constant:  "done"
Punctuation.Indicator:  "."
Text.Whitespace:  " "
Punctuation:  "}"
Text.Whitespace:  "<newline>  "
Literal.Number.Integer:  "1"
Punctuation:  ","
Literal.Number.Integer:  "2"
Punctuation:  ","
Literal.Number.Integer:  "3"
Punctuation:  ":"
Text.Whitespace:  " "
Punctuation:  "{"
Text.Whitespace:  " "
Name.Constant:  "done"
Punctuation.Indicator:  "."
Text.Whitespace:  " "
Punctuation:  "}"
Text.Whitespace:  "<newline>"
Keyword:  "Qed"
Punctuation.Indicator:  "."
Text.Whitespace:  "<newline><newline>"
Keyword:  "Unset"
Text.Whitespace:  " "
Keyword:  "Implicit"
Text.Whitespace:  " "
Keyword:  "Arguments"
Punctuation.Indicator:  "."
Text.Whitespace:  "<newline>"
Keyword:  "Set"
Text.Whitespace:  " "
Keyword:  "Strict"
Text.Whitespace:  " "
Keyword:  "Implicit"
Punctuation.Indicator:  "."
Text.Whitespace:  "<newline>"
Keyword:  "Set"
Text.Whitespace:  " "
Keyword:  "Printing"
Text.Whitespace:  " "
Keyword:  "Notations"
Punctuation.Indicator:  "."
Text.Whitespace:  "<newline>"
Keyword:  "CoInductive"
Text.Whitespace:  " "
Name.Constant:  "Trace"
Text.Whitespace:  " "
Punctuation:  "("
Name.Constant:  "A"
Punctuation:  ":"
Name.Constant:  "automaton"
Punctuation:  ")"
Text.Whitespace:  " "
Punctuation:  ":"
Text.Whitespace:  " "
Name.Constant:  "states"
Text.Whitespace:  " "
Name.Constant:  "A"
Text.Whitespace:  " "
Operator:  "->"
Text.Whitespace:  " "
Name.Constant:  "LList"
Text.Whitespace:  " "
Punctuation:  "("
Name.Constant:  "actions"
Text.Whitespace:  " "
Name.Constant:  "A"
Punctuation:  ")"
Text.Whitespace:  " "
Operator:  "->"
Text.Whitespace:  " "
Keyword.Reserved:  "Prop"
Text.Whitespace:  " "
Punctuation:  ":="
Text.Whitespace:  "<newline>"
Punctuation:  "|"
Text.Whitespace:  " "
Name.Constant:  "empty_trace"
Text.Whitespace:  " "
Punctuation:  ":"
Text.Whitespace:  " "
Keyword.Reserved:  "forall"
Text.Whitespace:  " "
Name.Constant:  "q"
Punctuation:  ":"
Name.Constant:  "states"
Text.Whitespace:  " "
Name.Constant:  "A"
Punctuation:  ","
Text.Whitespace:  " "
Name.Constant:  "deadlock"
Text.Whitespace:  " "
Name.Constant:  "A"
Text.Whitespace:  " "
Name.Constant:  "q"
Text.Whitespace:  " "
Operator:  "->"
Text.Whitespace:  " "
Name.Constant:  "Trace"
Text.Whitespace:  " "
Name.Constant:  "A"
Text.Whitespace:  " "
Name.Constant:  "q"
Text.Whitespace:  " "
Name.Constant:  "LNil"
Text.Whitespace:  "<newline>"
Punctuation:  "|"
Text.Whitespace:  " "
Name.Constant:  "lcons_trace"
Text.Whitespace:  " "
Punctuation:  ":"
Text.Whitespace:  "<newline>    "
Keyword.Reserved:  "forall"
Text.Whitespace:  " "
Punctuation:  "("
Name.Constant:  "q"
Text.Whitespace:  " "
Name.Constant:  "q'"
Punctuation:  ":"
Name.Constant:  "states"
Text.Whitespace:  " "
Name.Constant:  "A"
Punctuation:  ")"
Text.Whitespace:  " "
Punctuation:  "("
Name.Constant:  "a"
Punctuation:  ":"
Name.Constant:  "actions"
Text.Whitespace:  " "
Name.Constant:  "A"
Punctuation:  ")"
Text.Whitespace:  " "
Punctuation:  "("
Name.Constant:  "l"
Punctuation:  ":"
Name.Constant:  "LList"
Text.Whitespace:  " "
Punctuation:  "("
Name.Constant:  "actions"
Text.Whitespace:  " "
Name.Constant:  "A"
Punctuation:  ")),"
Text.Whitespace:  "<newline>      "
Name.Constant:  "In"
Text.Whitespace:  " "
Name.Constant:  "q'"
Text.Whitespace:  " "
Punctuation:  "("
Name.Constant:  "transitions"
Text.Whitespace:  " "
Name.Constant:  "A"
Text.Whitespace:  " "
Name.Constant:  "q"
Text.Whitespace:  " "
Name.Constant:  "a"
Punctuation:  ")"
Text.Whitespace:  " "
Operator:  "->"
Text.Whitespace:  " "
Name.Constant:  "Trace"
Text.Whitespace:  " "
Name.Constant:  "A"
Text.Whitespace:  " "
Name.Constant:  "q'"
Text.Whitespace:  " "
Name.Constant:  "l"
Text.Whitespace:  " "
Operator:  "->"
Text.Whitespace:  " "
Name.Constant:  "Trace"
Text.Whitespace:  " "
Name.Constant:  "A"
Text.Whitespace:  " "
Name.Constant:  "q"
Text.Whitespace:  " "
Punctuation:  "("
Name.Constant:  "LCons"
Text.Whitespace:  " "
Name.Constant:  "a"
Text.Whitespace:  " "
Name.Constant:  "l"
Punctuation:  ")"
Punctuation.Indicator:  "."
Text.Whitespace:  "<newline>"
Keyword:  "Set"
Text.Whitespace:  " "
Keyword:  "Implicit"
Text.Whitespace:  " "
Keyword:  "Arguments"
Punctuation.Indicator:  "."
Text.Whitespace:  "<newline>"
Keyword:  "Unset"
Text.Whitespace:  " "
Keyword:  "Strict"
Text.Whitespace:  " "
Keyword:  "Implicit"
Punctuation.Indicator:  "."
Text.Whitespace:  "<newline>"
