Generic.Heading:  "diff --git a/README.md b/README.md<newline>index 87f10f4..09ba8c0 100644<newline>"
Generic.Deleted:  "--- a/README.md<newline>"
Generic.Inserted:  "+++ b/README.md<newline>"
Punctuation:  "@@ -1,10 +1,23 @@"
Text:  "<newline> # Rouge<newline> <newline>"
Generic.Deleted:  "-This project is not yet finished, but this works:<newline>"
Generic.Inserted:  "+This project needs your help!  There are lots of lexers to be implemented / ported / fixed, and features that need to be added or implemented.  If you'd like to help out, send me a pull request (even if it's not done yet!).  Bonus points for feature branches.<newline>+<newline>+## Usage<newline>"
Text:  " <newline> ``` ruby<newline>"
Generic.Deleted:  "-formatter = Rouge::Formatters::HTML.new<newline>"
Generic.Inserted:  "+# make some nice lexed html, compatible with pygments stylesheets<newline>"
Generic.Strong:  "!formatter = Rouge::Formatters::HTML.new(:css_class => '.highlight')<newline>"
Text:  " Rouge.highlight(File.read('/etc/bash.bashrc'), 'shell', formatter)<newline>"
Generic.Inserted:  "+<newline>+# apply a theme<newline>+Rouge::Themes::ThankfulEyes.new(:scope => '.highlight').render<newline>"
Text:  " ```<newline> <newline>"
Generic.Deleted:  "-More features, documentation, lexers, and formatters to come.  Help is appreciated, too, if you think this is awesome :)<newline>"
Generic.Inserted:  "+Rouge aims to be simple to extend, and to be a drop-in replacement pygments, with the same quality of output.<newline>+<newline>+### Advantages to pygments.rb<newline>+* No python bridge is necessary - you can deploy it on Heroku effortlessly, without the need for [epic hacks][].<newline>+<newline>+### Advantages to CodeRay<newline>+<newline>+[epic hacks]: https://github.com/rumblelabs/pygments-heroku<newline>"
Generic.Heading:  "diff --git a/lib/rouge.rb b/lib/rouge.rb<newline>index e86da00..c947a8b 100644<newline>"
Generic.Deleted:  "--- a/lib/rouge.rb<newline>"
Generic.Inserted:  "+++ b/lib/rouge.rb<newline>"
Punctuation:  "@@ -16,6 +16,7 @@"
Text:  " load_dir = Pathname.new(__FILE__).dirname<newline> load load_dir.join('rouge/token.rb')<newline> load load_dir.join('rouge/lexer.rb')<newline> load load_dir.join('rouge/lexers/text.rb')<newline>"
Generic.Inserted:  "+load load_dir.join('rouge/lexers/diff.rb')<newline>"
Text:  " load load_dir.join('rouge/lexers/shell.rb')<newline> load load_dir.join('rouge/lexers/javascript.rb')<newline> <newline>"
Generic.Heading:  "diff --git a/lib/rouge/token.rb b/lib/rouge/token.rb<newline>index ab1701b..155fa52 100644<newline>"
Generic.Deleted:  "--- a/lib/rouge/token.rb<newline>"
Generic.Inserted:  "+++ b/lib/rouge/token.rb<newline>"
Punctuation:  "@@ -112,6 +112,7 @@"
Text:  " module Rouge<newline>     token 'Keyword.Type',                'kt'<newline> <newline>     token 'Name',                        'n'<newline>"
Generic.Inserted:  "+<newline>"
Text:  "     token 'Name.Attribute',              'na'<newline>     token 'Name.Builtin',                'nb'<newline>     token 'Name.Builtin.Pseudo',         'bp'<newline>"
Error:  "<newline>"
Text:  "$ diff a b<newline>"
Punctuation:  "1a2<newline>"
Generic.Inserted:  "><newline>> This paragraph contains<newline>> important new additions<newline>> to this document.<newline>> <p>Work with tag</p><newline>"
Punctuation:  "3c4<newline>"
Generic.Deleted:  "< This paragraph contains<newline>< text that is outdated.<newline>< It will be deleted in the<newline>< near future.<newline>< <p>Work with tag</p><newline><<newline>"
Punctuation:  "---<newline>"
Generic.Inserted:  "> Line before was removed<newline>"
Error:  "<newline><newline>"
Text:  "<div><newline>"
Generic.Deleted:  "-  <p></p><newline>"
Generic.Inserted:  "+  <span></span><newline>"
Text:  "</div><newline>"
