Name.Tag:  "<h3>"
Text:  "List"
Name.Tag:  "</h3>"
Text:  "<newline>"
Comment.Preproc:  "<%"
Text:  " "
Keyword:  "if"
Text:  " "
Operator:  "!"
Name.Variable.Instance:  "@list"
Text:  " "
Operator:  "||"
Text:  " "
Name.Variable.Instance:  "@list"
Punctuation:  "."
Name.Function:  "empty?"
Text:  " "
Comment.Preproc:  "%>"
Text:  "<newline>"
Name.Tag:  "<p>"
Text:  "not found."
Name.Tag:  "</p>"
Text:  "<newline>"
Comment.Preproc:  "<%"
Text:  " "
Keyword:  "else"
Text:  " "
Comment.Preproc:  "%>"
Text:  "<newline>"
Name.Tag:  "<table>"
Text:  "<newline>  "
Name.Tag:  "<tbody>"
Text:  "<newline>    "
Comment.Preproc:  "<%"
Text:  " "
Name.Variable.Instance:  "@list"
Punctuation:  "."
Name.Function:  "each_with_index"
Text:  " "
Keyword:  "do"
Text:  " "
Operator:  "|"
Name:  "item"
Punctuation:  ","
Text:  " "
Name:  "i"
Operator:  "|"
Text:  " "
Comment.Preproc:  "%>"
Text:  "<newline>    "
Name.Tag:  "<tr"
Text:  " "
Name.Attribute:  "bgcolor="
Literal.String:  "\""
Comment.Preproc:  "<%="
Text:  " "
Name:  "i"
Operator:  "%"
Literal.Number.Integer:  "2"
Text:  " "
Operator:  "=="
Text:  " "
Literal.Number.Integer:  "0"
Text:  " "
Punctuation:  "?"
Text:  " "
Literal.String.Single:  "'#FFCCCC'"
Text:  " "
Punctuation:  ":"
Text:  " "
Literal.String.Single:  "'#CCCCFF'"
Text:  " "
Comment.Preproc:  "%>"
Literal.String:  "\""
Name.Tag:  ">"
Text:  "<newline>      "
Name.Tag:  "<td>"
Comment.Preproc:  "<%="
Text:  " "
Name:  "item"
Text:  " "
Comment.Preproc:  "%>"
Name.Tag:  "</td>"
Text:  "<newline>    "
Name.Tag:  "</tr>"
Text:  "<newline>    "
Comment.Preproc:  "<%"
Text:  " "
Keyword:  "end"
Text:  " "
Comment.Preproc:  "%>"
Text:  "<newline>  "
Name.Tag:  "</tbody>"
Text:  "<newline>"
Name.Tag:  "</table>"
Text:  "<newline>"
Comment.Preproc:  "<%"
Text:  " "
Keyword:  "end"
Text:  " "
Comment.Preproc:  "%>"
Text:  "<newline><newline>"
Comment:  "<%# Sometimes you just need to use a variable or two %>"
Text:  "<newline>"
Comment.Preproc:  "<%"
Text:  " "
Name:  "header_tag"
Text:  " "
Operator:  "="
Text:  " "
Literal.String.Single:  "'h1'"
Text:  " "
Comment.Preproc:  "%>"
Text:  "<newline><newline>"
Name.Tag:  "<"
Comment.Preproc:  "<%="
Text:  " "
Name:  "header_tag"
Text:  " "
Comment.Preproc:  "%>"
Name.Tag:  ">"
Text:  "<newline>  it's a header!<newline>"
Name.Tag:  "</"
Comment.Preproc:  "<%="
Text:  " "
Name:  "header_tag"
Text:  " "
Comment.Preproc:  "%>"
Name.Tag:  ">"
Text:  "<newline><newline>"
Name.Tag:  "<p>"
Text:  "<newline>  Some text<newline>"
Name.Tag:  "</p>"
Text:  "<newline>"
Name.Tag:  "<script>"
Text:  "<newline>  "
Keyword.Declaration:  "var"
Text:  " "
Name.Other:  "foo"
Text:  " "
Operator:  "="
Text:  " "
Literal.Number.Integer:  "1"
Punctuation:  ";"
Text:  "<newline>  "
Keyword.Declaration:  "var"
Text:  " "
Name.Other:  "bar"
Text:  " "
Operator:  "="
Text:  " "
Comment.Preproc:  "<%="
Text:  " "
Name:  "bar"
Text:  " "
Comment.Preproc:  "%>"
Punctuation:  ";"
Text:  "<newline>  "
Keyword.Declaration:  "var"
Text:  " "
Name.Other:  "baz"
Text:  " "
Operator:  "="
Text:  " "
Punctuation:  "{"
Text:  "<newline>    "
Name.Attribute:  "a"
Punctuation:  ":"
Text:  " "
Literal.Number.Integer:  "1"
Punctuation:  ","
Text:  "<newline>    "
Name.Attribute:  "b"
Punctuation:  ":"
Text:  " "
Literal.Number.Integer:  "2"
Text:  "<newline>  "
Punctuation:  "};"
Text:  "<newline>"
Name.Tag:  "</script>"
Text:  "<newline>"
Name.Tag:  "<style>"
Text:  "<newline>"
Name.Class:  ".foo"
Text:  " "
Punctuation:  "{"
Text:  "<newline>  "
Name.Label:  "line-height"
Punctuation:  ":"
Text:  " "
Comment.Preproc:  "<%="
Text:  " "
Name.Variable.Instance:  "@line_height"
Text:  " "
Comment.Preproc:  "%>"
Text:  "<newline>"
Punctuation:  "}"
Text:  "<newline>"
Name.Tag:  "</style>"
Text:  "<newline>"
Name.Tag:  "<p>"
Text:  "<newline>  Some another text<newline>"
Name.Tag:  "</p>"
Text:  "<newline>thumbsup 0<newline>"
