Comment.Single:  "# Simple things are simple."
Text.Whitespace:  "<newline>"
Name.Constant:  "hello-user"
Text.Whitespace:  " "
Punctuation:  "="
Text.Whitespace:  " "
Text:  "Hello, "
Punctuation:  "{"
Name.Variable:  "$userName"
Punctuation:  "}"
Text:  "!"
Text.Whitespace:  "<newline><newline>"
Comment.Single:  "# Complex things are possible."
Text.Whitespace:  "<newline>"
Name.Constant:  "shared-photos"
Text.Whitespace:  " "
Punctuation:  "="
Text.Whitespace:  "<newline>    "
Punctuation:  "{"
Name.Variable:  "$userName"
Punctuation:  "}"
Text:  " "
Punctuation:  "{"
Name.Variable:  "$photoCount"
Text.Whitespace:  " "
Punctuation:  "->"
Text.Whitespace:  "<newline>        "
Punctuation:  "["
Literal.String.Symbol:  "one"
Punctuation:  "]"
Text:  " added a new photo"
Text.Whitespace:  "<newline>       "
Punctuation.Indicator:  "*"
Punctuation:  "["
Literal.String.Symbol:  "other"
Punctuation:  "]"
Text:  " added "
Punctuation:  "{"
Name.Variable:  "$photoCount"
Punctuation:  "}"
Text:  " new photos"
Text.Whitespace:  "<newline>    "
Punctuation:  "}"
Text:  " to "
Punctuation:  "{"
Name.Variable:  "$userGender"
Text.Whitespace:  " "
Punctuation:  "->"
Text.Whitespace:  "<newline>        "
Punctuation:  "["
Literal.String.Symbol:  "male"
Punctuation:  "]"
Text:  " his stream"
Text.Whitespace:  "<newline>        "
Punctuation:  "["
Literal.String.Symbol:  "female"
Punctuation:  "]"
Text:  " her stream"
Text.Whitespace:  "<newline>       "
Punctuation.Indicator:  "*"
Punctuation:  "["
Literal.String.Symbol:  "other"
Punctuation:  "]"
Text:  " their stream"
Text.Whitespace:  "<newline>    "
Punctuation:  "}"
Text:  "."
Text.Whitespace:  "<newline><newline>"
Comment.Single:  "## Closing tabs"
Text.Whitespace:  "<newline><newline>"
Name.Constant:  "tabs-close-button"
Text.Whitespace:  " "
Punctuation:  "="
Text.Whitespace:  " "
Text:  "Close"
Text.Whitespace:  "<newline>"
Name.Constant:  "tabs-close-tooltip"
Text.Whitespace:  " "
Punctuation:  "="
Text.Whitespace:  " "
Punctuation:  "{"
Name.Variable:  "$tabCount"
Text.Whitespace:  " "
Punctuation:  "->"
Text.Whitespace:  "<newline>    "
Punctuation:  "["
Literal.String.Symbol:  "one"
Punctuation:  "]"
Text:  " Close "
Punctuation:  "{"
Name.Variable:  "$tabCount"
Punctuation:  "}"
Text:  " tab"
Text.Whitespace:  "<newline>   "
Punctuation.Indicator:  "*"
Punctuation:  "["
Literal.String.Symbol:  "other"
Punctuation:  "]"
Text:  " Close "
Punctuation:  "{"
Name.Variable:  "$tabCount"
Punctuation:  "}"
Text:  " tabs"
Text.Whitespace:  "<newline>"
Punctuation:  "}"
Text.Whitespace:  "<newline>"
Name.Constant:  "tabs-close-warning"
Text.Whitespace:  " "
Punctuation:  "="
Text.Whitespace:  "<newline>    "
Text:  "You are about to close "
Punctuation:  "{"
Name.Variable:  "$tabCount"
Punctuation:  "}"
Text:  " tabs."
Text.Whitespace:  "<newline>    "
Text:  "Are you sure you want to continue?"
Text.Whitespace:  "<newline><newline>"
Comment.Single:  "## Syncing"
Text.Whitespace:  "<newline><newline>"
Name.Entity:  "-sync-brand-name"
Text.Whitespace:  " "
Punctuation:  "="
Text.Whitespace:  " "
Text:  "Firefox Account"
Text.Whitespace:  "<newline><newline>"
Name.Constant:  "sync-dialog-title"
Text.Whitespace:  " "
Punctuation:  "="
Text.Whitespace:  " "
Punctuation:  "{"
Name.Entity:  "-sync-brand-name"
Punctuation:  "}"
Text.Whitespace:  "<newline>"
Name.Constant:  "sync-headline-title"
Text.Whitespace:  " "
Punctuation:  "="
Text.Whitespace:  "<newline>    "
Punctuation:  "{"
Name.Entity:  "-sync-brand-name"
Punctuation:  "}"
Text:  ": The best way to bring"
Text.Whitespace:  "<newline>    "
Text:  "your data always with you"
Text.Whitespace:  "<newline>"
Name.Constant:  "sync-signedout-title"
Text.Whitespace:  " "
Punctuation:  "="
Text.Whitespace:  "<newline>    "
Text:  "Connect with your "
Punctuation:  "{"
Name.Entity:  "-sync-brand-name"
Punctuation:  "}"
Text.Whitespace:  "<newline><newline>"
Comment.Single:  "## Other structures"
Text.Whitespace:  "<newline>"
Name.Constant:  "key"
Text.Whitespace:  " "
Punctuation:  "="
Text.Whitespace:  " "
Punctuation:  "{"
Name.Builtin:  "TONE"
Punctuation:  "("
Literal.Number.Float:  "-1.0"
Punctuation:  ","
Text.Whitespace:  " "
Literal.String.Double:  "\"f"
Literal.String.Escape:  "\\u1235"
Literal.String.Double:  "oo\""
Punctuation:  ")}"
Text.Whitespace:  "<newline>"
Name.Attribute:  "  .attribute"
Text.Whitespace:  " "
Punctuation:  "="
Text.Whitespace:  " "
Text:  "value"
Text.Whitespace:  "<newline>"
Name.Constant:  "example"
Text.Whitespace:  " "
Punctuation:  "="
Text.Whitespace:  " "
Punctuation:  "{"
Name.Variable:  "$x"
Text.Whitespace:  " "
Punctuation:  "->"
Text.Whitespace:  "<newline>  "
Punctuation.Indicator:  "*"
Punctuation:  "["
Literal.Number.Integer:  "0"
Punctuation:  "]"
Text:  " select ends on same line"
Punctuation:  "}"
Text:  " alright?"
Text.Whitespace:  "<newline>"
Name.Constant:  "foo"
Text.Whitespace:  " "
Punctuation:  "="
Text.Whitespace:  " "
Text:  "bar"
Text.Whitespace:  "<newline>"
