Comment.Preproc:  "<?hh // strict"
Text:  "<newline><newline>"
Comment.Single:  "// Unlike PHP, there's no top-level content (e.g. HTML) before `<?hh`, and `?>` is unsupported."
Text:  "<newline><newline>"
Keyword.Namespace:  "namespace"
Text:  " "
Name.Namespace:  "Foo\\Bar"
Punctuation:  ";"
Text:  "<newline><newline>"
Keyword:  "async"
Text:  " "
Keyword:  "function"
Text:  " "
Name:  "main"
Punctuation:  "("
Keyword.Type:  "Vector"
Operator:  "<"
Keyword:  "string"
Operator:  ">"
Text:  " "
Name.Variable:  "$argv"
Punctuation:  "):"
Text:  " "
Keyword.Type:  "Awaitable"
Operator:  "<"
Keyword:  "void"
Operator:  ">"
Text:  " "
Punctuation:  "{"
Text:  "<newline>  "
Name.Builtin:  "var_dump"
Punctuation:  "("
Name.Variable:  "$argv"
Operator:  "->"
Name.Function:  "map"
Punctuation:  "("
Name.Variable:  "$x"
Text:  " "
Operator:  "==>"
Text:  " "
Literal.String.Single:  "'Arg: '"
Literal.Number.Float:  "."
Name.Variable:  "$x"
Literal.Number.Float:  "."
Literal.String.Double:  "\""
Literal.String.Escape:  "<newline>"
Literal.String.Double:  "\""
Punctuation:  "));"
Text:  "<newline>"
Punctuation:  "}"
Text:  "<newline><newline>"
Comment.Single:  "// vec: new by-value container"
Text:  "<newline>"
Comment.Single:  "// Vector: old by-ref (object semantics) container"
Text:  "<newline>"
Keyword:  "async"
Text:  " "
Keyword:  "function"
Text:  " "
Name:  "wrap"
Punctuation:  "("
Keyword.Type:  "vec"
Operator:  "<"
Keyword:  "string"
Operator:  ">"
Text:  " "
Name.Variable:  "$argv"
Punctuation:  "):"
Text:  " "
Keyword.Type:  "Awaitable"
Operator:  "<"
Keyword:  "void"
Operator:  ">"
Text:  " "
Punctuation:  "{"
Text:  "<newline>  "
Keyword:  "await"
Text:  " "
Name.Builtin:  "main"
Punctuation:  "("
Keyword:  "new"
Text:  " "
Name.Class:  "Vector"
Punctuation:  "("
Name.Variable:  "$argv"
Punctuation:  "));"
Text:  "<newline>"
Punctuation:  "}"
Text:  "<newline><newline>"
Keyword:  "function"
Text:  " "
Name:  "foo"
Punctuation:  "("
Keyword.Type:  "int"
Text:  " "
Name.Variable:  "$x"
Punctuation:  "):"
Text:  " "
Keyword.Type:  "string"
Text:  " "
Punctuation:  "{"
Text:  "<newline>  "
Comment.Preproc:  "// UNSAFE"
Text:  "<newline>  "
Keyword:  "return"
Text:  " "
Name.Variable:  "$x"
Punctuation:  ";"
Text:  "<newline>"
Punctuation:  "}"
Text:  "<newline><newline>"
Keyword:  "function"
Text:  " "
Name:  "bar"
Punctuation:  "("
Keyword.Type:  "int"
Text:  " "
Name.Variable:  "$x"
Punctuation:  "):"
Text:  " "
Keyword.Type:  "string"
Text:  " "
Punctuation:  "{"
Text:  "<newline>  "
Keyword:  "return"
Text:  " "
Comment.Preproc:  "/* UNSAFE_EXPR */"
Text:  " "
Name.Variable:  "$x"
Punctuation:  ";"
Text:  "<newline>"
Punctuation:  "}"
Text:  "<newline><newline>"
Comment.Preproc:  "/* HH_FIXME[1002]"
Comment.Multiline:  " pseudomain in strict file "
Comment.Preproc:  "*/"
Text:  "<newline>"
Name.Function:  "HH\\Asio\\join"
Punctuation:  "("
Name.Builtin:  "main"
Punctuation:  "());"
Text:  "<newline>"
