Keyword:  "{{"
Name.Variable:  "foo"
Keyword:  "}}"
Text:  "<newline><newline>"
Comment:  "{{! \"bar\" should be regular HTML }}"
Text:  "<newline>"
Keyword:  "{{"
Name.Variable:  "foo"
Keyword:  "}}"
Text:  " \\{{bar}} "
Keyword:  "{{"
Name.Variable:  "baz"
Keyword:  "}}"
Text:  "<newline><newline>"
Keyword:  "{{"
Name.Variable:  "foo"
Keyword:  "}}"
Text:  " \\{{bar}} \\{{baz}}<newline><newline>"
Keyword:  "{{"
Name.Variable:  "foo"
Keyword:  "}}"
Text:  " \\{{{bar}}} "
Keyword:  "{{"
Name.Variable:  "baz"
Keyword:  "}}"
Text:  "<newline><newline>"
Keyword:  "{{"
Name.Variable:  "foo"
Punctuation:  "/"
Name.Variable:  "bar"
Keyword:  "}}"
Text:  "<newline><newline>"
Keyword:  "{{"
Name.Variable:  "foo"
Punctuation:  "."
Name.Variable:  "bar"
Keyword:  "}}"
Text:  "<newline>"
Keyword:  "{{"
Name.Variable:  "foo"
Punctuation:  "."
Name.Variable:  "bar"
Punctuation:  "."
Name.Variable:  "baz"
Keyword:  "}}"
Text:  "<newline>"
Keyword:  "{{"
Name.Variable:  "foo"
Punctuation:  ".["
Name.Variable:  "bar"
Punctuation:  "]"
Keyword:  "}}"
Text:  "<newline>"
Keyword:  "{{"
Name.Variable:  "foo"
Punctuation:  ".["
Name.Variable:  "bar"
Punctuation:  "]"
Keyword:  "}}{{"
Name.Variable:  "foo"
Punctuation:  ".["
Name.Variable:  "baz"
Punctuation:  "]"
Keyword:  "}}"
Text:  "<newline>"
Keyword:  "{{"
Name.Variable:  "."
Keyword:  "}}"
Text:  "<newline>"
Keyword:  "{{"
Name.Variable:  ".."
Punctuation:  "/"
Name.Variable:  "foo"
Punctuation:  "/"
Name.Variable:  "bar"
Keyword:  "}}"
Text:  "<newline>"
Keyword:  "{{"
Name.Variable:  ".."
Punctuation:  "/"
Name.Variable:  "foo"
Punctuation:  "."
Name.Variable:  "bar"
Keyword:  "}}"
Text:  "<newline>"
Keyword:  "{{"
Name.Variable:  "this"
Punctuation:  "/"
Name.Variable:  "foo"
Keyword:  "}}"
Text:  "<newline>"
Keyword:  "{{"
Text:  "  "
Name.Variable:  "foo"
Text:  "  "
Keyword:  "}}"
Text:  "<newline>"
Keyword:  "{{"
Text:  "  "
Name.Variable:  "foo"
Text:  "  <newline>"
Name.Variable:  "bar"
Text:  " "
Keyword:  "}}"
Text:  "<newline>foo "
Keyword:  "{{"
Text:  " "
Name.Variable:  "bar"
Text:  " "
Keyword:  "}}"
Text:  " baz<newline>"
Keyword:  "{{>"
Text:  " "
Name.Variable:  "foo"
Keyword:  "}}"
Text:  "<newline>"
Keyword:  "{{>"
Text:  " "
Name.Variable:  "foo"
Text:  " "
Name.Variable:  "bar"
Text:  " "
Keyword:  "}}"
Text:  "<newline>"
Keyword:  "{{>"
Name.Variable:  "foo"
Keyword:  "}}"
Text:  "<newline>"
Keyword:  "{{>"
Name.Variable:  "foo"
Text:  "  "
Keyword:  "}}"
Text:  "<newline>foo "
Comment:  "{{! this is a comment }}"
Text:  " bar "
Keyword:  "{{"
Text:  " "
Name.Variable:  "baz"
Text:  " "
Keyword:  "}}"
Text:  "<newline>foo "
Comment:  "{{!-- this is a {{comment}} --}}"
Text:  " bar "
Keyword:  "{{"
Text:  " "
Name.Variable:  "baz"
Text:  " "
Keyword:  "}}"
Text:  "<newline><newline>foo "
Comment:  "{{!-- this is a<newline>{{comment}}<newline>--}}"
Text:  " bar "
Keyword:  "{{"
Text:  " "
Name.Variable:  "baz"
Text:  " "
Keyword:  "}}"
Text:  "<newline><newline>"
Keyword:  "{{#"
Name.Namespace:  "foo"
Keyword:  "}}"
Text:  "content"
Keyword:  "{{/"
Name.Namespace:  "foo"
Keyword:  "}}"
Text:  "<newline><newline>"
Keyword:  "{{^}}"
Text:  "<newline>"
Keyword:  "{{else}}"
Text:  "<newline>"
Keyword:  "{{"
Text:  " "
Keyword:  "else"
Text:  " "
Keyword:  "}}"
Text:  "<newline><newline>"
Keyword:  "{{^"
Name.Variable:  "foo"
Keyword:  "}}"
Text:  "<newline>"
Keyword:  "{{^"
Text:  " "
Name.Variable:  "foo"
Text:  "  "
Keyword:  "}}"
Text:  "<newline>"
Keyword:  "{{"
Text:  " "
Name.Variable:  "foo"
Text:  " "
Name.Variable:  "bar"
Text:  " "
Name.Variable:  "baz"
Text:  " "
Keyword:  "}}"
Text:  "<newline>"
Keyword:  "{{"
Text:  " "
Name.Variable:  "foo"
Text:  " "
Name.Variable:  "bar"
Text:  " "
Literal.String.Double:  "\"baz\""
Text:  " "
Keyword:  "}}"
Text:  "<newline>"
Keyword:  "{{"
Text:  " "
Name.Variable:  "foo"
Text:  " "
Name.Variable:  "bar"
Text:  " "
Literal.String.Single:  "'baz'"
Text:  " "
Keyword:  "}}"
Text:  "<newline>"
Keyword:  "{{"
Text:  " "
Name.Variable:  "foo"
Text:  " "
Name.Variable:  "bar"
Text:  " "
Literal.String.Double:  "\"baz bat\""
Text:  " "
Keyword:  "}}"
Text:  "<newline>"
Keyword:  "{{"
Text:  " "
Name.Variable:  "foo"
Text:  " "
Literal.String.Double:  "\"bar\\\"baz\""
Text:  " "
Keyword:  "}}"
Text:  "<newline><newline>"
Keyword:  "{{"
Text:  " "
Name.Variable:  "foo"
Text:  " "
Literal.String.Single:  "'bar\\'baz'"
Text:  " "
Keyword:  "}}"
Text:  "<newline><newline>"
Keyword:  "{{"
Text:  " "
Name.Variable:  "foo"
Text:  " "
Name.Variable:  "1"
Text:  " "
Keyword:  "}}"
Text:  "<newline>"
Keyword:  "{{"
Text:  " "
Name.Variable:  "foo"
Text:  " "
Keyword.Constant:  "true"
Text:  " "
Keyword:  "}}"
Text:  "<newline>"
Keyword:  "{{"
Text:  " "
Name.Variable:  "foo"
Text:  " "
Keyword.Constant:  "false"
Text:  " "
Keyword:  "}}"
Text:  "<newline><newline>"
Keyword:  "{{"
Text:  " "
Name.Variable:  "foo"
Text:  " "
Name.Variable:  "bar"
Operator:  "="
Name.Variable:  "baz"
Text:  " "
Keyword:  "}}"
Text:  "<newline>"
Keyword:  "{{"
Text:  " "
Name.Variable:  "foo"
Text:  " "
Name.Variable:  "bar"
Text:  " "
Name.Variable:  "baz"
Operator:  "="
Name.Variable:  "bat"
Text:  " "
Keyword:  "}}"
Text:  "<newline>"
Keyword:  "{{"
Text:  " "
Name.Variable:  "foo"
Text:  " "
Name.Variable:  "bar"
Text:  " "
Name.Variable:  "baz"
Operator:  "="
Name.Variable:  "1"
Text:  " "
Keyword:  "}}"
Text:  "<newline>"
Keyword:  "{{"
Text:  " "
Name.Variable:  "foo"
Text:  " "
Name.Variable:  "bar"
Text:  " "
Name.Variable:  "baz"
Operator:  "="
Keyword.Constant:  "true"
Text:  " "
Keyword:  "}}"
Text:  "<newline>"
Keyword:  "{{"
Text:  " "
Name.Variable:  "foo"
Text:  " "
Name.Variable:  "bar"
Text:  " "
Name.Variable:  "baz"
Operator:  "="
Keyword.Constant:  "false"
Text:  " "
Keyword:  "}}"
Text:  "<newline>"
Keyword:  "{{"
Text:  " "
Name.Variable:  "foo"
Text:  " "
Name.Variable:  "bar"
Text:  "<newline>   "
Name.Variable:  "baz"
Operator:  "="
Name.Variable:  "bat"
Text:  " "
Keyword:  "}}"
Text:  "<newline><newline>"
Keyword:  "{{"
Text:  " "
Name.Variable:  "foo"
Text:  " "
Name.Variable:  "bar"
Text:  " "
Name.Variable:  "baz"
Operator:  "="
Literal.String.Double:  "\"bat\""
Text:  " "
Keyword:  "}}"
Text:  "<newline>"
Keyword:  "{{"
Text:  " "
Name.Variable:  "foo"
Text:  " "
Name.Variable:  "bar"
Text:  " "
Name.Variable:  "baz"
Operator:  "="
Literal.String.Double:  "\"bat\""
Text:  " "
Name.Variable:  "bam"
Operator:  "="
Name.Variable:  "wot"
Text:  " "
Keyword:  "}}"
Text:  "<newline>"
Keyword:  "{{"
Name.Variable:  "foo"
Text:  " "
Name.Variable:  "omg"
Text:  " "
Name.Variable:  "bar"
Operator:  "="
Name.Variable:  "baz"
Text:  " "
Name.Variable:  "bat"
Operator:  "="
Literal.String.Double:  "\"bam\""
Keyword:  "}}"
Text:  "<newline><newline>"
Keyword:  "{{"
Text:  " "
Name.Attribute:  "@foo"
Text:  " "
Keyword:  "}}"
Text:  "<newline>"
Keyword:  "{{"
Text:  " "
Name.Variable:  "foo"
Text:  " "
Name.Attribute:  "@bar"
Text:  " "
Keyword:  "}}"
Text:  "<newline>"
Keyword:  "{{"
Text:  " "
Name.Variable:  "foo"
Text:  " "
Name.Variable:  "bar"
Operator:  "="
Name.Attribute:  "@baz"
Text:  " "
Keyword:  "}}"
Text:  "<newline><newline>"
Keyword:  "{{#"
Name.Namespace:  "foo"
Text:  " "
Name.Variable:  "bar"
Keyword:  "}}"
Text:  "<newline>"
Keyword:  "{{/"
Name.Namespace:  "foo"
Keyword:  "}}"
Text:  "<newline><newline>"
Keyword:  "{{"
Name.Variable:  "foo"
Text:  " "
Name.Variable:  "bat"
Operator:  "="
Punctuation:  "("
Name.Variable:  "bar"
Text:  " "
Literal.String.Single:  "'baz'"
Punctuation:  ")"
Keyword:  "}}"
Text:  "<newline><newline>"
Keyword:  "{{#"
Name.Namespace:  "foo"
Text:  " "
Name.Variable:  "as"
Text:  " "
Punctuation:  "|"
Name.Variable:  "bar"
Punctuation:  "|"
Keyword:  "}}"
Text:  "<newline><newline>"
Keyword:  "{{~#"
Name.Namespace:  "foo"
Text:  " "
Name.Variable:  "bar"
Keyword:  "~}}"
Text:  "<newline>"
Keyword:  "{{~/"
Name.Namespace:  "foo"
Keyword:  "~}}"
Text:  "<newline><newline>"
Name.Tag:  "<foo"
Text:  " "
Name.Attribute:  "bam="
Literal.String:  "\"bat\""
Text:  " "
Name.Attribute:  "bar="
Keyword:  "{{"
Name.Variable:  "baz"
Keyword:  "}}"
Text:  " "
Keyword:  "{{"
Name.Variable:  "wot"
Keyword:  "}}"
Name.Tag:  ">"
Text:  "<newline>"
Name.Tag:  "<foo"
Text:  " "
Name.Attribute:  "bar="
Keyword:  "{{"
Name.Variable:  "baz"
Keyword:  "}}"
Text:  " "
Name.Attribute:  "bam="
Literal.String:  "\""
Keyword:  "{{"
Name.Variable:  "bat"
Keyword:  "}}"
Literal.String:  " wom\""
Text:  " "
Keyword:  "{{"
Name.Variable:  "wot"
Keyword:  "}}"
Name.Tag:  ">"
Text:  "<newline>"
