Keyword:  "HTTP"
Operator:  "/"
Literal.Number:  "1.1"
Text:  " "
Literal.Number:  "200"
Text:  " "
Name.Exception:  "OK"
Text:  "<newline>"
Name.Attribute:  "Date"
Punctuation:  ":"
Text:  " "
Literal.String:  "Tue, 13 Dec 2011 00:11:44 GMT"
Text:  "<newline>"
Name.Attribute:  "Status"
Punctuation:  ":"
Text:  " "
Literal.String:  "200 OK"
Text:  "<newline>"
Name.Attribute:  "X-Transaction"
Punctuation:  ":"
Text:  " "
Literal.String:  "50b85fff78dab4a3"
Text:  "<newline>"
Name.Attribute:  "X-RateLimit-Limit"
Punctuation:  ":"
Text:  " "
Literal.String:  "150"
Text:  "<newline>"
Name.Attribute:  "ETag"
Punctuation:  ":"
Text:  " "
Literal.String:  "\"b31143be48ebfe7512b65fe64fe092f3\""
Text:  "<newline>"
Name.Attribute:  "X-Frame-Options"
Punctuation:  ":"
Text:  " "
Literal.String:  "SAMEORIGIN"
Text:  "<newline>"
Name.Attribute:  "Last-Modified"
Punctuation:  ":"
Text:  " "
Literal.String:  "Tue, 13 Dec 2011 00:11:44 GMT"
Text:  "<newline>"
Name.Attribute:  "X-RateLimit-Remaining"
Punctuation:  ":"
Text:  " "
Literal.String:  "145"
Text:  "<newline>"
Name.Attribute:  "X-Runtime"
Punctuation:  ":"
Text:  " "
Literal.String:  "0.01190"
Text:  "<newline>"
Name.Attribute:  "X-Transaction-Mask"
Punctuation:  ":"
Text:  " "
Literal.String:  "a6183ffa5f8ca943ff1b53b5644ef1145f6f285d"
Text:  "<newline>"
Name.Attribute:  "Content-Type"
Punctuation:  ":"
Text:  " "
Literal.String:  "application/json; charset=utf-8"
Text:  "<newline>"
Name.Attribute:  "Content-Length"
Punctuation:  ":"
Text:  " "
Literal.String:  "2389"
Text:  "<newline>"
Name.Attribute:  "Pragma"
Punctuation:  ":"
Text:  " "
Literal.String:  "no-cache"
Text:  "<newline>"
Name.Attribute:  "X-RateLimit-Class"
Punctuation:  ":"
Text:  " "
Literal.String:  "api"
Text:  "<newline>"
Name.Attribute:  "X-Revision"
Punctuation:  ":"
Text:  " "
Literal.String:  "DEV"
Text:  "<newline>"
Name.Attribute:  "Expires"
Punctuation:  ":"
Text:  " "
Literal.String:  "Tue, 31 Mar 1981 05:00:00 GMT"
Text:  "<newline>"
Name.Attribute:  "Cache-Control"
Punctuation:  ":"
Text:  " "
Literal.String:  "no-cache, no-store, must-revalidate, pre-check=0, post-check=0"
Text:  "<newline>"
Name.Attribute:  "X-MID"
Punctuation:  ":"
Text:  " "
Literal.String:  "a55f21733bc52bb11d1fc58f9b51b4974fbb8f83"
Text:  "<newline>"
Name.Attribute:  "X-RateLimit-Reset"
Punctuation:  ":"
Text:  " "
Literal.String:  "1323738416"
Text:  "<newline>"
Name.Attribute:  "Set-Cookie"
Punctuation:  ":"
Text:  " "
Literal.String:  "k=10.34.234.116.1323735104238974; path=/;"
Text:  "<newline>"
Literal.String:  "\texpires=Tue, 20-Dec-11 00:11:44 GMT; domain=.twitter.com"
Text:  "<newline>"
Name.Attribute:  "Set-Cookie"
Punctuation:  ":"
Text:  " "
Literal.String:  "guest_id=v1%3A13237351042425496; domain=.twitter.com; path=/;"
Text:  "<newline>"
Literal.String:  "\texpires=Thu, 12-Dec-2013 12:11:44 GMT"
Text:  "<newline>"
Name.Attribute:  "Set-Cookie"
Punctuation:  ":"
Text:  " "
Literal.String:  "_twitter_sess=BAh7CDoPY3JlYXRlZF9hdGwrCPS6wjQ0AToHaWQiJTFiMTlhY2E1ZjczYThk%250ANDUwMWQxNjMwZGU2YTQ1ODBhIgpmbGFzaElDOidBY3Rpb25Db250cm9sbGVy%250AOjpGbGFzaDo6Rmxhc2hIYXNoewAGOgpAdXNlZHsA--6b502f30a083e8a41a64f10930e142ea362b1561; domain=.twitter.com; path=/; HttpOnly"
Text:  "<newline>"
Name.Attribute:  "Vary"
Punctuation:  ":"
Text:  " "
Literal.String:  "Accept-Encoding"
Text:  "<newline>"
Name.Attribute:  "Server"
Punctuation:  ":"
Text:  " "
Literal.String:  "tfe"
Text:  "<newline><newline>"
Punctuation:  "[{"
Name.Label:  "\"contributors_enabled\""
Punctuation:  ":"
Keyword.Constant:  "false"
Punctuation:  ","
Name.Label:  "\"profile_background_tile\""
Punctuation:  ":"
Keyword.Constant:  "true"
Punctuation:  ","
Name.Label:  "\"followers_count\""
Punctuation:  ":"
Literal.Number.Integer:  "644"
Punctuation:  ","
Name.Label:  "\"protected\""
Punctuation:  ":"
Keyword.Constant:  "false"
Punctuation:  ","
Name.Label:  "\"profile_image_url\""
Punctuation:  ":"
Literal.String.Double:  "\"http:"
Literal.String.Escape:  "\\/\\/"
Literal.String.Double:  "a0.twimg.com"
Literal.String.Escape:  "\\/"
Literal.String.Double:  "profile_images"
Literal.String.Escape:  "\\/"
Literal.String.Double:  "69064242"
Literal.String.Escape:  "\\/"
Literal.String.Double:  "gb_normal.jpg\""
Punctuation:  ","
Name.Label:  "\"screen_name\""
Punctuation:  ":"
Literal.String.Double:  "\"birkenfeld\""
Punctuation:  ","
Name.Label:  "\"default_profile_image\""
Punctuation:  ":"
Keyword.Constant:  "false"
Punctuation:  ","
Name.Label:  "\"following\""
Punctuation:  ":"
Keyword.Constant:  "null"
Punctuation:  ","
Name.Label:  "\"friends_count\""
Punctuation:  ":"
Literal.Number.Integer:  "88"
Punctuation:  ","
Name.Label:  "\"profile_sidebar_fill_color\""
Punctuation:  ":"
Literal.String.Double:  "\"7AC3EE\""
Punctuation:  ","
Name.Label:  "\"url\""
Punctuation:  ":"
Literal.String.Double:  "\"http:"
Literal.String.Escape:  "\\/\\/"
Literal.String.Double:  "pythonic.pocoo.org"
Literal.String.Escape:  "\\/"
Literal.String.Double:  "\""
Punctuation:  ","
Name.Label:  "\"name\""
Punctuation:  ":"
Literal.String.Double:  "\"Georg Brandl\""
Punctuation:  ","
Name.Label:  "\"default_profile\""
Punctuation:  ":"
Keyword.Constant:  "false"
Punctuation:  ","
Name.Label:  "\"is_translator\""
Punctuation:  ":"
Keyword.Constant:  "false"
Punctuation:  ","
Name.Label:  "\"utc_offset\""
Punctuation:  ":"
Literal.Number.Integer:  "3600"
Punctuation:  ","
Name.Label:  "\"profile_sidebar_border_color\""
Punctuation:  ":"
Literal.String.Double:  "\"65B0DA\""
Punctuation:  ","
Name.Label:  "\"description\""
Punctuation:  ":"
Literal.String.Double:  "\"\""
Punctuation:  ","
Name.Label:  "\"profile_background_image_url_https\""
Punctuation:  ":"
Literal.String.Double:  "\"https:"
Literal.String.Escape:  "\\/\\/"
Literal.String.Double:  "si0.twimg.com"
Literal.String.Escape:  "\\/"
Literal.String.Double:  "images"
Literal.String.Escape:  "\\/"
Literal.String.Double:  "themes"
Literal.String.Escape:  "\\/"
Literal.String.Double:  "theme10"
Literal.String.Escape:  "\\/"
Literal.String.Double:  "bg.gif\""
Punctuation:  ","
Name.Label:  "\"favourites_count\""
Punctuation:  ":"
Literal.Number.Integer:  "0"
Punctuation:  ","
Name.Label:  "\"profile_use_background_image\""
Punctuation:  ":"
Keyword.Constant:  "true"
Punctuation:  ","
Name.Label:  "\"created_at\""
Punctuation:  ":"
Literal.String.Double:  "\"Tue Dec 30 22:25:11 +0000 2008\""
Punctuation:  ","
Name.Label:  "\"status\""
Punctuation:  ":{"
Name.Label:  "\"retweet_count\""
Punctuation:  ":"
Literal.Number.Integer:  "10"
Punctuation:  ","
Name.Label:  "\"favorited\""
Punctuation:  ":"
Keyword.Constant:  "false"
Punctuation:  ","
Name.Label:  "\"geo\""
Punctuation:  ":"
Keyword.Constant:  "null"
Punctuation:  ","
Name.Label:  "\"possibly_sensitive\""
Punctuation:  ":"
Keyword.Constant:  "false"
Punctuation:  ","
Name.Label:  "\"coordinates\""
Punctuation:  ":"
Keyword.Constant:  "null"
Punctuation:  ","
Name.Label:  "\"in_reply_to_screen_name\""
Punctuation:  ":"
Keyword.Constant:  "null"
Punctuation:  ","
Name.Label:  "\"in_reply_to_status_id_str\""
Punctuation:  ":"
Keyword.Constant:  "null"
Punctuation:  ","
Name.Label:  "\"retweeted\""
Punctuation:  ":"
Keyword.Constant:  "false"
Punctuation:  ","
Name.Label:  "\"in_reply_to_status_id\""
Punctuation:  ":"
Keyword.Constant:  "null"
Punctuation:  ","
Name.Label:  "\"in_reply_to_user_id_str\""
Punctuation:  ":"
Keyword.Constant:  "null"
Punctuation:  ","
Name.Label:  "\"created_at\""
Punctuation:  ":"
Literal.String.Double:  "\"Sat Jul 09 13:42:35 +0000 2011\""
Punctuation:  ","
Name.Label:  "\"truncated\""
Punctuation:  ":"
Keyword.Constant:  "false"
Punctuation:  ","
Name.Label:  "\"id_str\""
Punctuation:  ":"
Literal.String.Double:  "\"89690914515206144\""
Punctuation:  ","
Name.Label:  "\"contributors\""
Punctuation:  ":"
Keyword.Constant:  "null"
Punctuation:  ","
Name.Label:  "\"place\""
Punctuation:  ":"
Keyword.Constant:  "null"
Punctuation:  ","
Name.Label:  "\"source\""
Punctuation:  ":"
Literal.String.Double:  "\"web\""
Punctuation:  ","
Name.Label:  "\"in_reply_to_user_id\""
Punctuation:  ":"
Keyword.Constant:  "null"
Punctuation:  ","
Name.Label:  "\"id\""
Punctuation:  ":"
Literal.Number.Integer:  "89690914515206144"
Punctuation:  ","
Name.Label:  "\"retweeted_status\""
Punctuation:  ":{"
Name.Label:  "\"retweet_count\""
Punctuation:  ":"
Literal.Number.Integer:  "10"
Punctuation:  ","
Name.Label:  "\"favorited\""
Punctuation:  ":"
Keyword.Constant:  "false"
Punctuation:  ","
Name.Label:  "\"geo\""
Punctuation:  ":"
Keyword.Constant:  "null"
Punctuation:  ","
Name.Label:  "\"possibly_sensitive\""
Punctuation:  ":"
Keyword.Constant:  "false"
Punctuation:  ","
Name.Label:  "\"coordinates\""
Punctuation:  ":"
Keyword.Constant:  "null"
Punctuation:  ","
Name.Label:  "\"in_reply_to_screen_name\""
Punctuation:  ":"
Keyword.Constant:  "null"
Punctuation:  ","
Name.Label:  "\"in_reply_to_status_id_str\""
Punctuation:  ":"
Keyword.Constant:  "null"
Punctuation:  ","
Name.Label:  "\"retweeted\""
Punctuation:  ":"
Keyword.Constant:  "false"
Punctuation:  ","
Name.Label:  "\"in_reply_to_status_id\""
Punctuation:  ":"
Keyword.Constant:  "null"
Punctuation:  ","
Name.Label:  "\"in_reply_to_user_id_str\""
Punctuation:  ":"
Keyword.Constant:  "null"
Punctuation:  ","
Name.Label:  "\"created_at\""
Punctuation:  ":"
Literal.String.Double:  "\"Sat Jul 09 13:07:04 +0000 2011\""
Punctuation:  ","
Name.Label:  "\"truncated\""
Punctuation:  ":"
Keyword.Constant:  "false"
Punctuation:  ","
Name.Label:  "\"id_str\""
Punctuation:  ":"
Literal.String.Double:  "\"89681976755372032\""
Punctuation:  ","
Name.Label:  "\"contributors\""
Punctuation:  ":"
Keyword.Constant:  "null"
Punctuation:  ","
Name.Label:  "\"place\""
Punctuation:  ":"
Keyword.Constant:  "null"
Punctuation:  ","
Name.Label:  "\"source\""
Punctuation:  ":"
Literal.String.Double:  "\"web\""
Punctuation:  ","
Name.Label:  "\"in_reply_to_user_id\""
Punctuation:  ":"
Keyword.Constant:  "null"
Punctuation:  ","
Name.Label:  "\"id\""
Punctuation:  ":"
Literal.Number.Integer:  "89681976755372032"
Punctuation:  ","
Name.Label:  "\"text\""
Punctuation:  ":"
Literal.String.Double:  "\"Excellent Python posts from @mitsuhiko - http:"
Literal.String.Escape:  "\\/\\/"
Literal.String.Double:  "t.co"
Literal.String.Escape:  "\\/"
Literal.String.Double:  "k1wt6e4 and @ncoghlan_dev - http:"
Literal.String.Escape:  "\\/\\/"
Literal.String.Double:  "t.co"
Literal.String.Escape:  "\\/"
Literal.String.Double:  "eTxacgZ (links fixed)\""
Punctuation:  "},"
Name.Label:  "\"text\""
Punctuation:  ":"
Literal.String.Double:  "\"RT @jessenoller: Excellent Python posts from @mitsuhiko - http:"
Literal.String.Escape:  "\\/\\/"
Literal.String.Double:  "t.co"
Literal.String.Escape:  "\\/"
Literal.String.Double:  "k1wt6e4 and @ncoghlan_dev - http:"
Literal.String.Escape:  "\\/\\/"
Literal.String.Double:  "t.co"
Literal.String.Escape:  "\\/"
Literal.String.Double:  "eTxacgZ (links fixed)\""
Punctuation:  "},"
Name.Label:  "\"follow_request_sent\""
Punctuation:  ":"
Keyword.Constant:  "null"
Punctuation:  ","
Name.Label:  "\"statuses_count\""
Punctuation:  ":"
Literal.Number.Integer:  "553"
Punctuation:  ","
Name.Label:  "\"geo_enabled\""
Punctuation:  ":"
Keyword.Constant:  "false"
Punctuation:  ","
Name.Label:  "\"notifications\""
Punctuation:  ":"
Keyword.Constant:  "null"
Punctuation:  ","
Name.Label:  "\"profile_text_color\""
Punctuation:  ":"
Literal.String.Double:  "\"3D1957\""
Punctuation:  ","
Name.Label:  "\"id_str\""
Punctuation:  ":"
Literal.String.Double:  "\"18490730\""
Punctuation:  ","
Name.Label:  "\"lang\""
Punctuation:  ":"
Literal.String.Double:  "\"en\""
Punctuation:  ","
Name.Label:  "\"profile_background_image_url\""
Punctuation:  ":"
Literal.String.Double:  "\"http:"
Literal.String.Escape:  "\\/\\/"
Literal.String.Double:  "a1.twimg.com"
Literal.String.Escape:  "\\/"
Literal.String.Double:  "images"
Literal.String.Escape:  "\\/"
Literal.String.Double:  "themes"
Literal.String.Escape:  "\\/"
Literal.String.Double:  "theme10"
Literal.String.Escape:  "\\/"
Literal.String.Double:  "bg.gif\""
Punctuation:  ","
Name.Label:  "\"profile_image_url_https\""
Punctuation:  ":"
Literal.String.Double:  "\"https:"
Literal.String.Escape:  "\\/\\/"
Literal.String.Double:  "si0.twimg.com"
Literal.String.Escape:  "\\/"
Literal.String.Double:  "profile_images"
Literal.String.Escape:  "\\/"
Literal.String.Double:  "69064242"
Literal.String.Escape:  "\\/"
Literal.String.Double:  "gb_normal.jpg\""
Punctuation:  ","
Name.Label:  "\"show_all_inline_media\""
Punctuation:  ":"
Keyword.Constant:  "true"
Punctuation:  ","
Name.Label:  "\"listed_count\""
Punctuation:  ":"
Literal.Number.Integer:  "65"
Punctuation:  ","
Name.Label:  "\"profile_link_color\""
Punctuation:  ":"
Literal.String.Double:  "\"FF0000\""
Punctuation:  ","
Name.Label:  "\"verified\""
Punctuation:  ":"
Keyword.Constant:  "false"
Punctuation:  ","
Name.Label:  "\"id\""
Punctuation:  ":"
Literal.Number.Integer:  "18490730"
Punctuation:  ","
Name.Label:  "\"time_zone\""
Punctuation:  ":"
Literal.String.Double:  "\"Berlin\""
Punctuation:  ","
Name.Label:  "\"profile_background_color\""
Punctuation:  ":"
Literal.String.Double:  "\"642D8B\""
Punctuation:  ","
Name.Label:  "\"location\""
Punctuation:  ":"
Literal.String.Double:  "\"Bavaria, Germany\""
Punctuation:  "}]"
Text.Whitespace:  "<newline>"
