Comment.Single:  "# Constants"
Text.Whitespace:  "<newline>"
Name.Constant:  "nil"
Text.Whitespace:  "<newline>"
Name.Constant:  "true"
Text.Whitespace:  "<newline>"
Name.Constant:  "false"
Text.Whitespace:  "<newline><newline>"
Comment.Single:  "# Symbols"
Text.Whitespace:  "<newline>"
Name:  "symbol"
Text.Whitespace:  "<newline>"
Name:  "kebab-case-symbol"
Text.Whitespace:  "<newline>"
Name:  "snake_case_symbol"
Text.Whitespace:  "<newline>"
Name:  "my-module/my-fuction"
Text.Whitespace:  "<newline>"
Name:  "*****"
Text.Whitespace:  "<newline>"
Name:  "!%$^*__--__._+++===~-crazy-symbol"
Text.Whitespace:  "<newline>"
Name:  "*global-var*"
Text.Whitespace:  "<newline>"
Name:  "\u4F60\u597D"
Text.Whitespace:  "<newline>"
Name:  "symbols:with:colons"
Text.Whitespace:  "<newline>"
Name:  "_"
Text.Whitespace:  "<newline><newline>"
Comment.Single:  "# Keywords"
Text.Whitespace:  "<newline>"
Keyword.Constant:  ":keyword"
Text.Whitespace:  "<newline>"
Keyword.Constant:  ":range"
Text.Whitespace:  "<newline>"
Keyword.Constant:  ":0x0x0x0"
Text.Whitespace:  "<newline>"
Keyword.Constant:  ":a-keyword"
Text.Whitespace:  "<newline>"
Keyword.Constant:  "::"
Text.Whitespace:  "<newline>"
Keyword.Constant:  ":"
Text.Whitespace:  "<newline><newline>"
Comment.Single:  "# Numbers"
Text.Whitespace:  "<newline>"
Literal.Number.Float:  "0"
Text.Whitespace:  "<newline>"
Literal.Number.Float:  "+0.0"
Text.Whitespace:  "<newline>"
Literal.Number.Float:  "-10_000"
Text.Whitespace:  "<newline>"
Literal.Number.Float:  "16r1234abcd"
Text.Whitespace:  "<newline>"
Literal.Number.Hex:  "0x23.23"
Text.Whitespace:  "<newline>"
Literal.Number.Float:  "1e10"
Text.Whitespace:  "<newline>"
Literal.Number.Float:  "1.6e-4"
Text.Whitespace:  "<newline>"
Literal.Number.Float:  "7r343_111_266.6&+10"
Text.Whitespace:  "<newline><newline>"
Comment.Single:  "# Strings"
Text.Whitespace:  "<newline>"
Literal.String.Double:  "\"This is a string.\""
Text.Whitespace:  "<newline>"
Literal.String.Double:  "\"This"
Literal.String.Escape:  "<newline>"
Literal.String.Double:  "is"
Literal.String.Escape:  "<newline>"
Literal.String.Double:  "a"
Literal.String.Escape:  "<newline>"
Literal.String.Double:  "string.\""
Text.Whitespace:  "<newline>"
Literal.String.Double:  "\""
Literal.String.Escape:  "\\u004a"
Literal.String.Double:  "\""
Text.Whitespace:  "<newline>"
Literal.String.Double:  "\""
Literal.String.Escape:  "\\U01F5DD"
Literal.String.Double:  "\""
Text.Whitespace:  "<newline>"
Literal.String.Double:  "\"This<newline>is<newline>a<newline>string.\""
Text.Whitespace:  "<newline>"
Literal.String.Heredoc:  "``<newline>This<newline>is<newline>a<newline>string<newline>``"
Text.Whitespace:  "<newline>"
Literal.String.Heredoc:  "`<newline>This is<newline>a string.<newline>`"
Text.Whitespace:  "<newline><newline>"
Comment.Single:  "# Buffers"
Text.Whitespace:  "<newline>"
Literal.String.Double:  "@\"\""
Text.Whitespace:  "<newline>"
Literal.String.Double:  "@\"Buffer.\""
Text.Whitespace:  "<newline>"
Literal.String.Heredoc:  "@``Another buffer``"
Text.Whitespace:  "<newline>"
Literal.String.Heredoc:  "@`<newline>Yet another buffer<newline>`"
Text.Whitespace:  "<newline><newline>"
Comment.Single:  "# Tuples"
Text.Whitespace:  "<newline>"
Punctuation:  "("
Keyword:  "do"
Text.Whitespace:  " "
Literal.Number.Float:  "1"
Text.Whitespace:  " "
Literal.Number.Float:  "2"
Text.Whitespace:  " "
Literal.Number.Float:  "3"
Punctuation:  ")"
Text.Whitespace:  "<newline>"
Punctuation:  "["
Name:  "do"
Text.Whitespace:  " "
Literal.Number.Float:  "1"
Text.Whitespace:  " "
Literal.Number.Float:  "2"
Text.Whitespace:  " "
Literal.Number.Float:  "3"
Punctuation:  "]"
Text.Whitespace:  "<newline><newline>"
Comment.Single:  "# Arrays"
Text.Whitespace:  "<newline>"
Punctuation:  "@("
Keyword.Constant:  ":one"
Text.Whitespace:  " "
Keyword.Constant:  ":two"
Text.Whitespace:  " "
Keyword.Constant:  ":three"
Punctuation:  ")"
Text.Whitespace:  "<newline>"
Punctuation:  "@["
Keyword.Constant:  ":one"
Text.Whitespace:  " "
Keyword.Constant:  ":two"
Text.Whitespace:  " "
Keyword.Constant:  ":three"
Punctuation:  "]"
Text.Whitespace:  "<newline><newline>"
Comment.Single:  "# Structs"
Text.Whitespace:  "<newline>"
Punctuation:  "{}"
Text.Whitespace:  "<newline>"
Punctuation:  "{"
Keyword.Constant:  ":key1"
Text.Whitespace:  " "
Literal.String.Double:  "\"value1\""
Text.Whitespace:  " "
Keyword.Constant:  ":key2"
Text.Whitespace:  " "
Keyword.Constant:  ":value2"
Text.Whitespace:  " "
Keyword.Constant:  ":key3"
Text.Whitespace:  " "
Literal.Number.Float:  "3"
Punctuation:  "}"
Text.Whitespace:  "<newline>"
Punctuation:  "{("
Literal.Number.Float:  "1"
Text.Whitespace:  " "
Literal.Number.Float:  "2"
Text.Whitespace:  " "
Literal.Number.Float:  "3"
Punctuation:  ")"
Text.Whitespace:  " "
Punctuation:  "("
Literal.Number.Float:  "4"
Text.Whitespace:  " "
Literal.Number.Float:  "5"
Text.Whitespace:  " "
Literal.Number.Float:  "6"
Punctuation:  ")}"
Text.Whitespace:  "<newline>"
Punctuation:  "{@[]"
Text.Whitespace:  " "
Punctuation:  "@[]}"
Text.Whitespace:  "<newline>"
Punctuation:  "{"
Literal.Number.Float:  "1"
Text.Whitespace:  " "
Literal.Number.Float:  "2"
Text.Whitespace:  " "
Literal.Number.Float:  "3"
Text.Whitespace:  " "
Literal.Number.Float:  "4"
Text.Whitespace:  " "
Literal.Number.Float:  "5"
Text.Whitespace:  " "
Literal.Number.Float:  "6"
Punctuation:  "}"
Text.Whitespace:  "<newline><newline>"
Comment.Single:  "# Tables"
Text.Whitespace:  "<newline>"
Punctuation:  "@{}"
Text.Whitespace:  "<newline>"
Punctuation:  "@{"
Keyword.Constant:  ":key1"
Text.Whitespace:  " "
Literal.String.Double:  "\"value1\""
Text.Whitespace:  " "
Keyword.Constant:  ":key2"
Text.Whitespace:  " "
Keyword.Constant:  ":value2"
Text.Whitespace:  " "
Keyword.Constant:  ":key3"
Text.Whitespace:  " "
Literal.Number.Float:  "3"
Punctuation:  "}"
Text.Whitespace:  "<newline>"
Punctuation:  "@{("
Literal.Number.Float:  "1"
Text.Whitespace:  " "
Literal.Number.Float:  "2"
Text.Whitespace:  " "
Literal.Number.Float:  "3"
Punctuation:  ")"
Text.Whitespace:  " "
Punctuation:  "("
Literal.Number.Float:  "4"
Text.Whitespace:  " "
Literal.Number.Float:  "5"
Text.Whitespace:  " "
Literal.Number.Float:  "6"
Punctuation:  ")}"
Text.Whitespace:  "<newline>"
Punctuation:  "@{@[]"
Text.Whitespace:  " "
Punctuation:  "@[]}"
Text.Whitespace:  "<newline>"
Punctuation:  "@{"
Literal.Number.Float:  "1"
Text.Whitespace:  " "
Literal.Number.Float:  "2"
Text.Whitespace:  " "
Literal.Number.Float:  "3"
Text.Whitespace:  " "
Literal.Number.Float:  "4"
Text.Whitespace:  " "
Literal.Number.Float:  "5"
Text.Whitespace:  " "
Literal.Number.Float:  "6"
Punctuation:  "}"
Text.Whitespace:  "<newline><newline>"
Comment.Single:  "# Special forms"
Text.Whitespace:  "<newline>"
Punctuation:  "("
Keyword:  "def"
Text.Whitespace:  " "
Name:  "anumber"
Text.Whitespace:  " "
Punctuation:  "("
Keyword.Reserved:  "+"
Text.Whitespace:  " "
Literal.Number.Float:  "1"
Text.Whitespace:  " "
Literal.Number.Float:  "2"
Text.Whitespace:  " "
Literal.Number.Float:  "3"
Text.Whitespace:  " "
Literal.Number.Float:  "4"
Text.Whitespace:  " "
Literal.Number.Float:  "5"
Punctuation:  "))"
Text.Whitespace:  "<newline>"
Punctuation:  "("
Keyword:  "var"
Text.Whitespace:  " "
Name:  "a"
Text.Whitespace:  " "
Literal.Number.Float:  "1"
Punctuation:  ")"
Text.Whitespace:  "<newline>"
Punctuation:  "("
Keyword:  "fn"
Text.Whitespace:  " "
Name:  "identity"
Text.Whitespace:  " "
Punctuation:  "["
Name:  "x"
Punctuation:  "]"
Text.Whitespace:  " "
Name:  "x"
Punctuation:  ")"
Text.Whitespace:  "<newline><newline>"
Comment.Single:  "# Function definitions"
Text.Whitespace:  "<newline>"
Punctuation:  "("
Keyword.Reserved:  "defn"
Text.Whitespace:  " "
Name:  "triangle-area"
Text.Whitespace:  "<newline>  "
Literal.String.Double:  "\"Calculates the area of a triangle.\""
Text.Whitespace:  "<newline>  "
Punctuation:  "["
Name:  "base"
Text.Whitespace:  " "
Name:  "height"
Punctuation:  "]"
Text.Whitespace:  "<newline>  "
Punctuation:  "("
Keyword.Reserved:  "print"
Text.Whitespace:  " "
Literal.String.Double:  "\"calculating area of a triangle...\""
Punctuation:  ")"
Text.Whitespace:  "<newline>  "
Punctuation:  "("
Keyword.Reserved:  "*"
Text.Whitespace:  " "
Name:  "base"
Text.Whitespace:  " "
Name:  "height"
Text.Whitespace:  " "
Literal.Number.Float:  "0.5"
Punctuation:  "))"
Text.Whitespace:  "<newline><newline>"
Punctuation:  "("
Keyword.Reserved:  "defn"
Text.Whitespace:  " "
Name:  "ignore-extra"
Text.Whitespace:  "<newline>  "
Punctuation:  "["
Name:  "x"
Text.Whitespace:  " "
Name:  "&"
Punctuation:  "]"
Text.Whitespace:  "<newline>  "
Punctuation:  "("
Keyword.Reserved:  "+"
Text.Whitespace:  " "
Name:  "x"
Text.Whitespace:  " "
Literal.Number.Float:  "1"
Punctuation:  "))"
Text.Whitespace:  "<newline><newline>"
Comment.Single:  "# Function calls"
Text.Whitespace:  "<newline>"
Punctuation:  "("
Keyword.Reserved:  "print"
Text.Whitespace:  " "
Punctuation:  "("
Name.Function:  "triangle-area"
Text.Whitespace:  " "
Literal.Number.Float:  "5"
Text.Whitespace:  " "
Literal.Number.Float:  "10"
Punctuation:  "))"
Text.Whitespace:  "<newline>"
Punctuation:  "("
Keyword.Reserved:  "nil?"
Text.Whitespace:  " "
Name.Constant:  "nil"
Punctuation:  ")"
Text.Whitespace:  "<newline>"
Punctuation:  "("
Keyword.Reserved:  "not="
Text.Whitespace:  " "
Literal.Number.Float:  "1"
Text.Whitespace:  " "
Literal.Number.Float:  "1"
Punctuation:  ")"
Text.Whitespace:  "<newline>"
Punctuation:  "("
Keyword.Reserved:  "put"
Text.Whitespace:  " "
Punctuation:  "@{"
Keyword.Constant:  ":a"
Text.Whitespace:  " "
Literal.Number.Float:  "1"
Punctuation:  "}"
Text.Whitespace:  " "
Keyword.Constant:  ":b"
Text.Whitespace:  " "
Literal.Number.Float:  "2"
Punctuation:  ")"
Text.Whitespace:  "<newline>"
Punctuation:  "("
Keyword.Reserved:  "type"
Text.Whitespace:  " "
Punctuation:  "@{"
Keyword.Constant:  ":a"
Text.Whitespace:  " "
Literal.Number.Float:  "1"
Punctuation:  "})"
Text.Whitespace:  "<newline>"
Punctuation:  "("
Keyword.Reserved:  "type"
Text.Whitespace:  " "
Punctuation:  "{"
Keyword.Constant:  ":a"
Text.Whitespace:  " "
Literal.Number.Float:  "1"
Punctuation:  "})"
Text.Whitespace:  "<newline>"
Punctuation:  "("
Keyword.Reserved:  "in"
Text.Whitespace:  " "
Punctuation:  "["
Keyword.Constant:  ":a"
Text.Whitespace:  " "
Keyword.Constant:  ":b"
Text.Whitespace:  " "
Keyword.Constant:  ":c"
Punctuation:  "]"
Text.Whitespace:  " "
Literal.Number.Float:  "1"
Punctuation:  ")"
Text.Whitespace:  "<newline>"
Punctuation:  "("
Keyword.Reserved:  "type"
Text.Whitespace:  " "
Punctuation:  "["
Keyword.Constant:  ":a"
Text.Whitespace:  " "
Keyword.Constant:  ":b"
Punctuation:  "])"
Text.Whitespace:  "<newline>"
Punctuation:  "("
Keyword.Reserved:  "type"
Text.Whitespace:  " "
Operator:  "'"
Punctuation:  "("
Keyword.Constant:  ":a"
Text.Whitespace:  " "
Keyword.Constant:  ":b"
Punctuation:  "))"
Text.Whitespace:  "<newline>"
Punctuation:  "("
Keyword.Reserved:  "tuple/type"
Text.Whitespace:  " "
Operator:  "'"
Punctuation:  "[])"
Text.Whitespace:  "<newline>"
Punctuation:  "("
Keyword.Reserved:  "tuple/type"
Text.Whitespace:  " "
Operator:  "'"
Punctuation:  "())"
Text.Whitespace:  "<newline>"
Punctuation:  "("
Keyword.Reserved:  "first"
Text.Whitespace:  " "
Punctuation:  "["
Literal.Number.Float:  "1"
Text.Whitespace:  " "
Literal.Number.Float:  "2"
Text.Whitespace:  " "
Literal.Number.Float:  "3"
Punctuation:  "])"
Text.Whitespace:  "<newline>"
Punctuation:  "("
Keyword.Reserved:  "drop"
Text.Whitespace:  " "
Punctuation:  "["
Literal.Number.Float:  "1"
Text.Whitespace:  " "
Literal.Number.Float:  "2"
Text.Whitespace:  " "
Literal.Number.Float:  "3"
Punctuation:  "])"
Text.Whitespace:  "<newline>"
Punctuation:  "("
Keyword.Reserved:  "+"
Text.Whitespace:  " "
Literal.Number.Float:  "1"
Text.Whitespace:  " "
Literal.Number.Float:  "2"
Text.Whitespace:  " "
Literal.Number.Float:  "3"
Punctuation:  ")"
Text.Whitespace:  "<newline>"
Punctuation:  "("
Keyword.Reserved:  "apply"
Text.Whitespace:  " "
Name:  "+"
Text.Whitespace:  " "
Punctuation:  "["
Literal.Number.Float:  "1"
Text.Whitespace:  " "
Literal.Number.Float:  "2"
Text.Whitespace:  " "
Literal.Number.Float:  "3"
Punctuation:  "])"
Text.Whitespace:  "<newline>"
Punctuation:  "("
Keyword.Reserved:  "+"
Text.Whitespace:  " "
Operator:  ";"
Punctuation:  "["
Literal.Number.Float:  "2"
Text.Whitespace:  " "
Literal.Number.Float:  "3"
Text.Whitespace:  " "
Literal.Number.Float:  "5"
Text.Whitespace:  " "
Literal.Number.Float:  "7"
Text.Whitespace:  " "
Literal.Number.Float:  "11"
Punctuation:  "])"
Text.Whitespace:  "<newline>"
Punctuation:  "("
Operator:  "|"
Punctuation:  "("
Keyword.Reserved:  "+"
Text.Whitespace:  " "
Literal.Number.Float:  "1"
Text.Whitespace:  " "
Literal.Number.Float:  "1"
Text.Whitespace:  " "
Literal.Number.Float:  "2"
Text.Whitespace:  " "
Literal.Number.Float:  "3"
Text.Whitespace:  " "
Literal.Number.Float:  "5"
Text.Whitespace:  " "
Name:  "$"
Punctuation:  ")"
Text.Whitespace:  " "
Literal.Number.Float:  "8"
Punctuation:  ")"
Text.Whitespace:  "<newline><newline>"
Comment.Single:  "# Quotes"
Text.Whitespace:  "<newline>"
Punctuation:  "("
Keyword:  "quote"
Text.Whitespace:  " "
Literal.Number.Float:  "1"
Punctuation:  ")"
Text.Whitespace:  "<newline>"
Punctuation:  "("
Keyword:  "quote"
Text.Whitespace:  " "
Literal.String.Escape:  "hi"
Punctuation:  ")"
Text.Whitespace:  "<newline>"
Punctuation:  "("
Keyword:  "quote"
Text.Whitespace:  " "
Literal.String.Escape:  "quote"
Punctuation:  ")"
Text.Whitespace:  "<newline>"
Operator:  "'"
Punctuation:  "("
Literal.Number.Float:  "1"
Text.Whitespace:  " "
Literal.Number.Float:  "2"
Text.Whitespace:  " "
Literal.Number.Float:  "3"
Punctuation:  ")"
Text.Whitespace:  "<newline>"
Operator:  "'"
Punctuation:  "("
Literal.String.Escape:  "print"
Text.Whitespace:  " "
Literal.Number.Float:  "1"
Text.Whitespace:  " "
Literal.Number.Float:  "2"
Text.Whitespace:  " "
Literal.Number.Float:  "3"
Punctuation:  ")"
Text.Whitespace:  "<newline>"
Operator:  "'"
Literal.String.Symbol:  "x"
Text.Whitespace:  "<newline>"
Operator:  "'"
Punctuation:  "("
Literal.String.Escape:  "print"
Text.Whitespace:  " "
Literal.String.Double:  "\"hello world\""
Punctuation:  ")"
Text.Whitespace:  "<newline>"
Punctuation:  "("
Keyword:  "quote"
Text.Whitespace:  " "
Punctuation:  "("
Literal.String.Escape:  "print"
Text.Whitespace:  " "
Literal.String.Double:  "\"hello world\""
Punctuation:  "))"
Text.Whitespace:  "<newline>"
Punctuation:  "("
Keyword:  "def"
Text.Whitespace:  " "
Name:  "name"
Text.Whitespace:  " "
Operator:  "'"
Literal.String.Symbol:  "myfunction"
Punctuation:  ")"
Text.Whitespace:  "<newline>"
Punctuation:  "("
Keyword:  "def"
Text.Whitespace:  " "
Name:  "args"
Text.Whitespace:  " "
Operator:  "'"
Punctuation:  "["
Literal.String.Escape:  "x"
Text.Whitespace:  " "
Literal.String.Escape:  "y"
Text.Whitespace:  " "
Literal.String.Escape:  "z"
Punctuation:  "])"
Text.Whitespace:  "<newline>"
Punctuation:  "("
Keyword.Reserved:  "defn"
Text.Whitespace:  " "
Name:  "body"
Text.Whitespace:  " "
Operator:  "'"
Punctuation:  "[("
Literal.String.Escape:  "print"
Text.Whitespace:  " "
Literal.String.Escape:  "x"
Punctuation:  ")"
Text.Whitespace:  " "
Punctuation:  "("
Literal.String.Escape:  "print"
Text.Whitespace:  " "
Literal.String.Escape:  "y"
Punctuation:  ")"
Text.Whitespace:  " "
Punctuation:  "("
Literal.String.Escape:  "print"
Text.Whitespace:  " "
Literal.String.Escape:  "z"
Punctuation:  ")])"
Text.Whitespace:  "<newline>"
Operator:  "'"
Punctuation:  "{"
Keyword.Constant:  ":foo"
Text.Whitespace:  " "
Punctuation:  "("
Literal.String.Escape:  "print"
Text.Whitespace:  " "
Literal.String.Double:  "\"bar\""
Punctuation:  ")}"
Text.Whitespace:  "<newline>"
Operator:  "'"
Punctuation:  "@("
Literal.String.Escape:  "print"
Text.Whitespace:  " "
Literal.Number.Float:  "1"
Text.Whitespace:  " "
Literal.Number.Float:  "2"
Text.Whitespace:  " "
Literal.Number.Float:  "3"
Punctuation:  ")"
Text.Whitespace:  "<newline><newline>"
Comment.Single:  "# Quasiquotes"
Text.Whitespace:  "<newline>"
Operator:  "~"
Literal.String.Symbol:  "x"
Text.Whitespace:  "<newline>"
Operator:  "~"
Punctuation:  "("
Literal.String.Escape:  "def"
Text.Whitespace:  " "
Operator:  ","
Name:  "name"
Text.Whitespace:  " "
Punctuation:  "("
Literal.String.Escape:  "fn"
Text.Whitespace:  " "
Operator:  ","
Name:  "name"
Text.Whitespace:  " "
Operator:  ","
Name:  "args"
Text.Whitespace:  " "
Operator:  ","
Name:  "body"
Punctuation:  "))"
Text.Whitespace:  "<newline>"
Operator:  "~"
Punctuation:  "("
Literal.String.Escape:  "+"
Text.Whitespace:  " "
Literal.Number.Float:  "1"
Text.Whitespace:  " "
Operator:  ","
Punctuation:  "("
Keyword.Reserved:  "inc"
Text.Whitespace:  " "
Literal.Number.Float:  "1"
Punctuation:  "))"
Text.Whitespace:  "<newline>"
Punctuation:  "("
Keyword:  "quasiquote"
Text.Whitespace:  " "
Punctuation:  "("
Literal.String.Escape:  "+"
Text.Whitespace:  " "
Literal.Number.Float:  "1"
Text.Whitespace:  " "
Punctuation:  "("
Keyword:  "unquote"
Text:  " "
Punctuation:  "("
Keyword.Reserved:  "inc"
Text.Whitespace:  " "
Literal.Number.Float:  "1"
Punctuation:  "))))"
Text.Whitespace:  "<newline>"
Punctuation:  "("
Keyword:  "quasiquote"
Text.Whitespace:  " "
Punctuation:  "("
Literal.String.Escape:  "+"
Text.Whitespace:  " "
Literal.Number.Float:  "1"
Text.Whitespace:  " "
Punctuation:  "("
Keyword:  "unquote"
Text:  " "
Punctuation:  "("
Keyword.Reserved:  "inc"
Text.Whitespace:  " "
Punctuation:  "("
Keyword.Reserved:  "inc"
Text.Whitespace:  " "
Literal.Number.Float:  "1"
Punctuation:  ")))))"
Text.Whitespace:  "<newline>"
