Comment.Preproc:  "<?xml version=\"1.0\"?>"
Text:  "<newline>"
Comment:  "<!-- mxmlAdvanced/myComponents/DestinationComp.mxml -->"
Text:  "<newline>"
Name.Tag:  "<s:VGroup"
Text:  " "
Name.Attribute:  "xmlns:fx="
Literal.String:  "\"http://ns.adobe.com/mxml/2009\""
Text:  "<newline>    "
Name.Attribute:  "xmlns:s="
Literal.String:  "\"library://ns.adobe.com/flex/spark\""
Text:  "<newline>    "
Name.Attribute:  "xmlns:mx="
Literal.String:  "\"library://ns.adobe.com/flex/mx\""
Name.Tag:  ">"
Text:  "<newline><newline>    "
Name.Tag:  "<fx:Script>"
Text:  "<newline>        "
Comment.Preproc:  "<![CDATA["
Text:  "<newline>            "
Comment.Single:  "// Define variable to reference calling file."
Text:  "<newline>            "
Punctuation:  "["
Name.Other:  "Bindable"
Punctuation:  "]"
Text:  "<newline>            "
Keyword.Reserved:  "public"
Text:  " "
Keyword.Declaration:  "var"
Text:  " "
Name.Other:  "caller"
Operator:  ":"
Name.Other:  "CallingComponent"
Operator:  ";"
Text:  "<newline>        "
Comment.Preproc:  "]]>"
Text:  "<newline>    "
Name.Tag:  "</fx:Script>"
Text:  "<newline><newline>    "
Name.Tag:  "<s:TextInput"
Text:  " "
Name.Attribute:  "id="
Literal.String:  "\"mytext\""
Text:  "<newline>        "
Name.Attribute:  "text="
Literal.String:  "\""
Punctuation:  "{"
Name.Other:  "caller"
Punctuation:  "."
Name.Other:  "text1"
Punctuation:  "."
Name.Other:  "text"
Punctuation:  "}"
Literal.String:  "\""
Name.Tag:  "/>"
Text:  "<newline>"
Name.Tag:  "</s:VGroup>"
Text:  "<newline><newline>"
Comment.Preproc:  "<?xml version=\"1.0\"?>"
Text:  "<newline>"
Comment:  "<!-- mxmlAdvanced/myComponents/StateComboBoxSetGetBinding.mxml -->"
Text:  "<newline>"
Name.Tag:  "<s:ComboBox"
Text:  " "
Name.Attribute:  "xmlns:fx="
Literal.String:  "\"http://ns.adobe.com/mxml/2009\""
Text:  "<newline>    "
Name.Attribute:  "xmlns:s="
Literal.String:  "\"library://ns.adobe.com/flex/spark\""
Text:  "<newline>    "
Name.Attribute:  "xmlns:mx="
Literal.String:  "\"library://ns.adobe.com/flex/mx\""
Name.Tag:  ">"
Text:  "<newline><newline>    "
Name.Tag:  "<fx:Script>"
Text:  "<newline>        "
Comment.Preproc:  "<![CDATA["
Text:  "<newline>            "
Keyword.Reserved:  "import"
Text:  " "
Name.Other:  "mx"
Punctuation:  "."
Name.Other:  "collections"
Punctuation:  "."
Name.Other:  "ArrayList"
Operator:  ";"
Text:  "<newline>            "
Keyword.Reserved:  "import"
Text:  " "
Name.Other:  "flash"
Punctuation:  "."
Name.Other:  "events"
Punctuation:  "."
Name.Other:  "Event"
Operator:  ";"
Text:  "<newline><newline>            "
Comment.Single:  "// Define private variables."
Text:  "<newline>            "
Keyword.Reserved:  "private"
Text:  " "
Keyword.Declaration:  "var"
Text:  " "
Name.Other:  "stateArrayShort"
Operator:  ":"
Name.Other:  "ArrayList"
Text:  " "
Operator:  "="
Text:  " "
Keyword:  "new"
Text:  " "
Name.Other:  "ArrayList"
Punctuation:  "(["
Literal.String.Double:  "\"AK\""
Punctuation:  ","
Text:  " "
Literal.String.Double:  "\"AL\""
Punctuation:  "])"
Operator:  ";"
Text:  "<newline>            "
Keyword.Reserved:  "private"
Text:  " "
Keyword.Declaration:  "var"
Text:  " "
Name.Other:  "stateArrayLong"
Operator:  ":"
Name.Other:  "ArrayList"
Text:  " "
Operator:  "="
Text:  " "
Keyword:  "new"
Text:  " "
Name.Other:  "ArrayList"
Punctuation:  "(["
Literal.String.Double:  "\"Arkansas\""
Punctuation:  ","
Text:  " "
Literal.String.Double:  "\"Alaska\""
Punctuation:  "])"
Operator:  ";"
Text:  "<newline><newline>            "
Keyword.Reserved:  "private"
Text:  " "
Keyword.Declaration:  "var"
Text:  " "
Name.Other:  "__shortNames"
Operator:  ":"
Name.Other:  "Boolean"
Text:  " "
Operator:  "="
Text:  " "
Keyword.Constant:  "true"
Operator:  ";"
Text:  "<newline><newline>            "
Keyword.Reserved:  "public"
Text:  " "
Keyword.Declaration:  "function"
Text:  " "
Keyword.Reserved:  "set"
Text:  " "
Name.Other:  "shortNames"
Punctuation:  "("
Name.Other:  "val"
Operator:  ":"
Name.Other:  "Boolean"
Punctuation:  ")"
Operator:  ":"
Name.Builtin:  "void"
Text:  " "
Punctuation:  "{"
Text:  "<newline>                "
Name.Other:  "__shortNames"
Text:  " "
Operator:  "="
Text:  " "
Name.Other:  "val"
Operator:  ";"
Text:  "<newline>                "
Keyword:  "if"
Text:  " "
Punctuation:  "("
Name.Other:  "__shortNames"
Punctuation:  ")"
Text:  " "
Punctuation:  "{"
Text:  "<newline>                    "
Name.Other:  "dataProvider"
Operator:  "="
Name.Other:  "stateArrayShort"
Operator:  ";"
Text:  " "
Punctuation:  "}"
Text:  "<newline>                "
Keyword:  "else"
Text:  " "
Punctuation:  "{"
Text:  "<newline>                    "
Name.Other:  "dataProvider"
Operator:  "="
Name.Other:  "stateArrayLong"
Operator:  ";"
Text:  " "
Punctuation:  "}"
Text:  "<newline>                    "
Comment.Single:  "// Create and dispatch event."
Text:  "<newline>                    "
Name.Other:  "dispatchEvent"
Punctuation:  "("
Keyword:  "new"
Text:  " "
Name.Other:  "Event"
Punctuation:  "("
Literal.String.Double:  "\"changeShortNames\""
Punctuation:  "))"
Operator:  ";"
Text:  "<newline>            "
Punctuation:  "}"
Text:  "<newline><newline>            "
Comment.Single:  "// Include the [Bindable] metadata tag."
Text:  "<newline>            "
Punctuation:  "["
Name.Other:  "Bindable"
Punctuation:  "("
Name.Other:  "event"
Operator:  "="
Literal.String.Double:  "\"changeShortNames\""
Punctuation:  ")]"
Text:  "<newline>            "
Keyword.Reserved:  "public"
Text:  " "
Keyword.Declaration:  "function"
Text:  " "
Keyword.Reserved:  "get"
Text:  " "
Name.Other:  "shortNames"
Punctuation:  "()"
Operator:  ":"
Name.Other:  "Boolean"
Text:  " "
Punctuation:  "{"
Text:  "<newline>                "
Keyword:  "return"
Text:  " "
Name.Other:  "__shortNames"
Operator:  ";"
Text:  "<newline>            "
Punctuation:  "}"
Text:  "<newline>        "
Comment.Preproc:  "]]>"
Text:  "<newline>    "
Name.Tag:  "</fx:Script>"
Text:  "<newline>"
Name.Tag:  "</s:ComboBox>"
Text:  "<newline><newline>"
Comment.Preproc:  "<?xml version=\"1.0\"?>"
Text:  "<newline>"
Comment:  "<!-- mxmlAdvanced/myComponents/StateComboBoxPassRefToTA.mxml -->"
Text:  "<newline>"
Name.Tag:  "<s:ComboBox"
Text:  " "
Name.Attribute:  "xmlns:fx="
Literal.String:  "\"http://ns.adobe.com/mxml/2009\""
Text:  "<newline>    "
Name.Attribute:  "xmlns:s="
Literal.String:  "\"library://ns.adobe.com/flex/spark\""
Text:  "<newline>    "
Name.Attribute:  "xmlns:mx="
Literal.String:  "\"library://ns.adobe.com/flex/mx\""
Text:  "<newline>    "
Name.Attribute:  "close="
Literal.String:  "\"handleCloseEvent(event);\""
Name.Tag:  ">"
Text:  "<newline><newline>    "
Name.Tag:  "<fx:Script>"
Text:  "<newline>        "
Comment.Preproc:  "<![CDATA["
Text:  "<newline>            "
Keyword.Reserved:  "import"
Text:  " "
Name.Other:  "flash"
Punctuation:  "."
Name.Other:  "events"
Punctuation:  "."
Name.Other:  "Event"
Operator:  ";"
Text:  "<newline>            "
Keyword.Reserved:  "import"
Text:  " "
Name.Other:  "spark"
Punctuation:  "."
Name.Other:  "components"
Punctuation:  "."
Name.Other:  "TextArea"
Operator:  ";"
Text:  "<newline><newline>            "
Comment.Single:  "// Define a variable of type mx.controls.TextArea."
Text:  "<newline>            "
Keyword.Reserved:  "public"
Text:  " "
Keyword.Declaration:  "var"
Text:  " "
Name.Other:  "outputTA"
Operator:  ":"
Name.Other:  "TextArea"
Operator:  ";"
Text:  "<newline><newline>            "
Keyword.Reserved:  "public"
Text:  " "
Keyword.Declaration:  "function"
Text:  " "
Name.Other:  "handleCloseEvent"
Punctuation:  "("
Name.Other:  "eventObj"
Operator:  ":"
Name.Other:  "Event"
Punctuation:  ")"
Operator:  ":"
Name.Builtin:  "void"
Text:  " "
Punctuation:  "{"
Text:  "<newline>                "
Name.Other:  "outputTA"
Punctuation:  "."
Name.Other:  "text"
Operator:  "="
Name.Other:  "String"
Punctuation:  "("
Keyword:  "this"
Punctuation:  "."
Name.Other:  "selectedIndex"
Punctuation:  ")"
Operator:  ";"
Text:  "<newline>            "
Punctuation:  "}"
Text:  "<newline>        "
Comment.Preproc:  "]]>"
Text:  "<newline>    "
Name.Tag:  "</fx:Script>"
Text:  "<newline><newline>    "
Name.Tag:  "<s:dataProvider>"
Text:  "<newline>        "
Name.Tag:  "<s:ArrayList>"
Text:  "<newline>            "
Name.Tag:  "<fx:String>"
Text:  "AK"
Name.Tag:  "</fx:String>"
Text:  "<newline>            "
Name.Tag:  "<fx:String>"
Text:  "AL"
Name.Tag:  "</fx:String>"
Text:  "<newline>        "
Name.Tag:  "</s:ArrayList>"
Text:  "<newline>    "
Name.Tag:  "</s:dataProvider>"
Text:  "<newline>"
Name.Tag:  "</s:ComboBox>"
Text:  "<newline><newline>"
Comment.Preproc:  "<?xml version=\"1.0\"?>"
Text:  "<newline>"
Comment:  "<!-- createcomps_mxml/myComponents/StateComboBoxWithStyleClassSel.mxml -->"
Text:  "<newline>"
Name.Tag:  "<s:ComboBox"
Text:  " "
Name.Attribute:  "xmlns:fx="
Literal.String:  "\"http://ns.adobe.com/mxml/2009\""
Text:  "<newline>    "
Name.Attribute:  "xmlns:s="
Literal.String:  "\"library://ns.adobe.com/flex/spark\""
Text:  "<newline>    "
Name.Attribute:  "xmlns:mx="
Literal.String:  "\"library://ns.adobe.com/flex/mx\""
Text:  "<newline>    "
Name.Attribute:  "styleName="
Literal.String:  "\"myCBStyle\""
Name.Tag:  ">"
Text:  "<newline><newline>    "
Name.Tag:  "<fx:Style>"
Text:  "<newline>        .myCBStyle {<newline>            fontWeight : bold;<newline>            fontSize : 15;<newline>            }<newline>    "
Name.Tag:  "</fx:Style>"
Text:  "<newline><newline>    "
Name.Tag:  "<s:dataProvider>"
Text:  "<newline>        "
Name.Tag:  "<s:ArrayList>"
Text:  "<newline>            "
Name.Tag:  "<fx:String>"
Text:  "AK"
Name.Tag:  "</fx:String>"
Text:  "<newline>            "
Name.Tag:  "<fx:String>"
Text:  "AL"
Name.Tag:  "</fx:String>"
Text:  "<newline>        "
Name.Tag:  "</s:ArrayList>"
Text:  "<newline>    "
Name.Tag:  "</s:dataProvider>"
Text:  "<newline>"
Name.Tag:  "</s:ComboBox>"
Text:  "<newline>"
