Comment.Single:  "# Hacked from https://en.wikipedia.org/wiki/Sieve_(mail_filtering_language)"
Text:  "<newline><newline>"
Comment.Single:  "# Sieve filter"
Text:  "<newline><newline>"
Comment.Single:  "# Declare the extensions used by this script."
Text:  "<newline>"
Comment.Single:  "#"
Text:  "<newline>"
Keyword:  "require"
Text:  " "
Punctuation:  "["
Literal.String.Double:  "\"fileinto\""
Punctuation:  ","
Text:  " "
Literal.String.Double:  "\"reject\""
Punctuation:  ","
Text:  " "
Literal.String.Double:  "\"imapsieve\""
Punctuation:  ","
Text:  " "
Literal.String.Double:  "\"environment\""
Punctuation:  ","
Text:  " "
Literal.String.Double:  "\"variables\""
Punctuation:  "];"
Text:  "<newline><newline>"
Comment.Single:  "# simple variable interpolation highlight test"
Text:  "<newline>"
Keyword:  "if"
Text:  " "
Name.Other:  "environment"
Text:  " "
Operator:  ":matches"
Text:  " "
Literal.String.Double:  "\"imap.user\""
Text:  " "
Literal.String.Double:  "\"*\""
Text:  " "
Punctuation:  "{"
Text:  "<newline>      "
Name.Other:  "set"
Text:  " "
Literal.String.Double:  "\"username\""
Text:  " "
Literal.String.Double:  "\""
Literal.String.Interpol:  "${1}"
Literal.String.Double:  "\""
Punctuation:  ";"
Text:  "<newline>"
Punctuation:  "}"
Text:  "<newline><newline>"
Comment.Single:  "# Messages bigger than 9K will be rejected with an error message"
Text:  "<newline>"
Comment.Single:  "#"
Text:  "<newline>"
Keyword:  "if"
Text:  " "
Name.Variable:  "size"
Text:  " "
Operator:  ":over"
Text:  " "
Literal.Number.Integer:  "9K"
Text:  " "
Punctuation:  "{"
Text:  "<newline>   "
Name.Function:  "reject"
Text:  " "
Literal.String.Double:  "\"IT'S OVER NIIIINNE"
Error:  "<newline>"
Literal.String.Double:  "THOUSAAAAAAAAAAAAAAAAAAAAAAAAAAAAAAAAAAAAAAAAAAAAAAAND!!!@$#!\""
Punctuation:  ";"
Text:  "<newline>"
Punctuation:  "}"
Text:  "<newline><newline>"
Comment.Single:  "# Mails from a mailing list will be put into the folder \"mailinglist\""
Text:  "<newline>"
Comment.Single:  "#"
Text:  "<newline>"
Keyword:  "elsif"
Text:  " "
Name.Variable:  "address"
Text:  " "
Operator:  ":is"
Text:  " "
Punctuation:  "["
Literal.String.Double:  "\"From\""
Punctuation:  ","
Text:  " "
Literal.String.Double:  "\"To\""
Punctuation:  "]"
Text:  " "
Literal.String.Double:  "\"mailinglist@blafasel.invalid\""
Text:  " "
Punctuation:  "{"
Text:  "<newline>   "
Name.Function:  "fileinto"
Text:  " "
Literal.String.Double:  "\"INBOX.mailinglist\""
Punctuation:  ";"
Text:  "<newline>"
Punctuation:  "}"
Text:  "<newline><newline>"
Comment.Single:  "# Spam Rule: Message does not contain my address in To, CC or Bcc"
Text:  "<newline>"
Comment.Single:  "# header, or subject is something with \"money\" or \"Viagra\"."
Text:  "<newline>"
Comment.Single:  "#"
Text:  "<newline>"
Keyword:  "elsif"
Text:  " "
Name.Variable:  "anyof"
Text:  " "
Punctuation:  "("
Name.Variable:  "not"
Text:  " "
Name.Variable:  "address"
Text:  " "
Operator:  ":all"
Text:  " "
Operator:  ":contains"
Text:  " "
Punctuation:  "["
Literal.String.Double:  "\"To\""
Punctuation:  ","
Text:  " "
Literal.String.Double:  "\"Cc\""
Punctuation:  ","
Text:  " "
Literal.String.Double:  "\"Bcc\""
Punctuation:  "]"
Text:  " "
Literal.String.Double:  "\"me@blafasel.invalid\""
Punctuation:  ","
Text:  "<newline>"
Name.Variable:  "header"
Text:  " "
Operator:  ":matches"
Text:  " "
Literal.String.Double:  "\"Subject\""
Text:  " "
Punctuation:  "["
Literal.String.Double:  "\"*money*\""
Punctuation:  ","
Literal.String.Double:  "\"*Viagra*\""
Punctuation:  "])"
Text:  " "
Punctuation:  "{"
Text:  "<newline>      "
Name.Function:  "fileinto"
Text:  " "
Literal.String.Double:  "\"INBOX.spam\""
Punctuation:  ";"
Text:  "<newline>"
Punctuation:  "}"
Text:  "<newline><newline>"
Comment.Single:  "# Keep the rest."
Text:  "<newline>"
Comment.Single:  "# This is not necessary because there is a \"implicit keep\" Rule"
Text:  "<newline>"
Comment.Single:  "#"
Text:  "<newline>"
Keyword:  "else"
Text:  " "
Punctuation:  "{"
Text:  "<newline>     "
Name.Function:  "keep"
Punctuation:  ";"
Text:  "<newline>"
Punctuation:  "}"
Text:  "<newline><newline>"
Comment.Single:  "# Comment at EOL"
Text:  "<newline>"
