Name.Namespace:  "doctype"
Text.Whitespace:  " "
Text:  "html<newline>"
Name.Tag:  "html"
Text:  "<newline>  "
Name.Tag:  "head"
Text:  "<newline>    "
Name.Tag:  "title"
Text.Whitespace:  " "
Text:  "Slim"
Text.Whitespace:  " "
Text:  "Examples<newline><newline>  "
Comment:  "/ This is a comment for the body"
Text:  "<newline>  "
Name.Tag:  "body"
Text:  "<newline>    "
Name.Tag:  "h1"
Text.Whitespace:  " "
Text:  "Markup"
Text.Whitespace:  " "
Text:  "examples<newline><newline>    "
Comment:  "/ Inline nested ruby expressions"
Text:  "<newline>    "
Name.Tag:  "p"
Text.Whitespace:  " "
Text:  "Nested"
Text.Whitespace:  " "
Text:  "interp"
Text.Whitespace:  " "
Literal.String.Interpol:  "\#{"
Name:  "list"
Punctuation:  "."
Name.Function:  "map"
Text:  " "
Punctuation:  "{"
Text:  " "
Operator:  "|"
Name:  "x"
Operator:  "|"
Text:  " "
Name:  "x"
Text:  " "
Operator:  "+"
Text:  " "
Literal.Number.Integer:  "1"
Text:  " "
Punctuation:  "}."
Name.Function:  "inject"
Punctuation:  "("
Operator:  "&"
Punctuation:  ":"
Operator:  "+"
Punctuation:  ")"
Literal.String.Interpol:  "}"
Text.Whitespace:  " "
Text:  "parses"
Text.Whitespace:  " "
Text:  "ok<newline><newline>    "
Comment:  "/! HTML comment"
Text:  "<newline>    "
Name.Function:  "#content"
Text:  "<newline>      "
Name.Tag:  "p"
Text.Whitespace:  " "
Text:  "This"
Text.Whitespace:  " "
Text:  "example"
Text.Whitespace:  " "
Text:  "shows"
Text.Whitespace:  " "
Text:  "you"
Text.Whitespace:  " "
Text:  "how"
Text.Whitespace:  " "
Text:  "a"
Text.Whitespace:  " "
Text:  "basic"
Text.Whitespace:  " "
Text:  "Slim"
Text.Whitespace:  " "
Text:  "file"
Text.Whitespace:  " "
Text:  "looks"
Text.Whitespace:  " "
Text:  "like"
Name.Class:  "."
Text:  "<newline>      "
Name.Tag:  "span"
Text.Whitespace:  " "
Name.Attribute:  "class"
Punctuation:  "="
Name:  "ruby_method"
Text.Whitespace:  " "
Name.Attribute:  "data-something"
Punctuation:  "="
Literal.String:  "'hmmm'"
Text.Whitespace:  " "
Punctuation:  "="
Text:  " "
Name:  "some_other_ruby_method"
Text:  "<newline><newline>      "
Comment:  "/ Splats"
Text:  "<newline>      "
Name.Class:  ".csclass"
Text.Whitespace:  " "
Name.Attribute:  "data-attr"
Punctuation:  "="
Name.Constant:  "RUBY_CONSTANT"
Text.Whitespace:  " "
Name.Attribute:  "width"
Text.Whitespace:  " "
Punctuation:  "="
Literal.String:  " \"23px\""
Text.Whitespace:  " "
Text:  "Woot!<newline>      "
Name.Class:  ".card"
Text.Whitespace:  " "
Punctuation:  "*"
Name:  "method_which_return_hash!"
Text.Whitespace:  " "
Punctuation:  "="
Text:  " "
Name:  "place"
Punctuation:  "."
Name.Function:  "name"
Text:  "<newline>      "
Name.Class:  ".herp"
Text.Whitespace:  " "
Punctuation:  "*"
Name.Variable.Instance:  "@hash_instance_variable"
Text.Whitespace:  " "
Punctuation:  "="
Text:  " "
Name:  "place"
Punctuation:  "."
Name.Function:  "name"
Text:  "<newline>      "
Name.Function:  "#derp"
Punctuation:  "*{"
Literal.String.Single:  "'data-url'"
Operator:  "=>"
Name:  "place_path"
Punctuation:  "("
Name:  "place"
Punctuation:  "),"
Text:  " "
Literal.String.Single:  "'data-id'"
Operator:  "=>"
Name:  "place"
Punctuation:  "."
Name.Function:  "id"
Punctuation:  "}"
Text.Whitespace:  " "
Punctuation:  "="
Text:  " "
Name:  "place"
Punctuation:  "."
Name.Function:  "name"
Text:  "<newline><newline>      "
Comment:  "/ Dynamic tags"
Text:  "<newline>      "
Punctuation:  "*"
Name:  "ruby_tag"
Text.Whitespace:  " "
Text:  "Some"
Text.Whitespace:  " "
Text:  "text"
Text.Whitespace:  " "
Text:  "for"
Text.Whitespace:  " "
Text:  "it<newline>      "
Punctuation:  "*"
Name:  "some_tag_method"
Punctuation:  "("
Text:  " "
Name.Constant:  "CONSTANT"
Punctuation:  ","
Text:  " "
Literal.String.Double:  "\"string\""
Punctuation:  ","
Text:  " "
Literal.Number.Float:  "1234.3"
Text:  " "
Punctuation:  ")"
Text.Whitespace:  " "
Text:  "Woot!<newline><newline>      "
Name.Tag:  "p"
Text:  "<newline>        "
Punctuation:  "'"
Text:  " Some text with "
Name.Tag:  "<bold>"
Text:  "bold text"
Name.Tag:  "</bold>"
Text:  "<newline><newline>      "
Name.Tag:  "<p"
Text:  " "
Name.Attribute:  "attr="
Literal.String:  "\"something\""
Name.Tag:  ">"
Text:  "<newline>        "
Punctuation:  "'"
Text:  " Some other text with "
Literal.String.Interpol:  "\#{"
Name:  "interp"
Literal.String.Interpol:  "}"
Text:  "<newline><newline><newline>      "
Name.Decorator:  "javascript:<newline>"
Text:  "        "
Keyword.Declaration:  "var"
Text:  " "
Name.Other:  "foo"
Text:  " "
Operator:  "="
Text:  " "
Literal.Number.Integer:  "23"
Punctuation:  ";"
Text:  "<newline>        "
Keyword.Declaration:  "function"
Text:  " "
Name.Function:  "bar"
Punctuation:  "("
Text:  " "
Name.Other:  "lel"
Text:  " "
Punctuation:  ")"
Text:  " "
Punctuation:  "{"
Text:  "<newline>          "
Keyword:  "return"
Text:  " "
Name.Other:  "lel"
Text:  " "
Operator:  "*"
Text:  " "
Literal.Number.Integer:  "4"
Punctuation:  ";"
Text:  "<newline>        "
Punctuation:  "}"
Text:  "<newline><newline>      "
Comment:  "/ And this is a \\<newline>        wrapping comment"
Text:  "<newline>      "
Comment:  "/ And a"
Text:  "<newline>        "
Name.Tag:  "p"
Text.Whitespace:  " "
Text:  "non-wrapping"
Text.Whitespace:  " "
Text:  "one<newline><newline>      "
Comment:  "/[if IE]"
Text:  "<newline>        "
Name.Tag:  "p"
Text.Whitespace:  " "
Text:  "Get"
Text.Whitespace:  " "
Text:  "a"
Text.Whitespace:  " "
Text:  "better"
Text.Whitespace:  " "
Text:  "browser<newline><newline>      "
Name.Tag:  "a"
Text.Whitespace:  " "
Name.Attribute:  "href"
Punctuation:  "="
Literal.String:  "'http://google.com/'"
Text.Whitespace:  " "
Text:  "To"
Text.Whitespace:  " "
Text:  "Google!<newline><newline>      "
Name.Decorator:  "css:<newline>"
Text:  "        "
Name.Tag:  "p"
Text:  " "
Punctuation:  "{"
Text:  "<newline>          "
Name.Label:  "font-family"
Punctuation:  ":"
Text:  " "
Literal.String.Interpol:  "\#{"
Name:  "font_family"
Punctuation:  "("
Text:  " "
Literal.String.Double:  "\"Tahoma\""
Text:  " "
Punctuation:  ")"
Text:  " "
Operator:  "&&"
Text:  " "
Name.Constant:  "Time"
Punctuation:  "."
Name.Function:  "now"
Literal.String.Interpol:  "}"
Punctuation:  ";"
Text:  "<newline>        "
Punctuation:  "}"
Text:  "<newline><newline>      "
Punctuation:  "=="
Text:  " "
Keyword:  "yield"
Text:  "<newline><newline>      "
Punctuation:  "-"
Text:  " "
Keyword:  "unless"
Text:  " "
Name:  "items"
Punctuation:  "."
Name.Function:  "empty?"
Text:  "<newline>        "
Name.Tag:  "table"
Text:  "<newline>          "
Punctuation:  "-"
Text:  " "
Keyword:  "for"
Text:  " "
Name:  "item"
Text:  " "
Keyword:  "in"
Text:  " "
Name:  "items"
Text:  " "
Keyword:  "do"
Text:  "<newline>            "
Name.Tag:  "tr"
Text:  "<newline>              "
Name.Tag:  "td"
Name.Class:  ".name"
Text.Whitespace:  " "
Punctuation:  "="
Text:  " "
Name:  "item"
Punctuation:  "."
Name.Function:  "name"
Text:  "<newline>              "
Name.Tag:  "td"
Name.Class:  ".price"
Text.Whitespace:  " "
Punctuation:  "="
Text:  " "
Name:  "item"
Punctuation:  "."
Name.Function:  "price"
Text:  "<newline>              "
Name.Tag:  "td"
Name.Class:  ".spec"
Text:  "<newline>                "
Punctuation:  "="
Text:  " "
Name:  "render"
Punctuation:  "("
Text:  " "
Punctuation:  "\\"
Text:  "<newline>                    "
Literal.String.Symbol:  "partial: "
Literal.String.Single:  "'item_spec'"
Punctuation:  ","
Text:  "<newline>                    "
Literal.String.Symbol:  "locals: "
Punctuation:  "{"
Text:  " "
Punctuation:  "\\"
Text:  "<newline>                      "
Literal.String.Symbol:  "item: "
Name:  "item"
Punctuation:  ","
Text:  "<newline>                    "
Punctuation:  "},"
Text:  "<newline>                  "
Punctuation:  ")"
Text:  "<newline><newline>      "
Punctuation:  "-"
Text:  " "
Keyword:  "else"
Text:  "<newline>        "
Name.Tag:  "p"
Punctuation:  "<"
Text:  "<newline>         "
Punctuation:  "|"
Text:  " No items found.  Please add some inventory.<newline>           Thank you! a href=\"lol\"<newline>           a lol<newline>         "
Name.Tag:  "a"
Text.Whitespace:  " "
Text:  "lol<newline><newline><newline>      "
Name.Decorator:  "coffee:<newline>"
Text:  "        "
Name.Other:  "square"
Text:  " "
Operator:  "="
Text:  " "
Punctuation:  "("
Name.Other:  "x"
Punctuation:  ")"
Text:  " "
Operator:  "->"
Text:  " "
Name.Other:  "x"
Text:  " "
Operator:  "*"
Text:  " "
Name.Other:  "x"
Text:  "<newline><newline>      "
Name.Decorator:  "markdown:<newline>"
Text:  "        "
Punctuation:  "-"
Text:  " Hello from "
Literal.String.Interpol:  "\#{"
Name.Constant:  "SomeClass"
Punctuation:  "."
Name.Function:  "interpolation_works!"
Literal.String.Interpol:  "}"
Text:  "<newline><newline>    "
Name.Tag:  "div"
Text.Whitespace:  " "
Name.Attribute:  "id"
Punctuation:  "="
Literal.String:  "\"footer\""
Text:  "<newline>      "
Punctuation:  "="
Text:  " "
Literal.Number.Integer:  "3"
Punctuation:  "."
Name.Function:  "times"
Text:  " "
Punctuation:  "{"
Text:  " "
Name:  "render"
Text:  " "
Literal.String.Single:  "'footer'"
Text:  " "
Punctuation:  "}"
Text:  "<newline>      "
Punctuation:  "|"
Text:  " Copyright \u00A9 "
Literal.String.Interpol:  "\#{"
Name:  "year"
Literal.String.Interpol:  "}"
Text:  " "
Literal.String.Interpol:  "\#{"
Name:  "author"
Literal.String.Interpol:  "}"
Text:  "<newline>"
