Keyword:  "{"
Name.Variable:  "$foo"
Keyword:  "}"
Text:  "<newline><newline>"
Name.Tag:  "<div>"
Text:  "test"
Name.Tag:  "</div>"
Text:  "<newline><newline>"
Name.Tag:  "<script "
Name.Attribute:  "type="
Literal.String:  "\"text/javascript\""
Name.Tag:  ">"
Text:  "<newline>  "
Name.Other:  "console"
Punctuation:  "."
Name.Function:  "log"
Punctuation:  "({"
Text:  "<newline>    "
Name.Attribute:  "foo"
Punctuation:  ":"
Text:  " "
Literal.String.Delimiter:  "'"
Literal.String.Single:  "bar"
Literal.String.Delimiter:  "'"
Punctuation:  ","
Text:  "<newline>    "
Literal.String.Delimiter:  "'"
Literal.String.Single:  "foo2"
Literal.String.Delimiter:  "'"
Punctuation:  ":"
Text:  " "
Literal.String.Delimiter:  "'"
Literal.String.Single:  "bar2"
Literal.String.Delimiter:  "'"
Punctuation:  ","
Text:  "<newline>  "
Punctuation:  "});"
Text:  "<newline>  "
Keyword.Declaration:  "function"
Text:  " "
Name.Function:  "test"
Punctuation:  "()"
Text:  " "
Punctuation:  "{"
Text:  "<newline>    "
Name.Other:  "console"
Punctuation:  "."
Name.Function:  "log"
Punctuation:  "("
Literal.String.Delimiter:  "\""
Literal.String.Double:  "Making sure we don't treat javascript's { 's as smarty tags"
Literal.String.Delimiter:  "\""
Punctuation:  ");"
Text:  "<newline>  "
Punctuation:  "}"
Text:  "<newline>"
Name.Tag:  "</script>"
Text:  "<newline><newline>"
Name.Tag:  "<script "
Name.Attribute:  "type="
Literal.String:  "\"text/javascript\""
Name.Tag:  ">"
Text:  "<newline>  "
Comment.Single:  "// This shows how a smarty tag inside of javascript does sometimes"
Text:  "<newline>  "
Comment.Single:  "// break things. I'm not sure how to fix this."
Text:  "<newline>  "
Name.Other:  "console"
Punctuation:  "."
Name.Other:  "log"
Punctuation:  "({"
Text:  "<newline>    "
Name.Attribute:  "foo"
Punctuation:  ":"
Text:  " "
Literal.String.Delimiter:  "'"
Literal.String.Single:  "bar"
Literal.String.Delimiter:  "'"
Punctuation:  ","
Text:  "<newline>    "
Keyword:  "{"
Name.Attribute:  "test"
Keyword:  "}"
Text:  "<newline>    "
Literal.String.Delimiter:  "'"
Literal.String.Single:  "foo2"
Literal.String.Delimiter:  "'"
Punctuation:  ":"
Text:  " "
Literal.String.Delimiter:  "'"
Literal.String.Single:  "bar2"
Literal.String.Delimiter:  "'"
Punctuation:  ","
Text:  "<newline>  "
Punctuation:  "});"
Text:  "<newline>"
Name.Tag:  "</script>"
Text:  "<newline><newline>"
Comment:  "{* test comment *}"
Text:  "<newline>"
Keyword:  "{"
Name.Attribute:  "foo"
Keyword:  "}"
Text:  " "
Keyword:  "{"
Name.Variable:  "$baz"
Keyword:  "}"
Text:  "<newline><newline>"
Keyword:  "{"
Name.Attribute:  "foo"
Keyword:  "}"
Text:  " "
Keyword:  "{"
Name.Attribute:  "bar"
Keyword:  "}"
Text:  " "
Keyword:  "{"
Name.Attribute:  "baz"
Keyword:  "}"
Text:  "<newline><newline>"
Keyword:  "{"
Name.Attribute:  "foo"
Text:  " "
Name.Attribute:  "bar"
Operator:  "="
Literal.String.Single:  "'single quotes'"
Text:  " "
Name.Attribute:  "baz"
Operator:  "="
Literal.String.Double:  "\"double quotes\""
Text:  " "
Name.Attribute:  "test3"
Operator:  "="
Name.Variable:  "$test3"
Keyword:  "}"
Text:  "<newline><newline>"
Name.Tag:  "<ul>"
Text:  "<newline>  "
Keyword:  "{"
Name.Builtin:  "foreach"
Text:  " "
Name.Attribute:  "from"
Operator:  "="
Name.Variable:  "$myvariable"
Text:  " "
Name.Attribute:  "item"
Operator:  "="
Name.Attribute:  "data"
Keyword:  "}"
Text:  "<newline>    "
Name.Tag:  "<li>"
Keyword:  "{"
Name.Variable:  "$data.field"
Keyword:  "}"
Name.Tag:  "</li>"
Text:  "<newline>  "
Keyword:  "{"
Name.Builtin:  "foreachelse"
Keyword:  "}"
Text:  "<newline>    "
Name.Tag:  "<li>"
Text:  "No Data"
Name.Tag:  "</li>"
Text:  "<newline>  "
Keyword:  "{/"
Name.Builtin:  "foreach"
Keyword:  "}"
Text:  "<newline>"
Name.Tag:  "</ul>"
Text:  "<newline><newline>"
Name.Tag:  "<div"
Text:  " "
Name.Attribute:  "class="
Literal.String:  "\""
Keyword:  "{"
Name.Builtin:  "if"
Text:  " "
Name.Variable:  "$foo"
Keyword:  "}"
Literal.String:  "class1"
Keyword:  "{"
Name.Builtin:  "else"
Keyword:  "}"
Literal.String:  "class2"
Keyword:  "{/"
Name.Builtin:  "if"
Keyword:  "}"
Literal.String:  "\""
Name.Tag:  ">"
Keyword:  "{"
Name.Variable:  "$foo.bar.baz"
Keyword:  "}"
Name.Tag:  "</div>"
Text:  "<newline><newline>"
Comment:  "{* test <newline>   multi-line<newline>   comment<newline>*}"
Text:  "<newline><newline>"
Keyword:  "{"
Name.Variable:  "$bar"
Operator:  "["
Literal.Number:  "42"
Operator:  "]"
Keyword:  "}"
Text:  "<newline>"
Keyword:  "{"
Name.Variable:  "$bar"
Operator:  "."
Name.Variable:  "$foo"
Keyword:  "}"
Text:  "<newline>"
