Comment.Preproc:  "#include"
Text:  " "
Comment.PreprocFile:  "lib.stan"
Text:  "<newline><newline>"
Generic.Deleted:  "# This is a deprecated way to write a comment!"
Text:  "<newline><newline>"
Name.Namespace:  "functions"
Text:  " "
Punctuation:  "{"
Text:  "<newline>  "
Comment.Multiline:  "/** Solution to drug concentration ODE given inital concentration, time elapsed,<newline>   * and diffusion parameters.<newline>   */"
Text:  "<newline>  "
Keyword.Type:  "vector"
Punctuation:  "[]"
Text:  " "
Name.Function:  "drug_conc"
Punctuation:  "("
Keyword.Type:  "vector"
Text:  " "
Name.Variable:  "y_cen"
Punctuation:  ","
Text:  " "
Keyword.Type:  "vector"
Text:  " "
Name.Variable:  "y_per"
Punctuation:  ","
Text:  " "
Keyword.Type:  "vector"
Text:  " "
Name.Variable:  "kappa_cen"
Punctuation:  ","
Text:  "<newline>                     "
Keyword.Type:  "vector"
Text:  " "
Name.Variable:  "kappa_per"
Punctuation:  ","
Text:  " "
Keyword.Type:  "vector"
Text:  " "
Name.Variable:  "ts"
Punctuation:  ","
Text:  " "
Keyword.Type:  "int"
Text:  " "
Name.Variable:  "N"
Punctuation:  ")"
Text:  " "
Punctuation:  "{"
Text:  "<newline>    "
Keyword.Type:  "vector"
Punctuation:  "["
Name.Variable:  "N"
Punctuation:  "]"
Text:  " "
Name.Variable:  "y_cen_out"
Text:  " "
Operator:  "="
Text:  " "
Name.Builtin:  "exp"
Punctuation:  "("
Operator:  "-"
Name.Variable:  "kappa_cen"
Text:  " "
Operator:  ".*"
Text:  " "
Name.Variable:  "ts"
Punctuation:  ")"
Text:  " "
Operator:  ".*"
Text:  " "
Name.Variable:  "y_cen"
Punctuation:  ";"
Text:  "<newline>    "
Keyword.Type:  "vector"
Punctuation:  "["
Name.Variable:  "N"
Punctuation:  "]"
Text:  " "
Name.Variable:  "y_per_out"
Text:  " "
Operator:  "="
Text:  " "
Punctuation:  "("
Name.Variable:  "kappa_cen"
Text:  " "
Operator:  "./"
Text:  " "
Punctuation:  "("
Name.Variable:  "kappa_per"
Text:  " "
Operator:  "-"
Text:  " "
Name.Variable:  "kappa_cen"
Punctuation:  "))"
Text:  "<newline>                            "
Operator:  ".*"
Text:  " "
Punctuation:  "("
Name.Builtin:  "exp"
Punctuation:  "("
Operator:  "-"
Name.Variable:  "kappa_cen"
Text:  " "
Operator:  ".*"
Text:  " "
Name.Variable:  "ts"
Punctuation:  ")"
Text:  " "
Operator:  "-"
Text:  " "
Name.Builtin:  "exp"
Punctuation:  "("
Operator:  "-"
Name.Variable:  "kappa_per"
Text:  " "
Operator:  ".*"
Text:  " "
Name.Variable:  "ts"
Punctuation:  "))"
Text:  "<newline>                            "
Operator:  ".*"
Text:  " "
Name.Variable:  "y_cen"
Text:  " "
Operator:  "+"
Text:  " "
Name.Builtin:  "exp"
Punctuation:  "("
Operator:  "-"
Name.Variable:  "kappa_per"
Text:  " "
Operator:  ".*"
Text:  " "
Name.Variable:  "ts"
Punctuation:  ")"
Text:  " "
Operator:  ".*"
Text:  " "
Name.Variable:  "y_per"
Punctuation:  ";"
Text:  "<newline><newline>    "
Keyword:  "return"
Text:  " "
Punctuation:  "{"
Text:  " "
Name.Variable:  "y_cen_out"
Punctuation:  ","
Text:  " "
Name.Variable:  "y_per_out"
Text:  " "
Punctuation:  "};"
Text:  "<newline>  "
Punctuation:  "}"
Text:  "<newline><newline>  "
Comment.Single:  "// Functor with appropriate signature for algebraic solver."
Text:  "<newline>  "
Keyword.Type:  "vector"
Text:  " "
Name.Function:  "f"
Punctuation:  "("
Keyword.Type:  "vector"
Text:  " "
Name.Variable:  "y"
Punctuation:  ","
Text:  " "
Keyword.Type:  "vector"
Text:  " "
Name.Variable:  "kappas"
Punctuation:  ","
Text:  " "
Keyword.Type:  "real"
Punctuation:  "[]"
Text:  " "
Name.Variable:  "x_r"
Punctuation:  ","
Text:  " "
Keyword.Type:  "int"
Punctuation:  "[]"
Text:  " "
Name.Variable:  "x_i"
Punctuation:  ")"
Text:  " "
Punctuation:  "{"
Text:  "<newline>    "
Comment.Single:  "// Unpack x_r."
Text:  "<newline>    "
Keyword.Type:  "real"
Text:  " "
Name.Variable:  "delta"
Text:  " "
Operator:  "="
Text:  " "
Name.Variable:  "x_r"
Punctuation:  "["
Literal.Number.Integer:  "1"
Punctuation:  "];"
Text:  "<newline>    "
Keyword.Type:  "real"
Text:  " "
Name.Variable:  "tau"
Text:  " "
Operator:  "="
Text:  " "
Name.Variable:  "x_r"
Punctuation:  "["
Literal.Number.Integer:  "2"
Punctuation:  "];"
Text:  "<newline><newline>    "
Comment.Single:  "// Unpack x_i."
Text:  "<newline>    "
Keyword.Type:  "int"
Text:  " "
Name.Variable:  "n"
Text:  " "
Operator:  "="
Text:  " "
Name.Variable:  "x_i"
Punctuation:  "["
Literal.Number.Integer:  "1"
Punctuation:  "];"
Text:  "<newline><newline>    "
Comment.Single:  "// All of the intervals are tau."
Text:  "<newline>    "
Keyword.Type:  "vector"
Punctuation:  "["
Name.Variable:  "n"
Punctuation:  "]"
Text:  " "
Name.Variable:  "ts"
Text:  " "
Operator:  "="
Text:  " "
Name.Builtin:  "rep_vector"
Punctuation:  "("
Name.Variable:  "tau"
Punctuation:  ","
Text:  " "
Name.Variable:  "n"
Punctuation:  ");"
Text:  "<newline><newline>    "
Comment.Multiline:  "/* The first n entries of y are the concentrations in the central chambers,<newline>     * while the last n entries of y are the concentrations in the peripheral<newline>     * chambers. Likewise for kappa.<newline>     */"
Text:  "<newline>    "
Keyword.Type:  "vector"
Punctuation:  "["
Name.Variable:  "n"
Punctuation:  "]"
Text:  " "
Name.Variable:  "y_cen"
Text:  " "
Operator:  "="
Text:  " "
Name.Variable:  "y"
Punctuation:  "["
Operator:  ":"
Name.Variable:  "n"
Punctuation:  "];"
Text:  "<newline>    "
Keyword.Type:  "vector"
Punctuation:  "["
Name.Variable:  "n"
Punctuation:  "]"
Text:  " "
Name.Variable:  "y_per"
Text:  " "
Operator:  "="
Text:  " "
Name.Variable:  "y"
Punctuation:  "[("
Name.Variable:  "n"
Operator:  "+"
Literal.Number.Integer:  "1"
Punctuation:  ")"
Operator:  ":"
Punctuation:  "];"
Text:  "<newline>    "
Keyword.Type:  "vector"
Punctuation:  "["
Name.Variable:  "n"
Punctuation:  "]"
Text:  " "
Name.Variable:  "kappa_cen"
Text:  " "
Operator:  "="
Text:  " "
Name.Variable:  "kappas"
Punctuation:  "["
Operator:  ":"
Name.Variable:  "n"
Punctuation:  "];"
Text:  "<newline>    "
Keyword.Type:  "vector"
Punctuation:  "["
Name.Variable:  "n"
Punctuation:  "]"
Text:  " "
Name.Variable:  "kappa_per"
Text:  " "
Operator:  "="
Text:  " "
Name.Variable:  "kappas"
Punctuation:  "[("
Name.Variable:  "n"
Operator:  "+"
Literal.Number.Integer:  "1"
Punctuation:  ")"
Operator:  ":"
Punctuation:  "];"
Text:  "<newline><newline>    "
Comment.Single:  "// Calculate the concentrations after tau."
Text:  "<newline>    "
Keyword.Type:  "vector"
Punctuation:  "["
Name.Variable:  "n"
Punctuation:  "]"
Text:  " "
Name.Variable:  "y_res"
Punctuation:  "["
Literal.Number.Integer:  "2"
Punctuation:  "]"
Text:  " "
Operator:  "="
Text:  " "
Name.Function:  "drug_conc"
Punctuation:  "("
Name.Variable:  "y_cen"
Punctuation:  ","
Text:  " "
Name.Variable:  "y_per"
Punctuation:  ","
Text:  " "
Name.Variable:  "kappa_cen"
Punctuation:  ","
Text:  " "
Name.Variable:  "kappa_per"
Punctuation:  ","
Text:  " "
Name.Variable:  "ts"
Punctuation:  ","
Text:  " "
Name.Variable:  "n"
Punctuation:  ");"
Text:  "<newline><newline>    "
Comment.Multiline:  "/* If a steady state has been reached, the difference between the<newline>     * concentration after tau (with a dose delta) should be the same as the<newline>     * current state.<newline>     */"
Text:  "<newline>    "
Keyword:  "return"
Text:  " "
Name.Builtin:  "append_row"
Punctuation:  "("
Name.Variable:  "y_res"
Punctuation:  "["
Literal.Number.Integer:  "1"
Punctuation:  "]"
Text:  " "
Operator:  "+"
Text:  " "
Name.Builtin:  "rep_vector"
Punctuation:  "("
Name.Variable:  "delta"
Punctuation:  ","
Text:  " "
Name.Variable:  "n"
Punctuation:  "),"
Text:  " "
Name.Variable:  "y_res"
Punctuation:  "["
Literal.Number.Integer:  "2"
Punctuation:  "])"
Text:  " "
Operator:  "-"
Text:  " "
Name.Variable:  "y"
Punctuation:  ";"
Text:  "<newline>  "
Punctuation:  "}"
Text:  "<newline><newline>  "
Comment.Preproc:  "#include"
Text:  " "
Comment.PreprocFile:  "addl_functions.stanfunctions"
Text:  " "
Comment.Single:  "// With a comment!"
Text:  "<newline>"
Punctuation:  "}"
Text:  "<newline><newline>"
Name.Namespace:  "data"
Text:  " "
Punctuation:  "{"
Text:  "<newline>  "
Keyword.Type:  "real"
Operator:  "<"
Name.Attribute:  "lower"
Operator:  "="
Literal.Number.Integer:  "0"
Operator:  ">"
Text:  " "
Name.Variable:  "delta"
Punctuation:  ";"
Text:  "              "
Comment.Single:  "// Dosage"
Text:  "<newline>  "
Keyword.Type:  "real"
Operator:  "<"
Name.Attribute:  "lower"
Operator:  "="
Literal.Number.Integer:  "0"
Operator:  ">"
Text:  " "
Name.Variable:  "tau"
Punctuation:  ";"
Text:  "                "
Comment.Single:  "// Dose interval"
Text:  "<newline>  "
Keyword.Type:  "int"
Text:  " "
Name.Variable:  "n"
Punctuation:  ";"
Text:  "                            "
Comment.Single:  "// Number of patients"
Text:  "<newline>  "
Keyword.Type:  "int"
Text:  " "
Name.Variable:  "m"
Punctuation:  ";"
Text:  "                            "
Comment.Single:  "// Number of observations"
Text:  "<newline>  "
Keyword.Type:  "vector"
Operator:  "<"
Name.Attribute:  "lower"
Operator:  "="
Literal.Number.Integer:  "0"
Punctuation:  ","
Name.Attribute:  "upper"
Operator:  "="
Name.Variable:  "tau"
Operator:  ">"
Punctuation:  "["
Name.Variable:  "m"
Punctuation:  "]"
Text:  " "
Name.Variable:  "ts"
Punctuation:  ";"
Text:  "  "
Comment.Single:  "// Times of observations (since last dose)"
Text:  "<newline>  "
Keyword.Type:  "int"
Operator:  "<"
Name.Attribute:  "lower"
Operator:  "="
Literal.Number.Integer:  "0"
Punctuation:  ","
Name.Attribute:  "upper"
Operator:  "="
Name.Variable:  "n"
Operator:  ">"
Text:  " "
Name.Variable:  "idx"
Punctuation:  "["
Name.Variable:  "m"
Punctuation:  "];"
Text:  "      "
Comment.Single:  "// Patient corresponding to observation"
Text:  "<newline>  "
Keyword.Type:  "vector"
Operator:  "<"
Name.Attribute:  "lower"
Operator:  "="
Literal.Number.Integer:  "0"
Operator:  ">"
Punctuation:  "["
Name.Variable:  "m"
Punctuation:  "]"
Text:  " "
Name.Variable:  "obs"
Punctuation:  ";"
Text:  "           "
Comment.Single:  "// Observed concetrations"
Text:  "<newline>  "
Keyword.Type:  "vector"
Operator:  "<"
Name.Attribute:  "lower"
Operator:  "="
Literal.Number.Integer:  "0"
Operator:  ">"
Punctuation:  "["
Name.Variable:  "n"
Punctuation:  "]"
Text:  " "
Name.Variable:  "y_guess_cen"
Punctuation:  ";"
Text:  "   "
Comment.Single:  "// Guess for central chamber conc."
Text:  "<newline>  "
Keyword.Type:  "vector"
Operator:  "<"
Name.Attribute:  "lower"
Operator:  "="
Literal.Number.Integer:  "0"
Operator:  ">"
Punctuation:  "["
Name.Variable:  "n"
Punctuation:  "]"
Text:  " "
Name.Variable:  "y_guess_per"
Punctuation:  ";"
Text:  "   "
Comment.Single:  "// Guess for peripheral chamber conc."
Text:  "<newline>"
Punctuation:  "}"
Text:  "<newline><newline>"
Name.Namespace:  "transformed data"
Text:  " "
Punctuation:  "{"
Text:  "<newline>  "
Comment.Single:  "// Reshape the data for the algebra solver."
Text:  "<newline>  "
Keyword.Type:  "vector"
Punctuation:  "["
Literal.Number.Integer:  "2"
Operator:  "*"
Name.Variable:  "n"
Punctuation:  "]"
Text:  " "
Name.Variable:  "y_guess"
Text:  " "
Operator:  "="
Text:  " "
Name.Builtin:  "append_row"
Punctuation:  "("
Name.Variable:  "y_guess_cen"
Punctuation:  ","
Text:  " "
Name.Variable:  "y_guess_per"
Punctuation:  ");"
Text:  "<newline>  "
Keyword.Type:  "real"
Text:  " "
Name.Variable:  "x_r"
Punctuation:  "["
Literal.Number.Integer:  "2"
Punctuation:  "]"
Text:  "         "
Operator:  "="
Text:  " "
Punctuation:  "{"
Text:  " "
Name.Variable:  "delta"
Punctuation:  ","
Text:  " "
Name.Variable:  "tau"
Text:  " "
Punctuation:  "};"
Text:  "<newline>  "
Keyword.Type:  "int"
Text:  "  "
Name.Variable:  "x_i"
Punctuation:  "["
Literal.Number.Integer:  "1"
Punctuation:  "]"
Text:  "         "
Operator:  "="
Text:  " "
Punctuation:  "{"
Text:  " "
Name.Variable:  "n"
Text:  " "
Punctuation:  "};"
Text:  "<newline>"
Punctuation:  "}"
Text:  "<newline><newline>"
Name.Namespace:  "parameters"
Text:  " "
Punctuation:  "{"
Text:  "<newline>  "
Keyword.Type:  "vector"
Operator:  "<"
Name.Attribute:  "lower"
Operator:  "="
Literal.Number.Integer:  "0"
Operator:  ">"
Punctuation:  "["
Name.Variable:  "n"
Punctuation:  "]"
Text:  " "
Name.Variable:  "kappa_cen"
Punctuation:  ";"
Text:  "   "
Comment.Single:  "// Dispersion from central chamber"
Text:  "<newline>  "
Keyword.Type:  "vector"
Operator:  "<"
Name.Attribute:  "lower"
Operator:  "="
Literal.Number.Integer:  "0"
Operator:  ">"
Punctuation:  "["
Name.Variable:  "n"
Punctuation:  "]"
Text:  " "
Name.Variable:  "kappa_per"
Punctuation:  ";"
Text:  "   "
Comment.Single:  "// Dispersion from peripheral chamber"
Text:  "<newline>  "
Keyword.Type:  "array"
Punctuation:  "["
Name.Variable:  "n"
Punctuation:  "]"
Text:  " "
Keyword.Type:  "real"
Text:  " "
Name.Variable:  "dummy_variables"
Punctuation:  ";"
Text:  "  "
Comment.Single:  "// Dummy variables"
Text:  "<newline>  "
Keyword.Type:  "complex"
Text:  " "
Name.Variable:  "complex_dummy_variable"
Punctuation:  ";"
Text:  " "
Comment.Single:  "// complex dummy variable"
Text:  "<newline>"
Punctuation:  "}"
Text:  "<newline><newline>"
Name.Namespace:  "transformed parameters"
Text:  " "
Punctuation:  "{"
Text:  "<newline>  "
Comment.Single:  "// Reshape dispersion parameters for algebra solver."
Text:  "<newline>  "
Keyword.Type:  "vector"
Punctuation:  "["
Literal.Number.Integer:  "2"
Operator:  "*"
Name.Variable:  "n"
Punctuation:  "]"
Text:  " "
Name.Variable:  "kappas"
Text:  " "
Operator:  "="
Text:  " "
Name.Builtin:  "append_row"
Punctuation:  "("
Name.Variable:  "kappa_cen"
Punctuation:  ","
Text:  " "
Name.Variable:  "kappa_per"
Punctuation:  ");"
Text:  "<newline><newline>  "
Comment.Single:  "// Get the steady-state for each patient."
Text:  "<newline>  "
Keyword.Type:  "vector"
Punctuation:  "["
Literal.Number.Integer:  "2"
Operator:  "*"
Name.Variable:  "n"
Punctuation:  "]"
Text:  " "
Name.Variable:  "y_steady"
Text:  " "
Operator:  "="
Text:  " "
Name.Builtin:  "algebra_solver"
Punctuation:  "("
Name.Variable:  "f"
Punctuation:  ","
Text:  " "
Name.Variable:  "y_guess"
Punctuation:  ","
Text:  " "
Name.Variable:  "kappas"
Punctuation:  ","
Text:  " "
Name.Variable:  "x_r"
Punctuation:  ","
Text:  " "
Name.Variable:  "x_i"
Punctuation:  ");"
Text:  "<newline>  "
Keyword.Type:  "vector"
Punctuation:  "["
Name.Variable:  "n"
Punctuation:  "]"
Text:  " "
Name.Variable:  "y_steady_cen"
Text:  " "
Operator:  "="
Text:  " "
Name.Variable:  "y_steady"
Punctuation:  "["
Operator:  ":"
Name.Variable:  "n"
Punctuation:  "];"
Text:  "<newline>  "
Keyword.Type:  "vector"
Punctuation:  "["
Name.Variable:  "n"
Punctuation:  "]"
Text:  " "
Name.Variable:  "y_steady_per"
Text:  " "
Operator:  "="
Text:  " "
Name.Variable:  "y_steady"
Punctuation:  "[("
Name.Variable:  "n"
Operator:  "+"
Literal.Number.Integer:  "1"
Punctuation:  ")"
Operator:  ":"
Punctuation:  "];"
Text:  "<newline><newline>  "
Comment.Multiline:  "/* Get the concentrations in the central chamber at each time observation,<newline>   * given the currently sampled diffusion parameters.<newline>   */"
Text:  "<newline>  "
Keyword.Type:  "vector"
Punctuation:  "["
Name.Variable:  "m"
Punctuation:  "]"
Text:  " "
Name.Variable:  "y_true"
Punctuation:  "["
Literal.Number.Integer:  "2"
Punctuation:  "]"
Text:  " "
Operator:  "="
Text:  " "
Name.Function:  "drug_conc"
Punctuation:  "("
Name.Variable:  "y_steady_cen"
Punctuation:  "["
Name.Variable:  "idx"
Punctuation:  "],"
Text:  " "
Name.Variable:  "y_steady_per"
Punctuation:  "["
Name.Variable:  "idx"
Punctuation:  "],"
Text:  "<newline>                                  "
Name.Variable:  "kappa_cen"
Punctuation:  "["
Name.Variable:  "idx"
Punctuation:  "],"
Text:  " "
Name.Variable:  "kappa_per"
Punctuation:  "["
Name.Variable:  "idx"
Punctuation:  "],"
Text:  " "
Name.Variable:  "ts"
Punctuation:  ","
Text:  " "
Name.Variable:  "m"
Punctuation:  ");"
Text:  "<newline><newline>  "
Comment.Single:  "// Add a constant to the complex dummy variable"
Text:  "<newline>  "
Name.Variable:  "complex_dummy_variable"
Text:  " "
Operator:  "+="
Text:  " "
Literal.Number.Float:  "3i"
Text:  " "
Operator:  "-"
Text:  " "
Literal.Number.Float:  "40e-3i"
Text:  " "
Operator:  "+"
Text:  " "
Literal.Number.Float:  "1e10i"
Text:  "<newline>"
Punctuation:  "}"
Text:  "<newline><newline>"
Name.Namespace:  "model"
Text:  " "
Punctuation:  "{"
Text:  "<newline>  "
Keyword.Reserved:  "target"
Text:  " "
Operator:  "+="
Text:  " "
Name.Builtin:  "normal_lpdf"
Punctuation:  "("
Name.Variable:  "kappa_cen"
Text:  " "
Punctuation:  "|"
Text:  " "
Name.Builtin:  "get_real"
Punctuation:  "("
Literal.Number.Float:  "0 + 0.0i"
Punctuation:  "),"
Text:  " "
Literal.Number.Float:  "1.0"
Operator:  "/"
Literal.Number.Integer:  "4"
Punctuation:  ")"
Text:  " "
Keyword.Reserved:  "T"
Punctuation:  "["
Literal.Number.Integer:  "0"
Punctuation:  ","
Text:  " "
Punctuation:  "];"
Text:  "<newline>  "
Keyword.Reserved:  "target"
Text:  " "
Operator:  "+="
Text:  " "
Name.Builtin:  "normal_lpdf"
Punctuation:  "("
Name.Variable:  "kappa_per"
Text:  " "
Punctuation:  "|"
Text:  " "
Name.Builtin:  "get_imag"
Punctuation:  "("
Literal.Number.Float:  "0 + 0i"
Punctuation:  "),"
Text:  " "
Keyword.Constant:  "pi"
Punctuation:  "()"
Operator:  "/"
Literal.Number.Integer:  "4"
Punctuation:  ")"
Text:  " "
Keyword.Reserved:  "T"
Punctuation:  "["
Literal.Number.Integer:  "0"
Punctuation:  ","
Text:  " "
Punctuation:  "];"
Text:  "<newline>  "
Name.Variable:  "obs"
Text:  " "
Operator:  "~"
Text:  " "
Name.Builtin:  "lognormal"
Punctuation:  "("
Name.Builtin:  "log"
Punctuation:  "("
Name.Variable:  "y_true"
Punctuation:  "["
Literal.Number.Integer:  "2"
Punctuation:  "]),"
Text:  " "
Literal.Number.Float:  "1.0"
Operator:  "/"
Literal.Number.Integer:  "4"
Punctuation:  ");"
Text:  "<newline>"
Punctuation:  "}"
Text:  "<newline><newline>"
Name.Namespace:  "generated quantities"
Text:  " "
Punctuation:  "{"
Text:  "<newline>  "
Keyword.Type:  "real"
Text:  " "
Name.Variable:  "fake_obs"
Punctuation:  "["
Name.Variable:  "m"
Punctuation:  "]"
Text:  " "
Operator:  "="
Text:  " "
Name.Builtin:  "lognormal_rng"
Punctuation:  "("
Name.Builtin:  "log"
Punctuation:  "("
Name.Variable:  "y_true"
Punctuation:  "["
Literal.Number.Integer:  "2"
Punctuation:  "]),"
Text:  " "
Literal.Number.Float:  "1.0"
Operator:  "/"
Literal.Number.Integer:  "4"
Punctuation:  ");"
Text:  "<newline>"
Punctuation:  "}"
Text:  "<newline>"
