Name.Tag:  "<"
Keyword:  "template"
Text:  " "
Name.Attribute:  "lang="
Literal.String:  "\"jade\""
Name.Tag:  ">"
Text:  "<newline>div<newline>  p "
Literal.String.Interpol:  "{{"
Text:  " "
Name.Other:  "greeting"
Text:  " "
Literal.String.Interpol:  "}}"
Text:  " World!<newline>  other-component<newline>"
Name.Tag:  "</"
Keyword:  "template"
Name.Tag:  ">"
Text:  "<newline><newline>"
Name.Tag:  "<"
Keyword:  "script"
Name.Tag:  ">"
Text:  "<newline>"
Keyword:  "import"
Text:  " "
Name.Other:  "OtherComponent"
Text:  " "
Keyword:  "from"
Text:  " "
Literal.String.Delimiter:  "'"
Literal.String.Single:  "./OtherComponent.vue"
Literal.String.Delimiter:  "'"
Text:  "<newline><newline>"
Keyword:  "export"
Text:  " "
Keyword:  "default"
Text:  " "
Punctuation:  "{"
Text:  "<newline>  "
Name.Function:  "data "
Punctuation:  "()"
Text:  " "
Punctuation:  "{"
Text:  "<newline>    "
Keyword:  "return"
Text:  " "
Punctuation:  "{"
Text:  "<newline>      "
Name.Attribute:  "greeting"
Punctuation:  ":"
Text:  " "
Literal.String.Delimiter:  "'"
Literal.String.Single:  "Hello"
Literal.String.Delimiter:  "'"
Text:  "<newline>    "
Punctuation:  "}"
Text:  "<newline>  "
Punctuation:  "},"
Text:  "<newline>  "
Name.Attribute:  "components"
Punctuation:  ":"
Text:  " "
Punctuation:  "{"
Text:  "<newline>    "
Name.Other:  "OtherComponent"
Text:  "<newline>  "
Punctuation:  "}"
Text:  "<newline>"
Punctuation:  "}"
Text:  "<newline>"
Name.Tag:  "</"
Keyword:  "script"
Name.Tag:  ">"
Text:  "<newline><newline>"
Name.Tag:  "<"
Keyword:  "style"
Text:  " "
Name.Attribute:  "lang="
Literal.String:  "\"scss\""
Name.Tag:  ">"
Text:  "<newline>  "
Name.Class:  ".vue-carousel"
Text:  " "
Punctuation:  "{"
Text:  "<newline>    "
Name.Label:  "overflow"
Punctuation:  ":"
Text:  " "
Name.Builtin:  "hidden"
Punctuation:  ";"
Text:  "<newline><newline>    "
Keyword:  "&"
Name.Decorator:  ":hover"
Text:  " "
Punctuation:  "{"
Text:  "<newline>      "
Name.Label:  "display"
Punctuation:  ":"
Text:  " "
Name.Builtin:  "none"
Punctuation:  ";"
Text:  "<newline>      "
Name.Class:  ".next"
Text:  " "
Punctuation:  "{"
Text:  "<newline>        "
Name.Label:  "display"
Punctuation:  ":"
Text:  " "
Name.Builtin:  "block"
Punctuation:  ";"
Text:  "<newline>      "
Punctuation:  "}"
Text:  "<newline>    "
Punctuation:  "}"
Text:  "<newline>  "
Punctuation:  "}"
Text:  "<newline>"
Name.Tag:  "</"
Keyword:  "style"
Name.Tag:  ">"
Text:  "<newline><newline>"
Name.Tag:  "<"
Keyword:  "style"
Text:  " "
Name.Attribute:  "lang="
Literal.String:  "\"stylus\""
Text:  " "
Name.Attribute:  "scoped"
Name.Tag:  ">"
Text:  "<newline>p<newline>  font-size 2em<newline>  text-align center<newline>"
Name.Tag:  "</"
Keyword:  "style"
Name.Tag:  ">"
Text:  "<newline><newline><newline><newline>"
Name.Tag:  "<"
Keyword:  "template"
Name.Tag:  ">"
Text:  "<newline>  "
Name.Tag:  "<p>"
Literal.String.Interpol:  "{{"
Text:  " "
Name.Other:  "greeting"
Text:  " "
Literal.String.Interpol:  "}}"
Text:  " World!"
Name.Tag:  "</p>"
Text:  "<newline>  "
Literal.String.Interpol:  "{{"
Text:  " "
Name.Other:  "message"
Text:  " "
Operator:  "|"
Text:  " "
Name.Function:  "filterA"
Punctuation:  "("
Literal.String.Delimiter:  "'"
Literal.String.Single:  "arg1"
Literal.String.Delimiter:  "'"
Punctuation:  ","
Text:  " "
Name.Other:  "arg2"
Punctuation:  ")"
Text:  " "
Literal.String.Interpol:  "}}"
Text:  "<newline>"
Name.Tag:  "</"
Keyword:  "template"
Name.Tag:  ">"
Text:  "<newline><newline>"
Name.Tag:  "<"
Keyword:  "script"
Name.Tag:  ">"
Text:  "<newline>"
Name.Other:  "module"
Punctuation:  "."
Name.Other:  "exports"
Text:  " "
Operator:  "="
Text:  " "
Punctuation:  "{"
Text:  "<newline>  "
Name.Attribute:  "data"
Punctuation:  ":"
Text:  " "
Name.Function:  "function "
Punctuation:  "()"
Text:  " "
Punctuation:  "{"
Text:  "<newline>    "
Keyword:  "return"
Text:  " "
Punctuation:  "{"
Text:  "<newline>      "
Name.Attribute:  "greeting"
Punctuation:  ":"
Text:  " "
Literal.String.Delimiter:  "'"
Literal.String.Single:  "Hello"
Literal.String.Delimiter:  "'"
Text:  "<newline>    "
Punctuation:  "}"
Text:  "<newline>  "
Punctuation:  "}"
Text:  "<newline>"
Punctuation:  "}"
Text:  "<newline>"
Name.Tag:  "</"
Keyword:  "script"
Name.Tag:  ">"
Text:  "<newline><newline>"
Name.Tag:  "<"
Keyword:  "style"
Text:  " "
Name.Attribute:  "scoped"
Name.Tag:  ">"
Text:  "<newline>"
Name.Tag:  "p"
Text:  " "
Punctuation:  "{"
Text:  "<newline>  "
Name.Label:  "font-size"
Punctuation:  ":"
Text:  " "
Literal.Number:  "2em"
Punctuation:  ";"
Text:  "<newline>  "
Name.Label:  "text-align"
Punctuation:  ":"
Text:  " "
Name.Builtin:  "center"
Punctuation:  ";"
Text:  "<newline>"
Punctuation:  "}"
Text:  "<newline>"
Name.Tag:  "</"
Keyword:  "style"
Name.Tag:  ">"
Text:  "<newline><newline>"
Name.Tag:  "<"
Keyword:  "script"
Text:  " "
Name.Attribute:  "lang="
Literal.String:  "coffee"
Name.Tag:  ">"
Text:  "<newline>  "
Name.Other:  "module"
Punctuation:  "."
Name.Other:  "exports"
Text:  " "
Operator:  "="
Text:  " "
Punctuation:  "{"
Text:  " "
Name.Attribute:  "data"
Punctuation:  ":"
Text:  " "
Operator:  "->"
Text:  " "
Punctuation:  "{"
Text:  " "
Name.Attribute:  "greeting"
Punctuation:  ":"
Text:  " "
Literal.String.Delimiter:  "'"
Literal.String.Single:  "Hello"
Literal.String.Delimiter:  "'"
Text:  " "
Punctuation:  "}"
Text:  " "
Punctuation:  "}"
Text:  "<newline>"
Name.Tag:  "</"
Keyword:  "script"
Name.Tag:  ">"
Text:  "<newline><newline>"
Name.Tag:  "<"
Keyword:  "script"
Text:  " "
Name.Attribute:  "lang="
Literal.String:  "'coffee'"
Name.Tag:  ">"
Text:  "<newline>  "
Name.Other:  "module"
Punctuation:  "."
Name.Other:  "exports"
Text:  " "
Operator:  "="
Text:  " "
Punctuation:  "{"
Text:  " "
Name.Attribute:  "data"
Punctuation:  ":"
Text:  " "
Operator:  "->"
Text:  " "
Punctuation:  "{"
Text:  " "
Name.Attribute:  "greeting"
Punctuation:  ":"
Text:  " "
Literal.String.Delimiter:  "'"
Literal.String.Single:  "Hello"
Literal.String.Delimiter:  "'"
Text:  " "
Punctuation:  "}"
Text:  " "
Punctuation:  "}"
Text:  "<newline>"
Name.Tag:  "</"
Keyword:  "script"
Name.Tag:  ">"
Text:  "<newline><newline>"
Name.Tag:  "<"
Keyword:  "script"
Text:  " "
Name.Attribute:  "lang="
Literal.String:  "\"coffee\""
Name.Tag:  ">"
Text:  "<newline>  "
Name.Other:  "module"
Punctuation:  "."
Name.Other:  "exports"
Text:  " "
Operator:  "="
Text:  " "
Punctuation:  "{"
Text:  " "
Name.Attribute:  "data"
Punctuation:  ":"
Text:  " "
Operator:  "->"
Text:  " "
Punctuation:  "{"
Text:  " "
Name.Attribute:  "greeting"
Punctuation:  ":"
Text:  " "
Literal.String.Delimiter:  "'"
Literal.String.Single:  "Hello"
Literal.String.Delimiter:  "'"
Text:  " "
Punctuation:  "}"
Text:  " "
Punctuation:  "}"
Text:  "<newline>"
Name.Tag:  "</"
Keyword:  "script"
Name.Tag:  ">"
Text:  "<newline><newline>"
Comment:  "<!-- Slot Shorthand -->"
Text:  "<newline>"
Name.Tag:  "<current-user"
Text:  " "
Name.Attribute:  "v-slot:default="
Literal.String:  "\"{ user }\""
Name.Tag:  ">"
Text:  "<newline>  {{ user.firstName }}<newline>"
Name.Tag:  "</current-user>"
Text:  "<newline>"
Name.Tag:  "<current-user"
Text:  " "
Name.Attribute:  "#default="
Literal.String:  "\"{ user }\""
Name.Tag:  ">"
Text:  "<newline>  {{ user.firstName }}<newline>"
Name.Tag:  "</current-user>"
Text:  "<newline>"
