Keyword.Declaration:  "module"
Text.Whitespace:  " "
Name:  "server-system"
Text.Whitespace:  " "
Punctuation:  "{"
Text.Whitespace:  "<newline>    "
Keyword.Declaration:  "yang-version"
Text.Whitespace:  " "
Literal.Number.Float:  "1.1"
Punctuation:  ";"
Text.Whitespace:  "<newline>    "
Keyword.Declaration:  "namespace"
Text.Whitespace:  " "
Literal.String.Double:  "\"http://autlan.dt/gribok/yang/example\""
Punctuation:  ";"
Text.Whitespace:  "<newline>    "
Keyword.Declaration:  "prefix"
Text.Whitespace:  " "
Name:  "ex"
Punctuation:  ";"
Text.Whitespace:  "<newline><newline>    "
Keyword.Declaration:  "import"
Text.Whitespace:  " "
Name:  "ietf-yang-types"
Text.Whitespace:  " "
Punctuation:  "{"
Text.Whitespace:  "<newline>      "
Keyword.Declaration:  "prefix"
Text.Whitespace:  " "
Name:  "yang"
Punctuation:  ";"
Text.Whitespace:  "<newline>      "
Keyword.Declaration:  "reference"
Text.Whitespace:  "<newline>        "
Literal.String.Double:  "\"RFC 6991: Common YANG Data Types.\""
Punctuation:  ";"
Text.Whitespace:  "<newline>    "
Punctuation:  "}"
Text.Whitespace:  "<newline><newline>    "
Keyword.Declaration:  "organization"
Text.Whitespace:  " "
Literal.String.Double:  "\"Gribok\""
Punctuation:  ";"
Text.Whitespace:  "<newline>    "
Keyword.Declaration:  "contact"
Text.Whitespace:  " "
Literal.String.Double:  "\"gribok@example.org\""
Punctuation:  ";"
Text.Whitespace:  "<newline>    "
Keyword.Declaration:  "description"
Text.Whitespace:  "<newline>        "
Literal.String.Double:  "\"An example module\""
Punctuation:  ";"
Text.Whitespace:  "<newline><newline>    "
Keyword.Declaration:  "revision"
Text.Whitespace:  " "
Name.Label:  "2020-04-03"
Text.Whitespace:  " "
Punctuation:  "{"
Text.Whitespace:  "<newline>        "
Keyword.Declaration:  "description"
Text.Whitespace:  " "
Literal.String.Double:  "\"Example yang\""
Punctuation:  ";"
Text.Whitespace:  "<newline>    "
Punctuation:  "}"
Text.Whitespace:  "<newline><newline>    "
Comment:  "/*<newline>     * Comment for container system<newline>     */"
Text.Whitespace:  "<newline><newline>    "
Keyword.Declaration:  "container"
Text.Whitespace:  " "
Name:  "system"
Text.Whitespace:  " "
Punctuation:  "{"
Text.Whitespace:  "<newline>        "
Keyword.Declaration:  "leaf"
Text.Whitespace:  " "
Name:  "host-name"
Text.Whitespace:  " "
Punctuation:  "{"
Text.Whitespace:  "<newline>            "
Keyword.Declaration:  "type"
Text.Whitespace:  " "
Keyword.Type:  "string"
Punctuation:  ";"
Text.Whitespace:  "<newline>            "
Keyword.Declaration:  "description"
Text.Whitespace:  " "
Literal.String.Double:  "\"Hostname for this system\""
Punctuation:  ";"
Text.Whitespace:  "<newline>        "
Punctuation:  "}"
Text.Whitespace:  "<newline><newline>        "
Keyword.Declaration:  "leaf-list"
Text.Whitespace:  " "
Name:  "domain-search"
Text.Whitespace:  " "
Punctuation:  "{"
Text.Whitespace:  "<newline>            "
Keyword.Declaration:  "type"
Text.Whitespace:  " "
Keyword.Type:  "string"
Punctuation:  ";"
Text.Whitespace:  "<newline>            "
Keyword.Declaration:  "description"
Text.Whitespace:  " "
Literal.String.Double:  "\"List of domain names to search\""
Punctuation:  ";"
Text.Whitespace:  "<newline>        "
Punctuation:  "}"
Text.Whitespace:  "<newline><newline>        "
Keyword.Declaration:  "container"
Text.Whitespace:  " "
Name:  "login"
Text.Whitespace:  " "
Punctuation:  "{"
Text.Whitespace:  "<newline>            "
Keyword.Declaration:  "leaf"
Text.Whitespace:  " "
Name:  "message"
Text.Whitespace:  " "
Punctuation:  "{"
Text.Whitespace:  "<newline>                "
Keyword.Declaration:  "type"
Text.Whitespace:  " "
Keyword.Type:  "string"
Punctuation:  ";"
Text.Whitespace:  "<newline>                "
Keyword.Declaration:  "description"
Text.Whitespace:  "<newline>                    "
Literal.String.Double:  "\"Message given at start of login session\""
Punctuation:  ";"
Text.Whitespace:  "<newline>            "
Punctuation:  "}"
Text.Whitespace:  "<newline><newline>            "
Keyword.Declaration:  "list"
Text.Whitespace:  " "
Name.Constant:  "user"
Text.Whitespace:  " "
Punctuation:  "{"
Text.Whitespace:  "<newline>                "
Keyword.Declaration:  "key"
Text.Whitespace:  " "
Literal.String.Double:  "\"name\""
Punctuation:  ";"
Text.Whitespace:  "<newline>                "
Keyword.Declaration:  "leaf"
Text.Whitespace:  " "
Name:  "name"
Text.Whitespace:  " "
Punctuation:  "{"
Text.Whitespace:  "<newline>                    "
Keyword.Declaration:  "type"
Text.Whitespace:  " "
Keyword.Type:  "string"
Punctuation:  ";"
Text.Whitespace:  "<newline>                "
Punctuation:  "}"
Text.Whitespace:  "<newline>                "
Keyword.Declaration:  "leaf"
Text.Whitespace:  " "
Name:  "uuid"
Text.Whitespace:  " "
Punctuation:  "{"
Text.Whitespace:  "<newline>                  "
Keyword.Declaration:  "type"
Text.Whitespace:  " "
Name.Namespace:  "yang"
Punctuation:  ":"
Name:  "uuid"
Punctuation:  ";"
Text.Whitespace:  "<newline>                "
Punctuation:  "}"
Text.Whitespace:  "<newline>                "
Keyword.Declaration:  "leaf"
Text.Whitespace:  " "
Name:  "full-name"
Text.Whitespace:  " "
Punctuation:  "{"
Text.Whitespace:  "<newline>                    "
Keyword.Declaration:  "type"
Text.Whitespace:  " "
Keyword.Type:  "string"
Punctuation:  ";"
Text.Whitespace:  "<newline>                    "
Keyword.Declaration:  "mandatory"
Text.Whitespace:  " "
Name.Constant:  "true"
Punctuation:  ";"
Text.Whitespace:  "<newline>                    "
Keyword.Declaration:  "description"
Text.Whitespace:  "<newline>                      "
Literal.String.Double:  "\"The full name of user  See also 'name'.  This could<newline>                       be, for example, a reference to the user name\""
Punctuation:  ";"
Text.Whitespace:  "<newline>                "
Punctuation:  "}"
Text.Whitespace:  "<newline>                "
Keyword.Declaration:  "leaf"
Text.Whitespace:  " "
Name:  "class"
Text.Whitespace:  " "
Punctuation:  "{"
Text.Whitespace:  "<newline>                    "
Keyword.Declaration:  "type"
Text.Whitespace:  " "
Keyword.Type:  "string"
Punctuation:  ";"
Text.Whitespace:  "<newline>                "
Punctuation:  "}"
Text.Whitespace:  "<newline>            "
Punctuation:  "}"
Text.Whitespace:  "<newline>        "
Punctuation:  "}"
Text.Whitespace:  "<newline>    "
Punctuation:  "}"
Text.Whitespace:  "<newline>"
Punctuation:  "}"
Text.Whitespace:  "<newline>"
